

Repair submissions in question_1


wrong_1_173.py
success_wo_mut
+---------------------+-------+
|        Metric       | Value |
+---------------------+-------+
|         time        | 2.718 |
| ol_refactoring_time | 1.993 |
|       gcr_time      | 0.333 |
|       mut_time      | 0.000 |
|     vn_map_time     | 0.041 |
|    spec_syn_time    | 0.338 |
|       syn_time      | 0.164 |
|         rps         | 0.087 |
+---------------------+-------+


wrong_1_033.py
success_wo_mut
+---------------------+-------+
|        Metric       | Value |
+---------------------+-------+
|         time        | 3.424 |
| ol_refactoring_time | 1.258 |
|       gcr_time      | 0.087 |
|       mut_time      | 0.000 |
|     vn_map_time     | 0.066 |
|    spec_syn_time    | 2.001 |
|       syn_time      | 1.496 |
|         rps         | 0.808 |
+---------------------+-------+


wrong_1_122.py
success_wo_mut
+---------------------+-------+
|        Metric       | Value |
+---------------------+-------+
|         time        | 2.355 |
| ol_refactoring_time | 1.149 |
|       gcr_time      | 0.453 |
|       mut_time      | 0.000 |
|     vn_map_time     | 0.060 |
|    spec_syn_time    | 0.679 |
|       syn_time      | 0.393 |
|         rps         | 0.205 |
+---------------------+-------+


wrong_1_062.py
structure mutation
success_w_mut
+---------------------+-------+
|        Metric       | Value |
+---------------------+-------+
|         time        | 6.743 |
| ol_refactoring_time | 5.740 |
|       gcr_time      | 0.681 |
|       mut_time      | 0.000 |
|     vn_map_time     | 0.046 |
|    spec_syn_time    | 0.260 |
|       syn_time      | 0.122 |
|         rps         | 0.871 |
+---------------------+-------+


wrong_1_240.py
success_wo_mut
+---------------------+--------+
|        Metric       | Value  |
+---------------------+--------+
|         time        | 11.715 |
| ol_refactoring_time | 1.976  |
|       gcr_time      | 0.219  |
|       mut_time      | 0.000  |
|     vn_map_time     | 0.181  |
|    spec_syn_time    | 9.323  |
|       syn_time      | 8.729  |
|         rps         | 0.594  |
+---------------------+--------+


wrong_1_300.py
success_wo_mut
+---------------------+-------+
|        Metric       | Value |
+---------------------+-------+
|         time        | 2.678 |
| ol_refactoring_time | 1.198 |
|       gcr_time      | 0.143 |
|       mut_time      | 0.000 |
|     vn_map_time     | 0.064 |
|    spec_syn_time    | 1.259 |
|       syn_time      | 0.738 |
|         rps         | 0.395 |
+---------------------+-------+


wrong_1_091.py
success_wo_mut
+---------------------+-------+
|        Metric       | Value |
+---------------------+-------+
|         time        | 2.042 |
| ol_refactoring_time | 1.178 |
|       gcr_time      | 0.284 |
|       mut_time      | 0.000 |
|     vn_map_time     | 0.074 |
|    spec_syn_time    | 0.489 |
|       syn_time      | 0.133 |
|         rps         | 0.268 |
+---------------------+-------+


wrong_1_211.py
success_wo_mut
+---------------------+-------+
|        Metric       | Value |
+---------------------+-------+
|         time        | 2.183 |
| ol_refactoring_time | 1.182 |
|       gcr_time      | 0.236 |
|       mut_time      | 0.000 |
|     vn_map_time     | 0.055 |
|    spec_syn_time    | 0.694 |
|       syn_time      | 0.390 |
|         rps         | 0.203 |
+---------------------+-------+


wrong_1_180.py
structure mutation
success_w_mut
+---------------------+-------+
|        Metric       | Value |
+---------------------+-------+
|         time        | 9.387 |
| ol_refactoring_time | 7.641 |
|       gcr_time      | 0.552 |
|       mut_time      | 0.000 |
|     vn_map_time     | 0.066 |
|    spec_syn_time    | 1.109 |
|       syn_time      | 0.725 |
|         rps         | 0.585 |
+---------------------+-------+


wrong_1_351.py
success_wo_mut
+---------------------+-------+
|        Metric       | Value |
+---------------------+-------+
|         time        | 3.395 |
| ol_refactoring_time | 1.867 |
|       gcr_time      | 0.948 |
|       mut_time      | 0.000 |
|     vn_map_time     | 0.053 |
|    spec_syn_time    | 0.517 |
|       syn_time      | 0.360 |
|         rps         | 0.043 |
+---------------------+-------+


wrong_1_056.py
success_wo_mut
+---------------------+-------+
|        Metric       | Value |
+---------------------+-------+
|         time        | 2.017 |
| ol_refactoring_time | 1.173 |
|       gcr_time      | 0.593 |
|       mut_time      | 0.000 |
|     vn_map_time     | 0.075 |
|    spec_syn_time    | 0.162 |
|       syn_time      | 0.027 |
|         rps         | 0.362 |
+---------------------+-------+


wrong_1_287.py
success_wo_mut
+---------------------+-------+
|        Metric       | Value |
+---------------------+-------+
|         time        | 2.074 |
| ol_refactoring_time | 1.182 |
|       gcr_time      | 0.218 |
|       mut_time      | 0.000 |
|     vn_map_time     | 0.042 |
|    spec_syn_time    | 0.616 |
|       syn_time      | 0.125 |
|         rps         | 0.235 |
+---------------------+-------+


wrong_1_116.py
success_wo_mut
+---------------------+-------+
|        Metric       | Value |
+---------------------+-------+
|         time        | 2.847 |
| ol_refactoring_time | 1.170 |
|       gcr_time      | 0.288 |
|       mut_time      | 0.000 |
|     vn_map_time     | 0.166 |
|    spec_syn_time    | 1.207 |
|       syn_time      | 0.528 |
|         rps         | 0.766 |
+---------------------+-------+


wrong_1_396.py
success_wo_mut
+---------------------+-------+
|        Metric       | Value |
+---------------------+-------+
|         time        | 2.536 |
| ol_refactoring_time | 1.178 |
|       gcr_time      | 0.063 |
|       mut_time      | 0.000 |
|     vn_map_time     | 0.066 |
|    spec_syn_time    | 1.217 |
|       syn_time      | 0.738 |
|         rps         | 0.794 |
+---------------------+-------+


wrong_1_007.py
success_wo_mut
+---------------------+-------+
|        Metric       | Value |
+---------------------+-------+
|         time        | 1.646 |
| ol_refactoring_time | 1.133 |
|       gcr_time      | 0.369 |
|       mut_time      | 0.000 |
|     vn_map_time     | 0.039 |
|    spec_syn_time    | 0.094 |
|       syn_time      | 0.003 |
|         rps         | 0.192 |
+---------------------+-------+


wrong_1_147.py
success_wo_mut
+---------------------+-------+
|        Metric       | Value |
+---------------------+-------+
|         time        | 3.089 |
| ol_refactoring_time | 1.134 |
|       gcr_time      | 0.509 |
|       mut_time      | 0.000 |
|     vn_map_time     | 0.058 |
|    spec_syn_time    | 1.373 |
|       syn_time      | 0.611 |
|         rps         | 0.600 |
+---------------------+-------+


wrong_1_365.py
success_wo_mut
+---------------------+-------+
|        Metric       | Value |
+---------------------+-------+
|         time        | 2.553 |
| ol_refactoring_time | 1.200 |
|       gcr_time      | 0.607 |
|       mut_time      | 0.000 |
|     vn_map_time     | 0.037 |
|    spec_syn_time    | 0.693 |
|       syn_time      | 0.204 |
|         rps         | 0.493 |
+---------------------+-------+


wrong_1_225.py
success_wo_mut
+---------------------+-------+
|        Metric       | Value |
+---------------------+-------+
|         time        | 2.523 |
| ol_refactoring_time | 1.186 |
|       gcr_time      | 1.194 |
|       mut_time      | 0.000 |
|     vn_map_time     | 0.038 |
|    spec_syn_time    | 0.094 |
|       syn_time      | 0.002 |
|         rps         | 0.103 |
+---------------------+-------+


wrong_1_334.py
success_wo_mut
+---------------------+-------+
|        Metric       | Value |
+---------------------+-------+
|         time        | 1.640 |
| ol_refactoring_time | 1.134 |
|       gcr_time      | 0.362 |
|       mut_time      | 0.000 |
|     vn_map_time     | 0.039 |
|    spec_syn_time    | 0.093 |
|       syn_time      | 0.003 |
|         rps         | 0.192 |
+---------------------+-------+


wrong_1_274.py
success_wo_mut
+---------------------+-------+
|        Metric       | Value |
+---------------------+-------+
|         time        | 1.994 |
| ol_refactoring_time | 1.138 |
|       gcr_time      | 0.503 |
|       mut_time      | 0.000 |
|     vn_map_time     | 0.065 |
|    spec_syn_time    | 0.270 |
|       syn_time      | 0.137 |
|         rps         | 0.161 |
+---------------------+-------+


wrong_1_489.py
success_wo_mut
+---------------------+-------+
|        Metric       | Value |
+---------------------+-------+
|         time        | 3.400 |
| ol_refactoring_time | 1.227 |
|       gcr_time      | 1.335 |
|       mut_time      | 0.000 |
|     vn_map_time     | 0.086 |
|    spec_syn_time    | 0.734 |
|       syn_time      | 0.444 |
|         rps         | 0.207 |
+---------------------+-------+


wrong_1_499.py
success_wo_mut
+---------------------+-------+
|        Metric       | Value |
+---------------------+-------+
|         time        | 1.521 |
| ol_refactoring_time | 1.164 |
|       gcr_time      | 0.107 |
|       mut_time      | 0.000 |
|     vn_map_time     | 0.060 |
|    spec_syn_time    | 0.173 |
|       syn_time      | 0.036 |
|         rps         | 0.091 |
+---------------------+-------+


wrong_1_264.py
success_wo_mut
+---------------------+-------+
|        Metric       | Value |
+---------------------+-------+
|         time        | 1.885 |
| ol_refactoring_time | 1.167 |
|       gcr_time      | 0.490 |
|       mut_time      | 0.000 |
|     vn_map_time     | 0.039 |
|    spec_syn_time    | 0.173 |
|       syn_time      | 0.027 |
|         rps         | 0.221 |
+---------------------+-------+


wrong_1_324.py
success_wo_mut
+---------------------+-------+
|        Metric       | Value |
+---------------------+-------+
|         time        | 1.886 |
| ol_refactoring_time | 1.194 |
|       gcr_time      | 0.021 |
|       mut_time      | 0.000 |
|     vn_map_time     | 0.067 |
|    spec_syn_time    | 0.591 |
|       syn_time      | 0.371 |
|         rps         | 0.205 |
+---------------------+-------+


wrong_1_235.py
success_wo_mut
+---------------------+-------+
|        Metric       | Value |
+---------------------+-------+
|         time        | 2.938 |
| ol_refactoring_time | 1.138 |
|       gcr_time      | 0.524 |
|       mut_time      | 0.000 |
|     vn_map_time     | 0.189 |
|    spec_syn_time    | 1.073 |
|       syn_time      | 0.727 |
|         rps         | 0.632 |
+---------------------+-------+


wrong_1_375.py
success_wo_mut
+---------------------+-------+
|        Metric       | Value |
+---------------------+-------+
|         time        | 2.589 |
| ol_refactoring_time | 1.173 |
|       gcr_time      | 0.642 |
|       mut_time      | 0.000 |
|     vn_map_time     | 0.063 |
|    spec_syn_time    | 0.699 |
|       syn_time      | 0.369 |
|         rps         | 0.429 |
+---------------------+-------+


wrong_1_157.py
success_wo_mut
+---------------------+-------+
|        Metric       | Value |
+---------------------+-------+
|         time        | 1.421 |
| ol_refactoring_time | 1.147 |
|       gcr_time      | 0.063 |
|       mut_time      | 0.000 |
|     vn_map_time     | 0.063 |
|    spec_syn_time    | 0.136 |
|       syn_time      | 0.034 |
|         rps         | 0.154 |
+---------------------+-------+


wrong_1_017.py
success_wo_mut
+---------------------+-------+
|        Metric       | Value |
+---------------------+-------+
|         time        | 1.900 |
| ol_refactoring_time | 1.146 |
|       gcr_time      | 0.042 |
|       mut_time      | 0.000 |
|     vn_map_time     | 0.049 |
|    spec_syn_time    | 0.651 |
|       syn_time      | 0.395 |
|         rps         | 0.209 |
+---------------------+-------+


wrong_1_386.py
success_wo_mut
+---------------------+-------+
|        Metric       | Value |
+---------------------+-------+
|         time        | 3.002 |
| ol_refactoring_time | 1.136 |
|       gcr_time      | 0.062 |
|       mut_time      | 0.000 |
|     vn_map_time     | 0.073 |
|    spec_syn_time    | 1.719 |
|       syn_time      | 1.213 |
|         rps         | 0.703 |
+---------------------+-------+


wrong_1_106.py
success_wo_mut
+---------------------+-------+
|        Metric       | Value |
+---------------------+-------+
|         time        | 2.408 |
| ol_refactoring_time | 1.288 |
|       gcr_time      | 0.499 |
|       mut_time      | 0.000 |
|     vn_map_time     | 0.038 |
|    spec_syn_time    | 0.567 |
|       syn_time      | 0.194 |
|         rps         | 0.288 |
+---------------------+-------+


wrong_1_297.py
success_wo_mut
+---------------------+-------+
|        Metric       | Value |
+---------------------+-------+
|         time        | 2.234 |
| ol_refactoring_time | 1.308 |
|       gcr_time      | 0.167 |
|       mut_time      | 0.000 |
|     vn_map_time     | 0.060 |
|    spec_syn_time    | 0.686 |
|       syn_time      | 0.407 |
|         rps         | 0.196 |
+---------------------+-------+


wrong_1_046.py
success_wo_mut
+---------------------+-------+
|        Metric       | Value |
+---------------------+-------+
|         time        | 3.208 |
| ol_refactoring_time | 1.261 |
|       gcr_time      | 0.198 |
|       mut_time      | 0.000 |
|     vn_map_time     | 0.054 |
|    spec_syn_time    | 1.675 |
|       syn_time      | 1.197 |
|         rps         | 0.554 |
+---------------------+-------+


wrong_1_341.py
success_wo_mut
+---------------------+-------+
|        Metric       | Value |
+---------------------+-------+
|         time        | 2.468 |
| ol_refactoring_time | 1.442 |
|       gcr_time      | 0.174 |
|       mut_time      | 0.000 |
|     vn_map_time     | 0.058 |
|    spec_syn_time    | 0.781 |
|       syn_time      | 0.447 |
|         rps         | 0.413 |
+---------------------+-------+


wrong_1_190.py
success_wo_mut
+---------------------+-------+
|        Metric       | Value |
+---------------------+-------+
|         time        | 2.892 |
| ol_refactoring_time | 1.307 |
|       gcr_time      | 0.090 |
|       mut_time      | 0.000 |
|     vn_map_time     | 0.100 |
|    spec_syn_time    | 1.382 |
|       syn_time      | 0.798 |
|         rps         | 0.600 |
+---------------------+-------+


wrong_1_201.py
success_wo_mut
+---------------------+-------+
|        Metric       | Value |
+---------------------+-------+
|         time        | 2.256 |
| ol_refactoring_time | 1.302 |
|       gcr_time      | 0.378 |
|       mut_time      | 0.000 |
|     vn_map_time     | 0.141 |
|    spec_syn_time    | 0.408 |
|       syn_time      | 0.059 |
|         rps         | 0.028 |
+---------------------+-------+


wrong_1_081.py
success_wo_mut
+---------------------+-------+
|        Metric       | Value |
+---------------------+-------+
|         time        | 3.061 |
| ol_refactoring_time | 1.364 |
|       gcr_time      | 1.617 |
|       mut_time      | 0.000 |
|     vn_map_time     | 0.055 |
|    spec_syn_time    | 0.014 |
|       syn_time      | 0.000 |
|         rps         | 0.190 |
+---------------------+-------+


wrong_1_310.py
success_wo_mut
+---------------------+-------+
|        Metric       | Value |
+---------------------+-------+
|         time        | 3.335 |
| ol_refactoring_time | 1.320 |
|       gcr_time      | 1.580 |
|       mut_time      | 0.000 |
|     vn_map_time     | 0.029 |
|    spec_syn_time    | 0.397 |
|       syn_time      | 0.140 |
|         rps         | 0.333 |
+---------------------+-------+


wrong_1_250.py
success_wo_mut
+---------------------+-------+
|        Metric       | Value |
+---------------------+-------+
|         time        | 2.884 |
| ol_refactoring_time | 1.259 |
|       gcr_time      | 0.093 |
|       mut_time      | 0.000 |
|     vn_map_time     | 0.117 |
|    spec_syn_time    | 1.402 |
|       syn_time      | 0.954 |
|         rps         | 0.679 |
+---------------------+-------+


wrong_1_072.py
success_wo_mut
+---------------------+-------+
|        Metric       | Value |
+---------------------+-------+
|         time        | 2.013 |
| ol_refactoring_time | 1.267 |
|       gcr_time      | 0.478 |
|       mut_time      | 0.000 |
|     vn_map_time     | 0.053 |
|    spec_syn_time    | 0.201 |
|       syn_time      | 0.032 |
|         rps         | 0.136 |
+---------------------+-------+


wrong_1_132.py
success_wo_mut
+---------------------+-------+
|        Metric       | Value |
+---------------------+-------+
|         time        | 3.792 |
| ol_refactoring_time | 1.277 |
|       gcr_time      | 0.221 |
|       mut_time      | 0.000 |
|     vn_map_time     | 0.063 |
|    spec_syn_time    | 2.213 |
|       syn_time      | 1.580 |
|         rps         | 0.696 |
+---------------------+-------+


wrong_1_023.py
success_wo_mut
+---------------------+-------+
|        Metric       | Value |
+---------------------+-------+
|         time        | 2.473 |
| ol_refactoring_time | 1.241 |
|       gcr_time      | 0.539 |
|       mut_time      | 0.000 |
|     vn_map_time     | 0.037 |
|    spec_syn_time    | 0.638 |
|       syn_time      | 0.180 |
|         rps         | 0.382 |
+---------------------+-------+


wrong_1_163.py
success_wo_mut
+---------------------+-------+
|        Metric       | Value |
+---------------------+-------+
|         time        | 4.773 |
| ol_refactoring_time | 1.927 |
|       gcr_time      | 0.040 |
|       mut_time      | 0.000 |
|     vn_map_time     | 0.098 |
|    spec_syn_time    | 2.692 |
|       syn_time      | 2.281 |
|         rps         | 0.716 |
+---------------------+-------+


wrong_1_003.py
success_wo_mut
+---------------------+-------+
|        Metric       | Value |
+---------------------+-------+
|         time        | 2.831 |
| ol_refactoring_time | 1.233 |
|       gcr_time      | 1.201 |
|       mut_time      | 0.000 |
|     vn_map_time     | 0.046 |
|    spec_syn_time    | 0.337 |
|       syn_time      | 0.086 |
|         rps         | 0.094 |
+---------------------+-------+


wrong_1_392.py
structure mutation
success_w_mut
+---------------------+--------+
|        Metric       | Value  |
+---------------------+--------+
|         time        | 24.897 |
| ol_refactoring_time | 18.258 |
|       gcr_time      | 4.139  |
|       mut_time      | 0.000  |
|     vn_map_time     | 0.241  |
|    spec_syn_time    | 2.221  |
|       syn_time      | 1.083  |
|         rps         | 0.818  |
+---------------------+--------+


wrong_1_143.py
success_wo_mut
+---------------------+-------+
|        Metric       | Value |
+---------------------+-------+
|         time        | 3.582 |
| ol_refactoring_time | 1.552 |
|       gcr_time      | 0.243 |
|       mut_time      | 0.000 |
|     vn_map_time     | 0.654 |
|    spec_syn_time    | 1.108 |
|       syn_time      | 0.929 |
|         rps         | 0.009 |
+---------------------+-------+


wrong_1_052.py
success_wo_mut
+---------------------+-------+
|        Metric       | Value |
+---------------------+-------+
|         time        | 1.898 |
| ol_refactoring_time | 1.246 |
|       gcr_time      | 0.174 |
|       mut_time      | 0.000 |
|     vn_map_time     | 0.160 |
|    spec_syn_time    | 0.299 |
|       syn_time      | 0.031 |
|         rps         | 0.022 |
+---------------------+-------+


wrong_1_112.py
structure mutation
success_w_mut
+---------------------+--------+
|        Metric       | Value  |
+---------------------+--------+
|         time        | 10.417 |
| ol_refactoring_time | 9.349  |
|       gcr_time      | 0.038  |
|       mut_time      | 0.000  |
|     vn_map_time     | 0.065  |
|    spec_syn_time    | 0.942  |
|       syn_time      | 0.413  |
|         rps         | 0.848  |
+---------------------+--------+


wrong_1_283.py
success_wo_mut
+---------------------+-------+
|        Metric       | Value |
+---------------------+-------+
|         time        | 2.195 |
| ol_refactoring_time | 1.357 |
|       gcr_time      | 0.141 |
|       mut_time      | 0.000 |
|     vn_map_time     | 0.046 |
|    spec_syn_time    | 0.635 |
|       syn_time      | 0.276 |
|         rps         | 0.056 |
+---------------------+-------+


wrong_1_330.py
success_wo_mut
+---------------------+-------+
|        Metric       | Value |
+---------------------+-------+
|         time        | 3.720 |
| ol_refactoring_time | 1.229 |
|       gcr_time      | 1.718 |
|       mut_time      | 0.000 |
|     vn_map_time     | 0.077 |
|    spec_syn_time    | 0.685 |
|       syn_time      | 0.372 |
|         rps         | 0.765 |
+---------------------+-------+


wrong_1_270.py
success_wo_mut
+---------------------+-------+
|        Metric       | Value |
+---------------------+-------+
|         time        | 1.880 |
| ol_refactoring_time | 1.140 |
|       gcr_time      | 0.063 |
|       mut_time      | 0.000 |
|     vn_map_time     | 0.149 |
|    spec_syn_time    | 0.514 |
|       syn_time      | 0.401 |
|         rps         | 0.038 |
+---------------------+-------+


wrong_1_361.py
success_wo_mut
+---------------------+-------+
|        Metric       | Value |
+---------------------+-------+
|         time        | 1.622 |
| ol_refactoring_time | 1.292 |
|       gcr_time      | 0.096 |
|       mut_time      | 0.000 |
|     vn_map_time     | 0.038 |
|    spec_syn_time    | 0.182 |
|       syn_time      | 0.032 |
|         rps         | 0.143 |
+---------------------+-------+


wrong_1_221.py
success_wo_mut
+---------------------+-------+
|        Metric       | Value |
+---------------------+-------+
|         time        | 2.938 |
| ol_refactoring_time | 1.173 |
|       gcr_time      | 1.712 |
|       mut_time      | 0.000 |
|     vn_map_time     | 0.030 |
|    spec_syn_time    | 0.012 |
|       syn_time      | 0.000 |
|         rps         | 0.300 |
+---------------------+-------+


wrong_1_126.py
success_wo_mut
+---------------------+-------+
|        Metric       | Value |
+---------------------+-------+
|         time        | 2.136 |
| ol_refactoring_time | 1.234 |
|       gcr_time      | 0.238 |
|       mut_time      | 0.000 |
|     vn_map_time     | 0.040 |
|    spec_syn_time    | 0.608 |
|       syn_time      | 0.181 |
|         rps         | 0.383 |
+---------------------+-------+


wrong_1_066.py
success_wo_mut
+---------------------+-------+
|        Metric       | Value |
+---------------------+-------+
|         time        | 3.093 |
| ol_refactoring_time | 1.181 |
|       gcr_time      | 0.180 |
|       mut_time      | 0.000 |
|     vn_map_time     | 0.054 |
|    spec_syn_time    | 1.661 |
|       syn_time      | 1.138 |
|         rps         | 0.585 |
+---------------------+-------+


wrong_1_177.py
success_wo_mut
+---------------------+-------+
|        Metric       | Value |
+---------------------+-------+
|         time        | 1.771 |
| ol_refactoring_time | 1.195 |
|       gcr_time      | 0.288 |
|       mut_time      | 0.000 |
|     vn_map_time     | 0.041 |
|    spec_syn_time    | 0.233 |
|       syn_time      | 0.126 |
|         rps         | 0.021 |
+---------------------+-------+


wrong_1_037.py
success_wo_mut
+---------------------+-------+
|        Metric       | Value |
+---------------------+-------+
|         time        | 2.405 |
| ol_refactoring_time | 1.192 |
|       gcr_time      | 0.464 |
|       mut_time      | 0.000 |
|     vn_map_time     | 0.037 |
|    spec_syn_time    | 0.700 |
|       syn_time      | 0.279 |
|         rps         | 0.500 |
+---------------------+-------+


wrong_1_184.py
success_wo_mut
+---------------------+-------+
|        Metric       | Value |
+---------------------+-------+
|         time        | 2.177 |
| ol_refactoring_time | 1.233 |
|       gcr_time      | 0.606 |
|       mut_time      | 0.000 |
|     vn_map_time     | 0.065 |
|    spec_syn_time    | 0.261 |
|       syn_time      | 0.007 |
|         rps         | 0.682 |
+---------------------+-------+


wrong_1_215.py
success_wo_mut
+---------------------+-------+
|        Metric       | Value |
+---------------------+-------+
|         time        | 1.855 |
| ol_refactoring_time | 1.212 |
|       gcr_time      | 0.411 |
|       mut_time      | 0.000 |
|     vn_map_time     | 0.043 |
|    spec_syn_time    | 0.173 |
|       syn_time      | 0.036 |
|         rps         | 0.080 |
+---------------------+-------+


wrong_1_355.py
success_wo_mut
+---------------------+--------+
|        Metric       | Value  |
+---------------------+--------+
|         time        | 55.319 |
| ol_refactoring_time | 1.207  |
|       gcr_time      | 0.098  |
|       mut_time      | 0.000  |
|     vn_map_time     | 14.025 |
|    spec_syn_time    | 39.977 |
|       syn_time      | 11.575 |
|         rps         | 0.048  |
+---------------------+--------+


wrong_1_244.py
success_wo_mut
+---------------------+-------+
|        Metric       | Value |
+---------------------+-------+
|         time        | 2.953 |
| ol_refactoring_time | 1.224 |
|       gcr_time      | 1.669 |
|       mut_time      | 0.000 |
|     vn_map_time     | 0.038 |
|    spec_syn_time    | 0.013 |
|       syn_time      | 0.000 |
|         rps         | 0.167 |
+---------------------+-------+


wrong_1_095.py
success_wo_mut
+---------------------+-------+
|        Metric       | Value |
+---------------------+-------+
|         time        | 2.566 |
| ol_refactoring_time | 1.283 |
|       gcr_time      | 0.049 |
|       mut_time      | 0.000 |
|     vn_map_time     | 0.056 |
|    spec_syn_time    | 1.162 |
|       syn_time      | 0.642 |
|         rps         | 0.545 |
+---------------------+-------+


wrong_1_304.py
success_wo_mut
+---------------------+-------+
|        Metric       | Value |
+---------------------+-------+
|         time        | 1.655 |
| ol_refactoring_time | 1.191 |
|       gcr_time      | 0.136 |
|       mut_time      | 0.000 |
|     vn_map_time     | 0.087 |
|    spec_syn_time    | 0.223 |
|       syn_time      | 0.005 |
|         rps         | 0.197 |
+---------------------+-------+


wrong_1_314.py
success_wo_mut
+---------------------+-------+
|        Metric       | Value |
+---------------------+-------+
|         time        | 2.216 |
| ol_refactoring_time | 1.142 |
|       gcr_time      | 0.312 |
|       mut_time      | 0.000 |
|     vn_map_time     | 0.044 |
|    spec_syn_time    | 0.704 |
|       syn_time      | 0.263 |
|         rps         | 0.333 |
+---------------------+-------+


wrong_1_085.py
success_wo_mut
+---------------------+-------+
|        Metric       | Value |
+---------------------+-------+
|         time        | 1.533 |
| ol_refactoring_time | 1.154 |
|       gcr_time      | 0.180 |
|       mut_time      | 0.000 |
|     vn_map_time     | 0.040 |
|    spec_syn_time    | 0.147 |
|       syn_time      | 0.035 |
|         rps         | 0.070 |
+---------------------+-------+


wrong_1_254.py
structure mutation
success_w_mut
+---------------------+--------+
|        Metric       | Value  |
+---------------------+--------+
|         time        | 46.126 |
| ol_refactoring_time | 10.486 |
|       gcr_time      | 2.276  |
|       mut_time      | 0.000  |
|     vn_map_time     | 0.089  |
|    spec_syn_time    | 33.236 |
|       syn_time      | 31.691 |
|         rps         | 0.550  |
+---------------------+--------+


wrong_1_345.py
success_wo_mut
+---------------------+-------+
|        Metric       | Value |
+---------------------+-------+
|         time        | 1.981 |
| ol_refactoring_time | 1.684 |
|       gcr_time      | 0.094 |
|       mut_time      | 0.000 |
|     vn_map_time     | 0.043 |
|    spec_syn_time    | 0.147 |
|       syn_time      | 0.033 |
|         rps         | 0.113 |
+---------------------+-------+


wrong_1_205.py
success_wo_mut
+---------------------+-------+
|        Metric       | Value |
+---------------------+-------+
|         time        | 3.972 |
| ol_refactoring_time | 1.142 |
|       gcr_time      | 2.340 |
|       mut_time      | 0.000 |
|     vn_map_time     | 0.037 |
|    spec_syn_time    | 0.440 |
|       syn_time      | 0.131 |
|         rps         | 0.556 |
+---------------------+-------+


wrong_1_194.py
success_wo_mut
+---------------------+-------+
|        Metric       | Value |
+---------------------+-------+
|         time        | 1.468 |
| ol_refactoring_time | 1.169 |
|       gcr_time      | 0.122 |
|       mut_time      | 0.000 |
|     vn_map_time     | 0.063 |
|    spec_syn_time    | 0.101 |
|       syn_time      | 0.003 |
|         rps         | 0.081 |
+---------------------+-------+


wrong_1_027.py
success_wo_mut
+---------------------+-------+
|        Metric       | Value |
+---------------------+-------+
|         time        | 1.707 |
| ol_refactoring_time | 1.125 |
|       gcr_time      | 0.380 |
|       mut_time      | 0.000 |
|     vn_map_time     | 0.053 |
|    spec_syn_time    | 0.136 |
|       syn_time      | 0.033 |
|         rps         | 0.150 |
+---------------------+-------+


wrong_1_167.py
success_wo_mut
+---------------------+-------+
|        Metric       | Value |
+---------------------+-------+
|         time        | 1.497 |
| ol_refactoring_time | 1.157 |
|       gcr_time      | 0.134 |
|       mut_time      | 0.000 |
|     vn_map_time     | 0.051 |
|    spec_syn_time    | 0.143 |
|       syn_time      | 0.034 |
|         rps         | 0.128 |
+---------------------+-------+


wrong_1_076.py
success_wo_mut
+---------------------+-------+
|        Metric       | Value |
+---------------------+-------+
|         time        | 2.834 |
| ol_refactoring_time | 1.133 |
|       gcr_time      | 0.048 |
|       mut_time      | 0.000 |
|     vn_map_time     | 0.067 |
|    spec_syn_time    | 1.575 |
|       syn_time      | 0.655 |
|         rps         | 0.343 |
+---------------------+-------+


wrong_1_136.py
success_wo_mut
+---------------------+-------+
|        Metric       | Value |
+---------------------+-------+
|         time        | 3.251 |
| ol_refactoring_time | 1.133 |
|       gcr_time      | 1.535 |
|       mut_time      | 0.000 |
|     vn_map_time     | 0.055 |
|    spec_syn_time    | 0.517 |
|       syn_time      | 0.359 |
|         rps         | 0.263 |
+---------------------+-------+


wrong_1_231.py
success_wo_mut
+---------------------+-------+
|        Metric       | Value |
+---------------------+-------+
|         time        | 2.479 |
| ol_refactoring_time | 1.129 |
|       gcr_time      | 0.639 |
|       mut_time      | 0.000 |
|     vn_map_time     | 0.040 |
|    spec_syn_time    | 0.656 |
|       syn_time      | 0.223 |
|         rps         | 0.500 |
+---------------------+-------+


wrong_1_371.py
structure mutation
success_w_mut
+---------------------+--------+
|        Metric       | Value  |
+---------------------+--------+
|         time        | 21.734 |
| ol_refactoring_time | 16.745 |
|       gcr_time      | 2.659  |
|       mut_time      | 0.000  |
|     vn_map_time     | 0.114  |
|    spec_syn_time    | 2.182  |
|       syn_time      | 1.119  |
|         rps         | 0.832  |
+---------------------+--------+


wrong_1_260.py
success_wo_mut
+---------------------+-------+
|        Metric       | Value |
+---------------------+-------+
|         time        | 3.276 |
| ol_refactoring_time | 1.829 |
|       gcr_time      | 1.151 |
|       mut_time      | 0.000 |
|     vn_map_time     | 0.040 |
|    spec_syn_time    | 0.245 |
|       syn_time      | 0.117 |
|         rps         | 0.115 |
+---------------------+-------+


wrong_1_320.py
success_wo_mut
+---------------------+-------+
|        Metric       | Value |
+---------------------+-------+
|         time        | 2.473 |
| ol_refactoring_time | 1.143 |
|       gcr_time      | 1.171 |
|       mut_time      | 0.000 |
|     vn_map_time     | 0.054 |
|    spec_syn_time    | 0.094 |
|       syn_time      | 0.002 |
|         rps         | 0.190 |
+---------------------+-------+


wrong_1_293.py
success_wo_mut
+---------------------+-------+
|        Metric       | Value |
+---------------------+-------+
|         time        | 2.712 |
| ol_refactoring_time | 1.145 |
|       gcr_time      | 0.311 |
|       mut_time      | 0.000 |
|     vn_map_time     | 0.063 |
|    spec_syn_time    | 1.182 |
|       syn_time      | 0.729 |
|         rps         | 0.312 |
+---------------------+-------+


wrong_1_102.py
success_wo_mut
+---------------------+-------+
|        Metric       | Value |
+---------------------+-------+
|         time        | 1.652 |
| ol_refactoring_time | 1.126 |
|       gcr_time      | 0.205 |
|       mut_time      | 0.000 |
|     vn_map_time     | 0.058 |
|    spec_syn_time    | 0.247 |
|       syn_time      | 0.042 |
|         rps         | 0.156 |
+---------------------+-------+


wrong_1_042.py
success_wo_mut
+---------------------+-------+
|        Metric       | Value |
+---------------------+-------+
|         time        | 2.381 |
| ol_refactoring_time | 1.159 |
|       gcr_time      | 0.419 |
|       mut_time      | 0.000 |
|     vn_map_time     | 0.040 |
|    spec_syn_time    | 0.748 |
|       syn_time      | 0.256 |
|         rps         | 0.404 |
+---------------------+-------+


wrong_1_153.py
success_wo_mut
+---------------------+-------+
|        Metric       | Value |
+---------------------+-------+
|         time        | 1.578 |
| ol_refactoring_time | 1.135 |
|       gcr_time      | 0.369 |
|       mut_time      | 0.000 |
|     vn_map_time     | 0.039 |
|    spec_syn_time    | 0.022 |
|       syn_time      | 0.000 |
|         rps         | 0.039 |
+---------------------+-------+


wrong_1_382.py
success_wo_mut
+---------------------+-------+
|        Metric       | Value |
+---------------------+-------+
|         time        | 2.885 |
| ol_refactoring_time | 1.130 |
|       gcr_time      | 0.073 |
|       mut_time      | 0.000 |
|     vn_map_time     | 0.070 |
|    spec_syn_time    | 1.599 |
|       syn_time      | 1.068 |
|         rps         | 0.786 |
+---------------------+-------+


wrong_1_013.py
success_wo_mut
+---------------------+-------+
|        Metric       | Value |
+---------------------+-------+
|         time        | 3.594 |
| ol_refactoring_time | 1.139 |
|       gcr_time      | 1.866 |
|       mut_time      | 0.000 |
|     vn_map_time     | 0.056 |
|    spec_syn_time    | 0.523 |
|       syn_time      | 0.360 |
|         rps         | 0.458 |
+---------------------+-------+


wrong_1_393.py
success_wo_mut
+---------------------+-------+
|        Metric       | Value |
+---------------------+-------+
|         time        | 1.578 |
| ol_refactoring_time | 1.135 |
|       gcr_time      | 0.056 |
|       mut_time      | 0.000 |
|     vn_map_time     | 0.037 |
|    spec_syn_time    | 0.335 |
|       syn_time      | 0.015 |
|         rps         | 0.057 |
+---------------------+-------+


wrong_1_002.py
success_wo_mut
+---------------------+-------+
|        Metric       | Value |
+---------------------+-------+
|         time        | 2.541 |
| ol_refactoring_time | 1.162 |
|       gcr_time      | 1.201 |
|       mut_time      | 0.000 |
|     vn_map_time     | 0.058 |
|    spec_syn_time    | 0.109 |
|       syn_time      | 0.008 |
|         rps         | 0.138 |
+---------------------+-------+


wrong_1_142.py
structure mutation
success_w_mut
+---------------------+--------+
|        Metric       | Value  |
+---------------------+--------+
|         time        | 25.262 |
| ol_refactoring_time | 14.511 |
|       gcr_time      | 0.086  |
|       mut_time      | 0.000  |
|     vn_map_time     | 0.043  |
|    spec_syn_time    | 10.589 |
|       syn_time      | 9.211  |
|         rps         | 0.888  |
+---------------------+--------+


wrong_1_053.py
success_wo_mut
+---------------------+-------+
|        Metric       | Value |
+---------------------+-------+
|         time        | 2.184 |
| ol_refactoring_time | 1.822 |
|       gcr_time      | 0.115 |
|       mut_time      | 0.000 |
|     vn_map_time     | 0.048 |
|    spec_syn_time    | 0.186 |
|       syn_time      | 0.041 |
|         rps         | 0.018 |
+---------------------+-------+


wrong_1_282.py
success_wo_mut
+---------------------+-------+
|        Metric       | Value |
+---------------------+-------+
|         time        | 2.783 |
| ol_refactoring_time | 1.202 |
|       gcr_time      | 0.137 |
|       mut_time      | 0.000 |
|     vn_map_time     | 0.044 |
|    spec_syn_time    | 1.387 |
|       syn_time      | 0.653 |
|         rps         | 0.225 |
+---------------------+-------+


wrong_1_113.py
success_wo_mut
+---------------------+-------+
|        Metric       | Value |
+---------------------+-------+
|         time        | 1.812 |
| ol_refactoring_time | 1.193 |
|       gcr_time      | 0.399 |
|       mut_time      | 0.000 |
|     vn_map_time     | 0.048 |
|    spec_syn_time    | 0.154 |
|       syn_time      | 0.034 |
|         rps         | 0.054 |
+---------------------+-------+


wrong_1_331.py
success_wo_mut
+---------------------+-------+
|        Metric       | Value |
+---------------------+-------+
|         time        | 3.191 |
| ol_refactoring_time | 1.223 |
|       gcr_time      | 1.611 |
|       mut_time      | 0.000 |
|     vn_map_time     | 0.036 |
|    spec_syn_time    | 0.312 |
|       syn_time      | 0.141 |
|         rps         | 0.227 |
+---------------------+-------+


wrong_1_271.py
success_wo_mut
+---------------------+--------+
|        Metric       | Value  |
+---------------------+--------+
|         time        | 21.876 |
| ol_refactoring_time | 3.357  |
|       gcr_time      | 0.064  |
|       mut_time      | 0.000  |
|     vn_map_time     | 0.121  |
|    spec_syn_time    | 18.319 |
|       syn_time      | 17.697 |
|         rps         | 0.466  |
+---------------------+--------+


wrong_1_360.py
success_wo_mut
+---------------------+-------+
|        Metric       | Value |
+---------------------+-------+
|         time        | 2.358 |
| ol_refactoring_time | 1.132 |
|       gcr_time      | 0.549 |
|       mut_time      | 0.000 |
|     vn_map_time     | 0.036 |
|    spec_syn_time    | 0.623 |
|       syn_time      | 0.125 |
|         rps         | 0.271 |
+---------------------+-------+


wrong_1_220.py
success_wo_mut
+---------------------+-------+
|        Metric       | Value |
+---------------------+-------+
|         time        | 1.709 |
| ol_refactoring_time | 1.184 |
|       gcr_time      | 0.393 |
|       mut_time      | 0.000 |
|     vn_map_time     | 0.075 |
|    spec_syn_time    | 0.045 |
|       syn_time      | 0.000 |
|         rps         | 0.150 |
+---------------------+-------+


wrong_1_127.py
success_wo_mut
+---------------------+-------+
|        Metric       | Value |
+---------------------+-------+
|         time        | 2.108 |
| ol_refactoring_time | 1.201 |
|       gcr_time      | 0.239 |
|       mut_time      | 0.000 |
|     vn_map_time     | 0.044 |
|    spec_syn_time    | 0.608 |
|       syn_time      | 0.177 |
|         rps         | 0.420 |
+---------------------+-------+


wrong_1_067.py
success_wo_mut
+---------------------+-------+
|        Metric       | Value |
+---------------------+-------+
|         time        | 3.017 |
| ol_refactoring_time | 1.228 |
|       gcr_time      | 0.151 |
|       mut_time      | 0.000 |
|     vn_map_time     | 0.071 |
|    spec_syn_time    | 1.553 |
|       syn_time      | 1.153 |
|         rps         | 0.425 |
+---------------------+-------+


wrong_1_176.py
success_wo_mut
+---------------------+-------+
|        Metric       | Value |
+---------------------+-------+
|         time        | 2.304 |
| ol_refactoring_time | 1.271 |
|       gcr_time      | 0.084 |
|       mut_time      | 0.000 |
|     vn_map_time     | 0.049 |
|    spec_syn_time    | 0.885 |
|       syn_time      | 0.318 |
|         rps         | 0.800 |
+---------------------+-------+


wrong_1_036.py
success_wo_mut
+---------------------+-------+
|        Metric       | Value |
+---------------------+-------+
|         time        | 3.213 |
| ol_refactoring_time | 1.279 |
|       gcr_time      | 0.090 |
|       mut_time      | 0.000 |
|     vn_map_time     | 0.067 |
|    spec_syn_time    | 1.762 |
|       syn_time      | 1.200 |
|         rps         | 0.764 |
+---------------------+-------+


wrong_1_214.py
success_wo_mut
+---------------------+-------+
|        Metric       | Value |
+---------------------+-------+
|         time        | 3.491 |
| ol_refactoring_time | 1.220 |
|       gcr_time      | 0.645 |
|       mut_time      | 0.000 |
|     vn_map_time     | 0.108 |
|    spec_syn_time    | 1.502 |
|       syn_time      | 0.455 |
|         rps         | 0.444 |
+---------------------+-------+


wrong_1_185.py
success_wo_mut
+---------------------+-------+
|        Metric       | Value |
+---------------------+-------+
|         time        | 3.848 |
| ol_refactoring_time | 1.319 |
|       gcr_time      | 1.812 |
|       mut_time      | 0.000 |
|     vn_map_time     | 0.070 |
|    spec_syn_time    | 0.636 |
|       syn_time      | 0.371 |
|         rps         | 0.682 |
+---------------------+-------+


wrong_1_354.py
success_wo_mut
+---------------------+--------+
|        Metric       | Value  |
+---------------------+--------+
|         time        | 48.963 |
| ol_refactoring_time | 1.215  |
|       gcr_time      | 0.100  |
|       mut_time      | 0.000  |
|     vn_map_time     | 4.075  |
|    spec_syn_time    | 43.561 |
|       syn_time      | 15.142 |
|         rps         | 0.048  |
+---------------------+--------+


wrong_1_245.py
success_wo_mut
+---------------------+-------+
|        Metric       | Value |
+---------------------+-------+
|         time        | 2.140 |
| ol_refactoring_time | 1.262 |
|       gcr_time      | 0.437 |
|       mut_time      | 0.000 |
|     vn_map_time     | 0.035 |
|    spec_syn_time    | 0.394 |
|       syn_time      | 0.137 |
|         rps         | 0.308 |
+---------------------+-------+


wrong_1_305.py
success_wo_mut
+---------------------+-------+
|        Metric       | Value |
+---------------------+-------+
|         time        | 3.757 |
| ol_refactoring_time | 1.255 |
|       gcr_time      | 0.101 |
|       mut_time      | 0.000 |
|     vn_map_time     | 0.106 |
|    spec_syn_time    | 2.282 |
|       syn_time      | 1.859 |
|         rps         | 0.396 |
+---------------------+-------+


wrong_1_094.py
success_wo_mut
+---------------------+-------+
|        Metric       | Value |
+---------------------+-------+
|         time        | 2.460 |
| ol_refactoring_time | 1.190 |
|       gcr_time      | 0.003 |
|       mut_time      | 0.000 |
|     vn_map_time     | 0.054 |
|    spec_syn_time    | 1.197 |
|       syn_time      | 0.651 |
|         rps         | 0.545 |
+---------------------+-------+


wrong_1_084.py
success_wo_mut
+---------------------+-------+
|        Metric       | Value |
+---------------------+-------+
|         time        | 1.675 |
| ol_refactoring_time | 1.223 |
|       gcr_time      | 0.255 |
|       mut_time      | 0.000 |
|     vn_map_time     | 0.038 |
|    spec_syn_time    | 0.144 |
|       syn_time      | 0.035 |
|         rps         | 0.180 |
+---------------------+-------+


wrong_1_315.py
success_wo_mut
+---------------------+-------+
|        Metric       | Value |
+---------------------+-------+
|         time        | 2.592 |
| ol_refactoring_time | 1.233 |
|       gcr_time      | 1.208 |
|       mut_time      | 0.000 |
|     vn_map_time     | 0.038 |
|    spec_syn_time    | 0.102 |
|       syn_time      | 0.008 |
|         rps         | 0.148 |
+---------------------+-------+


wrong_1_255.py
structure mutation
success_w_mut
+---------------------+--------+
|        Metric       | Value  |
+---------------------+--------+
|         time        | 13.687 |
| ol_refactoring_time | 10.459 |
|       gcr_time      | 1.860  |
|       mut_time      | 0.000  |
|     vn_map_time     | 0.115  |
|    spec_syn_time    | 1.216  |
|       syn_time      | 0.782  |
|         rps         | 0.219  |
+---------------------+--------+


wrong_1_344.py
success_wo_mut
+---------------------+-------+
|        Metric       | Value |
+---------------------+-------+
|         time        | 3.226 |
| ol_refactoring_time | 1.508 |
|       gcr_time      | 0.117 |
|       mut_time      | 0.000 |
|     vn_map_time     | 0.040 |
|    spec_syn_time    | 1.545 |
|       syn_time      | 0.787 |
|         rps         | 0.755 |
+---------------------+-------+


wrong_1_195.py
success_wo_mut
+---------------------+-------+
|        Metric       | Value |
+---------------------+-------+
|         time        | 2.835 |
| ol_refactoring_time | 1.243 |
|       gcr_time      | 0.119 |
|       mut_time      | 0.000 |
|     vn_map_time     | 0.053 |
|    spec_syn_time    | 1.405 |
|       syn_time      | 0.661 |
|         rps         | 0.712 |
+---------------------+-------+


wrong_1_204.py
success_wo_mut
+---------------------+-------+
|        Metric       | Value |
+---------------------+-------+
|         time        | 2.411 |
| ol_refactoring_time | 1.274 |
|       gcr_time      | 0.246 |
|       mut_time      | 0.000 |
|     vn_map_time     | 0.054 |
|    spec_syn_time    | 0.819 |
|       syn_time      | 0.208 |
|         rps         | 0.507 |
+---------------------+-------+


wrong_1_026.py
success_wo_mut
+---------------------+-------+
|        Metric       | Value |
+---------------------+-------+
|         time        | 1.701 |
| ol_refactoring_time | 1.241 |
|       gcr_time      | 0.344 |
|       mut_time      | 0.000 |
|     vn_map_time     | 0.061 |
|    spec_syn_time    | 0.043 |
|       syn_time      | 0.000 |
|         rps         | 0.182 |
+---------------------+-------+


wrong_1_166.py
structure mutation
success_w_mut
+---------------------+--------+
|        Metric       | Value  |
+---------------------+--------+
|         time        | 33.979 |
| ol_refactoring_time | 32.940 |
|       gcr_time      | 0.147  |
|       mut_time      | 0.000  |
|     vn_map_time     | 0.069  |
|    spec_syn_time    | 0.797  |
|       syn_time      | 0.257  |
|         rps         | 0.542  |
+---------------------+--------+


wrong_1_077.py
success_wo_mut
+---------------------+-------+
|        Metric       | Value |
+---------------------+-------+
|         time        | 3.401 |
| ol_refactoring_time | 1.657 |
|       gcr_time      | 0.029 |
|       mut_time      | 0.000 |
|     vn_map_time     | 0.067 |
|    spec_syn_time    | 1.635 |
|       syn_time      | 0.685 |
|         rps         | 0.343 |
+---------------------+-------+


wrong_1_137.py
success_wo_mut
+---------------------+-------+
|        Metric       | Value |
+---------------------+-------+
|         time        | 2.255 |
| ol_refactoring_time | 1.152 |
|       gcr_time      | 0.117 |
|       mut_time      | 0.000 |
|     vn_map_time     | 0.054 |
|    spec_syn_time    | 0.919 |
|       syn_time      | 0.502 |
|         rps         | 0.727 |
+---------------------+-------+


wrong_1_230.py
success_wo_mut
+---------------------+-------+
|        Metric       | Value |
+---------------------+-------+
|         time        | 2.629 |
| ol_refactoring_time | 1.238 |
|       gcr_time      | 0.673 |
|       mut_time      | 0.000 |
|     vn_map_time     | 0.042 |
|    spec_syn_time    | 0.658 |
|       syn_time      | 0.129 |
|         rps         | 0.358 |
+---------------------+-------+


wrong_1_370.py
structure mutation
success_w_mut
+---------------------+--------+
|        Metric       | Value  |
+---------------------+--------+
|         time        | 22.803 |
| ol_refactoring_time | 17.744 |
|       gcr_time      | 2.661  |
|       mut_time      | 0.000  |
|     vn_map_time     | 0.116  |
|    spec_syn_time    | 2.245  |
|       syn_time      | 1.143  |
|         rps         | 0.832  |
+---------------------+--------+


wrong_1_261.py
success_wo_mut
+---------------------+-------+
|        Metric       | Value |
+---------------------+-------+
|         time        | 2.649 |
| ol_refactoring_time | 1.955 |
|       gcr_time      | 0.537 |
|       mut_time      | 0.000 |
|     vn_map_time     | 0.038 |
|    spec_syn_time    | 0.106 |
|       syn_time      | 0.003 |
|         rps         | 0.250 |
+---------------------+-------+


wrong_1_321.py
success_wo_mut
+---------------------+-------+
|        Metric       | Value |
+---------------------+-------+
|         time        | 2.168 |
| ol_refactoring_time | 1.165 |
|       gcr_time      | 0.338 |
|       mut_time      | 0.000 |
|     vn_map_time     | 0.054 |
|    spec_syn_time    | 0.597 |
|       syn_time      | 0.393 |
|         rps         | 0.242 |
+---------------------+-------+


wrong_1_103.py
success_wo_mut
+---------------------+-------+
|        Metric       | Value |
+---------------------+-------+
|         time        | 1.711 |
| ol_refactoring_time | 1.184 |
|       gcr_time      | 0.181 |
|       mut_time      | 0.000 |
|     vn_map_time     | 0.058 |
|    spec_syn_time    | 0.270 |
|       syn_time      | 0.046 |
|         rps         | 0.156 |
+---------------------+-------+


wrong_1_292.py
success_wo_mut
+---------------------+-------+
|        Metric       | Value |
+---------------------+-------+
|         time        | 2.570 |
| ol_refactoring_time | 1.228 |
|       gcr_time      | 0.357 |
|       mut_time      | 0.000 |
|     vn_map_time     | 0.044 |
|    spec_syn_time    | 0.930 |
|       syn_time      | 0.394 |
|         rps         | 0.419 |
+---------------------+-------+


wrong_1_043.py
success_wo_mut
+---------------------+-------+
|        Metric       | Value |
+---------------------+-------+
|         time        | 2.485 |
| ol_refactoring_time | 1.247 |
|       gcr_time      | 0.469 |
|       mut_time      | 0.000 |
|     vn_map_time     | 0.037 |
|    spec_syn_time    | 0.719 |
|       syn_time      | 0.279 |
|         rps         | 0.439 |
+---------------------+-------+


wrong_1_152.py
success_wo_mut
+---------------------+-------+
|        Metric       | Value |
+---------------------+-------+
|         time        | 3.135 |
| ol_refactoring_time | 1.244 |
|       gcr_time      | 0.097 |
|       mut_time      | 0.000 |
|     vn_map_time     | 0.065 |
|    spec_syn_time    | 1.715 |
|       syn_time      | 1.142 |
|         rps         | 0.830 |
+---------------------+-------+


wrong_1_012.py
success_wo_mut
+---------------------+-------+
|        Metric       | Value |
+---------------------+-------+
|         time        | 4.105 |
| ol_refactoring_time | 1.233 |
|       gcr_time      | 2.051 |
|       mut_time      | 0.000 |
|     vn_map_time     | 0.055 |
|    spec_syn_time    | 0.754 |
|       syn_time      | 0.404 |
|         rps         | 0.481 |
+---------------------+-------+


wrong_1_383.py
structure mutation
success_w_mut
+---------------------+--------+
|        Metric       | Value  |
+---------------------+--------+
|         time        | 24.057 |
| ol_refactoring_time | 17.767 |
|       gcr_time      | 4.090  |
|       mut_time      | 0.000  |
|     vn_map_time     | 0.449  |
|    spec_syn_time    | 1.715  |
|       syn_time      | 0.870  |
|         rps         | 0.832  |
+---------------------+--------+


wrong_1_172.py
success_wo_mut
+---------------------+-------+
|        Metric       | Value |
+---------------------+-------+
|         time        | 2.685 |
| ol_refactoring_time | 1.793 |
|       gcr_time      | 0.329 |
|       mut_time      | 0.000 |
|     vn_map_time     | 0.040 |
|    spec_syn_time    | 0.508 |
|       syn_time      | 0.199 |
|         rps         | 0.109 |
+---------------------+-------+


wrong_1_032.py
success_wo_mut
+---------------------+-------+
|        Metric       | Value |
+---------------------+-------+
|         time        | 3.648 |
| ol_refactoring_time | 1.425 |
|       gcr_time      | 0.140 |
|       mut_time      | 0.000 |
|     vn_map_time     | 0.063 |
|    spec_syn_time    | 2.003 |
|       syn_time      | 1.236 |
|         rps         | 0.692 |
+---------------------+-------+


wrong_1_123.py
success_wo_mut
+---------------------+-------+
|        Metric       | Value |
+---------------------+-------+
|         time        | 1.969 |
| ol_refactoring_time | 1.255 |
|       gcr_time      | 0.440 |
|       mut_time      | 0.000 |
|     vn_map_time     | 0.054 |
|    spec_syn_time    | 0.206 |
|       syn_time      | 0.034 |
|         rps         | 0.136 |
+---------------------+-------+


wrong_1_063.py
structure mutation
success_w_mut
+---------------------+-------+
|        Metric       | Value |
+---------------------+-------+
|         time        | 6.704 |
| ol_refactoring_time | 5.664 |
|       gcr_time      | 0.666 |
|       mut_time      | 0.000 |
|     vn_map_time     | 0.052 |
|    spec_syn_time    | 0.307 |
|       syn_time      | 0.128 |
|         rps         | 0.839 |
+---------------------+-------+


wrong_1_241.py
success_wo_mut
+---------------------+-------+
|        Metric       | Value |
+---------------------+-------+
|         time        | 3.584 |
| ol_refactoring_time | 1.816 |
|       gcr_time      | 0.503 |
|       mut_time      | 0.000 |
|     vn_map_time     | 0.192 |
|    spec_syn_time    | 1.059 |
|       syn_time      | 0.723 |
|         rps         | 0.632 |
+---------------------+-------+


wrong_1_090.py
success_wo_mut
+---------------------+-------+
|        Metric       | Value |
+---------------------+-------+
|         time        | 4.216 |
| ol_refactoring_time | 1.130 |
|       gcr_time      | 2.852 |
|       mut_time      | 0.000 |
|     vn_map_time     | 0.098 |
|    spec_syn_time    | 0.119 |
|       syn_time      | 0.006 |
|         rps         | 0.326 |
+---------------------+-------+


wrong_1_301.py
success_wo_mut
+---------------------+-------+
|        Metric       | Value |
+---------------------+-------+
|         time        | 2.371 |
| ol_refactoring_time | 1.258 |
|       gcr_time      | 0.117 |
|       mut_time      | 0.000 |
|     vn_map_time     | 0.045 |
|    spec_syn_time    | 0.935 |
|       syn_time      | 0.400 |
|         rps         | 0.827 |
+---------------------+-------+


wrong_1_181.py
structure mutation
success_w_mut
+---------------------+--------+
|        Metric       | Value  |
+---------------------+--------+
|         time        | 10.713 |
| ol_refactoring_time | 9.281  |
|       gcr_time      | 0.028  |
|       mut_time      | 0.000  |
|     vn_map_time     | 0.068  |
|    spec_syn_time    | 1.315  |
|       syn_time      | 0.807  |
|         rps         | 0.833  |
+---------------------+--------+


wrong_1_210.py
success_wo_mut
+---------------------+-------+
|        Metric       | Value |
+---------------------+-------+
|         time        | 2.804 |
| ol_refactoring_time | 1.356 |
|       gcr_time      | 0.251 |
|       mut_time      | 0.000 |
|     vn_map_time     | 0.055 |
|    spec_syn_time    | 1.122 |
|       syn_time      | 0.497 |
|         rps         | 0.392 |
+---------------------+-------+


wrong_1_350.py
success_wo_mut
+---------------------+-------+
|        Metric       | Value |
+---------------------+-------+
|         time        | 4.087 |
| ol_refactoring_time | 1.194 |
|       gcr_time      | 1.791 |
|       mut_time      | 0.000 |
|     vn_map_time     | 0.051 |
|    spec_syn_time    | 1.042 |
|       syn_time      | 0.759 |
|         rps         | 0.375 |
+---------------------+-------+


wrong_1_057.py
success_wo_mut
+---------------------+-------+
|        Metric       | Value |
+---------------------+-------+
|         time        | 1.510 |
| ol_refactoring_time | 1.214 |
|       gcr_time      | 0.078 |
|       mut_time      | 0.000 |
|     vn_map_time     | 0.046 |
|    spec_syn_time    | 0.159 |
|       syn_time      | 0.038 |
|         rps         | 0.111 |
+---------------------+-------+


wrong_1_117.py
success_wo_mut
+---------------------+-------+
|        Metric       | Value |
+---------------------+-------+
|         time        | 1.583 |
| ol_refactoring_time | 1.177 |
|       gcr_time      | 0.195 |
|       mut_time      | 0.000 |
|     vn_map_time     | 0.050 |
|    spec_syn_time    | 0.150 |
|       syn_time      | 0.029 |
|         rps         | 0.417 |
+---------------------+-------+


wrong_1_286.py
success_wo_mut
+---------------------+-------+
|        Metric       | Value |
+---------------------+-------+
|         time        | 2.304 |
| ol_refactoring_time | 1.169 |
|       gcr_time      | 0.091 |
|       mut_time      | 0.000 |
|     vn_map_time     | 0.043 |
|    spec_syn_time    | 0.985 |
|       syn_time      | 0.421 |
|         rps         | 0.500 |
+---------------------+-------+


wrong_1_006.py
structure mutation
success_w_mut
+---------------------+--------+
|        Metric       | Value  |
+---------------------+--------+
|         time        | 24.221 |
| ol_refactoring_time | 17.754 |
|       gcr_time      | 4.063  |
|       mut_time      | 0.000  |
|     vn_map_time     | 0.392  |
|    spec_syn_time    | 1.972  |
|       syn_time      | 1.026  |
|         rps         | 0.820  |
+---------------------+--------+


wrong_1_397.py
success_wo_mut
+---------------------+-------+
|        Metric       | Value |
+---------------------+-------+
|         time        | 2.693 |
| ol_refactoring_time | 1.845 |
|       gcr_time      | 0.275 |
|       mut_time      | 0.000 |
|     vn_map_time     | 0.046 |
|    spec_syn_time    | 0.510 |
|       syn_time      | 0.202 |
|         rps         | 0.350 |
+---------------------+-------+


wrong_1_146.py
success_wo_mut
+---------------------+-------+
|        Metric       | Value |
+---------------------+-------+
|         time        | 3.068 |
| ol_refactoring_time | 1.222 |
|       gcr_time      | 0.123 |
|       mut_time      | 0.000 |
|     vn_map_time     | 0.623 |
|    spec_syn_time    | 1.076 |
|       syn_time      | 0.897 |
|         rps         | 0.009 |
+---------------------+-------+


wrong_1_364.py
success_wo_mut
+---------------------+-------+
|        Metric       | Value |
+---------------------+-------+
|         time        | 1.835 |
| ol_refactoring_time | 1.240 |
|       gcr_time      | 0.388 |
|       mut_time      | 0.000 |
|     vn_map_time     | 0.037 |
|    spec_syn_time    | 0.155 |
|       syn_time      | 0.033 |
|         rps         | 0.014 |
+---------------------+-------+


wrong_1_224.py
success_wo_mut
+---------------------+-------+
|        Metric       | Value |
+---------------------+-------+
|         time        | 2.682 |
| ol_refactoring_time | 1.163 |
|       gcr_time      | 1.382 |
|       mut_time      | 0.000 |
|     vn_map_time     | 0.029 |
|    spec_syn_time    | 0.096 |
|       syn_time      | 0.002 |
|         rps         | 0.185 |
+---------------------+-------+


wrong_1_335.py
success_wo_mut
+---------------------+-------+
|        Metric       | Value |
+---------------------+-------+
|         time        | 1.672 |
| ol_refactoring_time | 1.157 |
|       gcr_time      | 0.308 |
|       mut_time      | 0.000 |
|     vn_map_time     | 0.038 |
|    spec_syn_time    | 0.152 |
|       syn_time      | 0.034 |
|         rps         | 0.167 |
+---------------------+-------+


wrong_1_275.py
success_wo_mut
+---------------------+-------+
|        Metric       | Value |
+---------------------+-------+
|         time        | 1.736 |
| ol_refactoring_time | 1.135 |
|       gcr_time      | 0.247 |
|       mut_time      | 0.000 |
|     vn_map_time     | 0.049 |
|    spec_syn_time    | 0.295 |
|       syn_time      | 0.128 |
|         rps         | 0.037 |
+---------------------+-------+


wrong_1_488.py
success_wo_mut
+---------------------+-------+
|        Metric       | Value |
+---------------------+-------+
|         time        | 2.798 |
| ol_refactoring_time | 1.129 |
|       gcr_time      | 0.940 |
|       mut_time      | 0.000 |
|     vn_map_time     | 0.063 |
|    spec_syn_time    | 0.655 |
|       syn_time      | 0.368 |
|         rps         | 0.115 |
+---------------------+-------+


wrong_1_498.py
success_wo_mut
+---------------------+-------+
|        Metric       | Value |
+---------------------+-------+
|         time        | 1.660 |
| ol_refactoring_time | 1.143 |
|       gcr_time      | 0.102 |
|       mut_time      | 0.000 |
|     vn_map_time     | 0.060 |
|    spec_syn_time    | 0.338 |
|       syn_time      | 0.077 |
|         rps         | 0.104 |
+---------------------+-------+


wrong_1_265.py
success_wo_mut
+---------------------+-------+
|        Metric       | Value |
+---------------------+-------+
|         time        | 2.000 |
| ol_refactoring_time | 1.140 |
|       gcr_time      | 0.618 |
|       mut_time      | 0.000 |
|     vn_map_time     | 0.040 |
|    spec_syn_time    | 0.184 |
|       syn_time      | 0.028 |
|         rps         | 0.192 |
+---------------------+-------+


wrong_1_325.py
success_wo_mut
+---------------------+-------+
|        Metric       | Value |
+---------------------+-------+
|         time        | 1.900 |
| ol_refactoring_time | 1.224 |
|       gcr_time      | 0.020 |
|       mut_time      | 0.000 |
|     vn_map_time     | 0.066 |
|    spec_syn_time    | 0.576 |
|       syn_time      | 0.350 |
|         rps         | 0.205 |
+---------------------+-------+


wrong_1_234.py
success_wo_mut
+---------------------+-------+
|        Metric       | Value |
+---------------------+-------+
|         time        | 2.463 |
| ol_refactoring_time | 1.134 |
|       gcr_time      | 1.166 |
|       mut_time      | 0.000 |
|     vn_map_time     | 0.052 |
|    spec_syn_time    | 0.100 |
|       syn_time      | 0.007 |
|         rps         | 0.167 |
+---------------------+-------+


wrong_1_374.py
success_wo_mut
+---------------------+-------+
|        Metric       | Value |
+---------------------+-------+
|         time        | 2.534 |
| ol_refactoring_time | 1.138 |
|       gcr_time      | 0.612 |
|       mut_time      | 0.000 |
|     vn_map_time     | 0.062 |
|    spec_syn_time    | 0.708 |
|       syn_time      | 0.372 |
|         rps         | 0.423 |
+---------------------+-------+


wrong_1_156.py
structure mutation
success_w_mut
+---------------------+--------+
|        Metric       | Value  |
+---------------------+--------+
|         time        | 21.595 |
| ol_refactoring_time | 17.803 |
|       gcr_time      | 1.753  |
|       mut_time      | 0.000  |
|     vn_map_time     | 0.058  |
|    spec_syn_time    | 1.954  |
|       syn_time      | 1.164  |
|         rps         | 0.923  |
+---------------------+--------+


wrong_1_387.py
success_wo_mut
+---------------------+-------+
|        Metric       | Value |
+---------------------+-------+
|         time        | 3.461 |
| ol_refactoring_time | 1.618 |
|       gcr_time      | 0.067 |
|       mut_time      | 0.000 |
|     vn_map_time     | 0.072 |
|    spec_syn_time    | 1.689 |
|       syn_time      | 1.147 |
|         rps         | 0.650 |
+---------------------+-------+


wrong_1_016.py
success_wo_mut
+---------------------+-------+
|        Metric       | Value |
+---------------------+-------+
|         time        | 1.954 |
| ol_refactoring_time | 1.152 |
|       gcr_time      | 0.045 |
|       mut_time      | 0.000 |
|     vn_map_time     | 0.043 |
|    spec_syn_time    | 0.701 |
|       syn_time      | 0.438 |
|         rps         | 0.233 |
+---------------------+-------+


wrong_1_296.py
success_wo_mut
+---------------------+-------+
|        Metric       | Value |
+---------------------+-------+
|         time        | 2.067 |
| ol_refactoring_time | 1.195 |
|       gcr_time      | 0.152 |
|       mut_time      | 0.000 |
|     vn_map_time     | 0.061 |
|    spec_syn_time    | 0.644 |
|       syn_time      | 0.369 |
|         rps         | 0.209 |
+---------------------+-------+


wrong_1_107.py
success_wo_mut
+---------------------+-------+
|        Metric       | Value |
+---------------------+-------+
|         time        | 2.092 |
| ol_refactoring_time | 1.296 |
|       gcr_time      | 0.570 |
|       mut_time      | 0.000 |
|     vn_map_time     | 0.035 |
|    spec_syn_time    | 0.172 |
|       syn_time      | 0.032 |
|         rps         | 0.053 |
+---------------------+-------+


wrong_1_047.py
success_wo_mut
+---------------------+-------+
|        Metric       | Value |
+---------------------+-------+
|         time        | 3.174 |
| ol_refactoring_time | 1.244 |
|       gcr_time      | 0.221 |
|       mut_time      | 0.000 |
|     vn_map_time     | 0.053 |
|    spec_syn_time    | 1.638 |
|       syn_time      | 1.109 |
|         rps         | 0.700 |
+---------------------+-------+


wrong_1_340.py
success_wo_mut
+---------------------+-------+
|        Metric       | Value |
+---------------------+-------+
|         time        | 3.629 |
| ol_refactoring_time | 1.202 |
|       gcr_time      | 0.198 |
|       mut_time      | 0.000 |
|     vn_map_time     | 0.072 |
|    spec_syn_time    | 2.141 |
|       syn_time      | 1.449 |
|         rps         | 0.790 |
+---------------------+-------+


wrong_1_200.py
structure mutation
success_w_mut
+---------------------+--------+
|        Metric       | Value  |
+---------------------+--------+
|         time        | 22.484 |
| ol_refactoring_time | 15.525 |
|       gcr_time      | 4.301  |
|       mut_time      | 0.000  |
|     vn_map_time     | 0.050  |
|    spec_syn_time    | 2.572  |
|       syn_time      | 1.456  |
|         rps         | 0.912  |
+---------------------+--------+


wrong_1_191.py
success_wo_mut
+---------------------+-------+
|        Metric       | Value |
+---------------------+-------+
|         time        | 2.376 |
| ol_refactoring_time | 1.903 |
|       gcr_time      | 0.154 |
|       mut_time      | 0.000 |
|     vn_map_time     | 0.045 |
|    spec_syn_time    | 0.260 |
|       syn_time      | 0.010 |
|         rps         | 0.175 |
+---------------------+-------+


wrong_1_311.py
success_wo_mut
+---------------------+-------+
|        Metric       | Value |
+---------------------+-------+
|         time        | 3.037 |
| ol_refactoring_time | 1.266 |
|       gcr_time      | 1.299 |
|       mut_time      | 0.000 |
|     vn_map_time     | 0.039 |
|    spec_syn_time    | 0.422 |
|       syn_time      | 0.137 |
|         rps         | 0.217 |
+---------------------+-------+


wrong_1_080.py
success_wo_mut
+---------------------+-------+
|        Metric       | Value |
+---------------------+-------+
|         time        | 1.518 |
| ol_refactoring_time | 1.212 |
|       gcr_time      | 0.083 |
|       mut_time      | 0.000 |
|     vn_map_time     | 0.062 |
|    spec_syn_time    | 0.148 |
|       syn_time      | 0.036 |
|         rps         | 0.073 |
+---------------------+-------+


wrong_1_251.py
success_wo_mut
+---------------------+-------+
|        Metric       | Value |
+---------------------+-------+
|         time        | 2.790 |
| ol_refactoring_time | 1.228 |
|       gcr_time      | 0.339 |
|       mut_time      | 0.000 |
|     vn_map_time     | 0.053 |
|    spec_syn_time    | 1.156 |
|       syn_time      | 0.471 |
|         rps         | 0.542 |
+---------------------+-------+


wrong_1_073.py
success_wo_mut
+---------------------+-------+
|        Metric       | Value |
+---------------------+-------+
|         time        | 2.823 |
| ol_refactoring_time | 1.228 |
|       gcr_time      | 0.444 |
|       mut_time      | 0.000 |
|     vn_map_time     | 0.083 |
|    spec_syn_time    | 1.055 |
|       syn_time      | 0.728 |
|         rps         | 0.341 |
+---------------------+-------+


wrong_1_133.py
success_wo_mut
+---------------------+-------+
|        Metric       | Value |
+---------------------+-------+
|         time        | 2.169 |
| ol_refactoring_time | 1.243 |
|       gcr_time      | 0.154 |
|       mut_time      | 0.000 |
|     vn_map_time     | 0.046 |
|    spec_syn_time    | 0.710 |
|       syn_time      | 0.373 |
|         rps         | 0.346 |
+---------------------+-------+


wrong_1_022.py
structure mutation
success_w_mut
+---------------------+--------+
|        Metric       | Value  |
+---------------------+--------+
|         time        | 12.121 |
| ol_refactoring_time | 10.941 |
|       gcr_time      | 0.077  |
|       mut_time      | 0.000  |
|     vn_map_time     | 0.151  |
|    spec_syn_time    | 0.931  |
|       syn_time      | 0.368  |
|         rps         | 0.911  |
+---------------------+--------+


wrong_1_162.py
structure mutation
success_w_mut
+---------------------+--------+
|        Metric       | Value  |
+---------------------+--------+
|         time        | 12.410 |
| ol_refactoring_time | 10.546 |
|       gcr_time      | 0.223  |
|       mut_time      | 0.000  |
|     vn_map_time     | 0.058  |
|    spec_syn_time    | 1.561  |
|       syn_time      | 0.562  |
|         rps         | 0.667  |
+---------------------+--------+


wrong_1_483.py
success_wo_mut
+---------------------+-------+
|        Metric       | Value |
+---------------------+-------+
|         time        | 5.729 |
| ol_refactoring_time | 1.843 |
|       gcr_time      | 1.826 |
|       mut_time      | 0.000 |
|     vn_map_time     | 0.039 |
|    spec_syn_time    | 2.011 |
|       syn_time      | 1.048 |
|         rps         | 0.355 |
+---------------------+-------+


wrong_1_470.py
success_wo_mut
+---------------------+-------+
|        Metric       | Value |
+---------------------+-------+
|         time        | 1.412 |
| ol_refactoring_time | 1.129 |
|       gcr_time      | 0.039 |
|       mut_time      | 0.000 |
|     vn_map_time     | 0.098 |
|    spec_syn_time    | 0.134 |
|       syn_time      | 0.033 |
|         rps         | 0.167 |
+---------------------+-------+


wrong_1_530.py
success_wo_mut
+---------------------+-------+
|        Metric       | Value |
+---------------------+-------+
|         time        | 1.641 |
| ol_refactoring_time | 1.120 |
|       gcr_time      | 0.374 |
|       mut_time      | 0.000 |
|     vn_map_time     | 0.080 |
|    spec_syn_time    | 0.056 |
|       syn_time      | 0.000 |
|         rps         | 0.118 |
+---------------------+-------+


wrong_1_421.py
success_wo_mut
+---------------------+-------+
|        Metric       | Value |
+---------------------+-------+
|         time        | 2.199 |
| ol_refactoring_time | 1.161 |
|       gcr_time      | 0.360 |
|       mut_time      | 0.000 |
|     vn_map_time     | 0.044 |
|    spec_syn_time    | 0.623 |
|       syn_time      | 0.249 |
|         rps         | 0.179 |
+---------------------+-------+


wrong_1_561.py
success_wo_mut
+---------------------+-------+
|        Metric       | Value |
+---------------------+-------+
|         time        | 1.419 |
| ol_refactoring_time | 1.125 |
|       gcr_time      | 0.059 |
|       mut_time      | 0.000 |
|     vn_map_time     | 0.051 |
|    spec_syn_time    | 0.171 |
|       syn_time      | 0.031 |
|         rps         | 0.229 |
+---------------------+-------+


wrong_1_555.py
structure mutation
success_w_mut
+---------------------+--------+
|        Metric       | Value  |
+---------------------+--------+
|         time        | 35.355 |
| ol_refactoring_time | 32.663 |
|       gcr_time      | 1.163  |
|       mut_time      | 0.001  |
|     vn_map_time     | 0.389  |
|    spec_syn_time    | 1.086  |
|       syn_time      | 0.240  |
|         rps         | 0.179  |
+---------------------+--------+


wrong_1_415.py
success_wo_mut
+---------------------+-------+
|        Metric       | Value |
+---------------------+-------+
|         time        | 3.515 |
| ol_refactoring_time | 1.747 |
|       gcr_time      | 0.068 |
|       mut_time      | 0.000 |
|     vn_map_time     | 0.069 |
|    spec_syn_time    | 1.618 |
|       syn_time      | 1.147 |
|         rps         | 0.737 |
+---------------------+-------+


wrong_1_504.py
structure mutation
success_w_mut
+---------------------+-------+
|        Metric       | Value |
+---------------------+-------+
|         time        | 9.253 |
| ol_refactoring_time | 7.849 |
|       gcr_time      | 0.137 |
|       mut_time      | 0.000 |
|     vn_map_time     | 0.078 |
|    spec_syn_time    | 1.169 |
|       syn_time      | 0.748 |
|         rps         | 0.604 |
+---------------------+-------+


wrong_1_444.py
success_wo_mut
+---------------------+-------+
|        Metric       | Value |
+---------------------+-------+
|         time        | 2.272 |
| ol_refactoring_time | 1.757 |
|       gcr_time      | 0.213 |
|       mut_time      | 0.000 |
|     vn_map_time     | 0.056 |
|    spec_syn_time    | 0.232 |
|       syn_time      | 0.126 |
|         rps         | 0.291 |
+---------------------+-------+


wrong_1_179.py
structure mutation
success_w_mut
+---------------------+--------+
|        Metric       | Value  |
+---------------------+--------+
|         time        | 10.266 |
| ol_refactoring_time | 8.350  |
|       gcr_time      | 0.604  |
|       mut_time      | 0.000  |
|     vn_map_time     | 0.075  |
|    spec_syn_time    | 1.218  |
|       syn_time      | 0.831  |
|         rps         | 0.605  |
+---------------------+--------+


wrong_1_039.py
success_wo_mut
+---------------------+-------+
|        Metric       | Value |
+---------------------+-------+
|         time        | 4.009 |
| ol_refactoring_time | 2.009 |
|       gcr_time      | 0.545 |
|       mut_time      | 0.000 |
|     vn_map_time     | 0.122 |
|    spec_syn_time    | 1.316 |
|       syn_time      | 0.818 |
|         rps         | 0.250 |
+---------------------+-------+


wrong_1_128.py
success_wo_mut
+---------------------+-------+
|        Metric       | Value |
+---------------------+-------+
|         time        | 2.256 |
| ol_refactoring_time | 1.272 |
|       gcr_time      | 0.286 |
|       mut_time      | 0.000 |
|     vn_map_time     | 0.040 |
|    spec_syn_time    | 0.641 |
|       syn_time      | 0.205 |
|         rps         | 0.473 |
+---------------------+-------+


wrong_1_068.py
success_wo_mut
+---------------------+-------+
|        Metric       | Value |
+---------------------+-------+
|         time        | 2.074 |
| ol_refactoring_time | 1.356 |
|       gcr_time      | 0.131 |
|       mut_time      | 0.000 |
|     vn_map_time     | 0.048 |
|    spec_syn_time    | 0.523 |
|       syn_time      | 0.274 |
|         rps         | 0.271 |
+---------------------+-------+


wrong_1_078.py
structure mutation
success_w_mut
+---------------------+--------+
|        Metric       | Value  |
+---------------------+--------+
|         time        | 15.028 |
| ol_refactoring_time | 12.911 |
|       gcr_time      | 1.944  |
|       mut_time      | 0.000  |
|     vn_map_time     | 0.115  |
|    spec_syn_time    | 0.038  |
|       syn_time      | 0.000  |
|         rps         | 0.677  |
+---------------------+--------+


wrong_1_138.py
structure mutation
success_w_mut
+---------------------+-------+
|        Metric       | Value |
+---------------------+-------+
|         time        | 7.033 |
| ol_refactoring_time | 5.856 |
|       gcr_time      | 0.271 |
|       mut_time      | 0.000 |
|     vn_map_time     | 0.059 |
|    spec_syn_time    | 0.834 |
|       syn_time      | 0.452 |
|         rps         | 2.125 |
+---------------------+-------+


wrong_1_029.py
structure mutation
success_w_mut
+---------------------+-------+
|        Metric       | Value |
+---------------------+-------+
|         time        | 9.186 |
| ol_refactoring_time | 8.401 |
|       gcr_time      | 0.668 |
|       mut_time      | 0.000 |
|     vn_map_time     | 0.063 |
|    spec_syn_time    | 0.033 |
|       syn_time      | 0.000 |
|         rps         | 0.755 |
+---------------------+-------+


wrong_1_169.py
success_wo_mut
+---------------------+-------+
|        Metric       | Value |
+---------------------+-------+
|         time        | 3.160 |
| ol_refactoring_time | 2.038 |
|       gcr_time      | 0.456 |
|       mut_time      | 0.000 |
|     vn_map_time     | 0.038 |
|    spec_syn_time    | 0.616 |
|       syn_time      | 0.259 |
|         rps         | 0.590 |
+---------------------+-------+


wrong_1_454.py
success_wo_mut
+---------------------+-------+
|        Metric       | Value |
+---------------------+-------+
|         time        | 2.076 |
| ol_refactoring_time | 1.302 |
|       gcr_time      | 0.547 |
|       mut_time      | 0.000 |
|     vn_map_time     | 0.042 |
|    spec_syn_time    | 0.173 |
|       syn_time      | 0.005 |
|         rps         | 0.250 |
+---------------------+-------+


wrong_1_514.py
structure mutation
success_w_mut
+---------------------+--------+
|        Metric       | Value  |
+---------------------+--------+
|         time        | 37.356 |
| ol_refactoring_time | 35.386 |
|       gcr_time      | 0.898  |
|       mut_time      | 0.001  |
|     vn_map_time     | 0.211  |
|    spec_syn_time    | 0.801  |
|       syn_time      | 0.063  |
|         rps         | 0.173  |
+---------------------+--------+


wrong_1_405.py
fail_other
{'001': False, '002': False, '003': False, '004': False, '005': False, '006': True, '007': False, '008': True, '009': False, '010': True, '011': True}
{'search': {'x': 'x', 'seq': 'seq', 'i': 'i', 'ref_position': 'position'}}


wrong_1_545.py
success_wo_mut
+---------------------+-------+
|        Metric       | Value |
+---------------------+-------+
|         time        | 1.681 |
| ol_refactoring_time | 1.319 |
|       gcr_time      | 0.103 |
|       mut_time      | 0.000 |
|     vn_map_time     | 0.056 |
|    spec_syn_time    | 0.187 |
|       syn_time      | 0.038 |
|         rps         | 0.031 |
+---------------------+-------+


wrong_1_571.py
success_wo_mut
+---------------------+-------+
|        Metric       | Value |
+---------------------+-------+
|         time        | 3.820 |
| ol_refactoring_time | 1.736 |
|       gcr_time      | 0.073 |
|       mut_time      | 0.000 |
|     vn_map_time     | 0.065 |
|    spec_syn_time    | 1.926 |
|       syn_time      | 1.265 |
|         rps         | 0.692 |
+---------------------+-------+


wrong_1_431.py
structure mutation
success_w_mut
+---------------------+--------+
|        Metric       | Value  |
+---------------------+--------+
|         time        | 10.485 |
| ol_refactoring_time | 8.461  |
|       gcr_time      | 0.621  |
|       mut_time      | 0.000  |
|     vn_map_time     | 0.070  |
|    spec_syn_time    | 1.314  |
|       syn_time      | 0.817  |
|         rps         | 0.698  |
+---------------------+--------+


wrong_1_520.py
success_wo_mut
+---------------------+-------+
|        Metric       | Value |
+---------------------+-------+
|         time        | 3.065 |
| ol_refactoring_time | 2.034 |
|       gcr_time      | 0.531 |
|       mut_time      | 0.000 |
|     vn_map_time     | 0.063 |
|    spec_syn_time    | 0.421 |
|       syn_time      | 0.089 |
|         rps         | 0.259 |
+---------------------+-------+


wrong_1_460.py
success_wo_mut
+---------------------+-------+
|        Metric       | Value |
+---------------------+-------+
|         time        | 2.318 |
| ol_refactoring_time | 1.368 |
|       gcr_time      | 0.110 |
|       mut_time      | 0.000 |
|     vn_map_time     | 0.056 |
|    spec_syn_time    | 0.768 |
|       syn_time      | 0.303 |
|         rps         | 0.552 |
+---------------------+-------+


wrong_1_493.py
success_wo_mut
+---------------------+-------+
|        Metric       | Value |
+---------------------+-------+
|         time        | 1.741 |
| ol_refactoring_time | 1.281 |
|       gcr_time      | 0.339 |
|       mut_time      | 0.000 |
|     vn_map_time     | 0.065 |
|    spec_syn_time    | 0.044 |
|       syn_time      | 0.000 |
|         rps         | 0.182 |
+---------------------+-------+


wrong_1_500.py
success_wo_mut
+---------------------+-------+
|        Metric       | Value |
+---------------------+-------+
|         time        | 2.515 |
| ol_refactoring_time | 1.338 |
|       gcr_time      | 1.121 |
|       mut_time      | 0.000 |
|     vn_map_time     | 0.034 |
|    spec_syn_time    | 0.012 |
|       syn_time      | 0.000 |
|         rps         | 0.077 |
+---------------------+-------+


wrong_1_440.py
structure mutation
success_w_mut
+---------------------+--------+
|        Metric       | Value  |
+---------------------+--------+
|         time        | 22.366 |
| ol_refactoring_time | 21.147 |
|       gcr_time      | 0.119  |
|       mut_time      | 0.000  |
|     vn_map_time     | 0.116  |
|    spec_syn_time    | 0.952  |
|       syn_time      | 0.431  |
|         rps         | 0.803  |
+---------------------+--------+


wrong_1_551.py
success_wo_mut
+---------------------+-------+
|        Metric       | Value |
+---------------------+-------+
|         time        | 1.973 |
| ol_refactoring_time | 1.646 |
|       gcr_time      | 0.127 |
|       mut_time      | 0.000 |
|     vn_map_time     | 0.043 |
|    spec_syn_time    | 0.140 |
|       syn_time      | 0.033 |
|         rps         | 0.128 |
+---------------------+-------+


wrong_1_411.py
success_wo_mut
+---------------------+-------+
|        Metric       | Value |
+---------------------+-------+
|         time        | 2.575 |
| ol_refactoring_time | 1.206 |
|       gcr_time      | 1.214 |
|       mut_time      | 0.000 |
|     vn_map_time     | 0.052 |
|    spec_syn_time    | 0.093 |
|       syn_time      | 0.007 |
|         rps         | 0.167 |
+---------------------+-------+


wrong_1_487.py
success_wo_mut
+---------------------+-------+
|        Metric       | Value |
+---------------------+-------+
|         time        | 1.701 |
| ol_refactoring_time | 1.285 |
|       gcr_time      | 0.202 |
|       mut_time      | 0.000 |
|     vn_map_time     | 0.067 |
|    spec_syn_time    | 0.133 |
|       syn_time      | 0.033 |
|         rps         | 0.115 |
+---------------------+-------+


wrong_1_425.py
success_wo_mut
+---------------------+-------+
|        Metric       | Value |
+---------------------+-------+
|         time        | 1.779 |
| ol_refactoring_time | 1.352 |
|       gcr_time      | 0.197 |
|       mut_time      | 0.000 |
|     vn_map_time     | 0.061 |
|    spec_syn_time    | 0.154 |
|       syn_time      | 0.033 |
|         rps         | 0.163 |
+---------------------+-------+


wrong_1_565.py
structure mutation
success_w_mut
+---------------------+--------+
|        Metric       | Value  |
+---------------------+--------+
|         time        | 10.281 |
| ol_refactoring_time | 8.336  |
|       gcr_time      | 0.563  |
|       mut_time      | 0.000  |
|     vn_map_time     | 0.066  |
|    spec_syn_time    | 1.297  |
|       syn_time      | 0.732  |
|         rps         | 0.643  |
+---------------------+--------+


wrong_1_474.py
success_wo_mut
+---------------------+-------+
|        Metric       | Value |
+---------------------+-------+
|         time        | 1.869 |
| ol_refactoring_time | 1.585 |
|       gcr_time      | 0.040 |
|       mut_time      | 0.000 |
|     vn_map_time     | 0.099 |
|    spec_syn_time    | 0.133 |
|       syn_time      | 0.033 |
|         rps         | 0.167 |
+---------------------+-------+


wrong_1_534.py
success_wo_mut
+---------------------+-------+
|        Metric       | Value |
+---------------------+-------+
|         time        | 1.689 |
| ol_refactoring_time | 1.133 |
|       gcr_time      | 0.394 |
|       mut_time      | 0.000 |
|     vn_map_time     | 0.056 |
|    spec_syn_time    | 0.095 |
|       syn_time      | 0.003 |
|         rps         | 0.217 |
+---------------------+-------+


wrong_1_398.py
success_wo_mut
+---------------------+-------+
|        Metric       | Value |
+---------------------+-------+
|         time        | 1.903 |
| ol_refactoring_time | 1.124 |
|       gcr_time      | 0.277 |
|       mut_time      | 0.000 |
|     vn_map_time     | 0.046 |
|    spec_syn_time    | 0.441 |
|       syn_time      | 0.163 |
|         rps         | 0.341 |
+---------------------+-------+


wrong_1_009.py
success_wo_mut
+---------------------+-------+
|        Metric       | Value |
+---------------------+-------+
|         time        | 3.909 |
| ol_refactoring_time | 1.171 |
|       gcr_time      | 1.992 |
|       mut_time      | 0.000 |
|     vn_map_time     | 0.057 |
|    spec_syn_time    | 0.679 |
|       syn_time      | 0.370 |
|         rps         | 0.519 |
+---------------------+-------+


wrong_1_149.py
success_wo_mut
+---------------------+-------+
|        Metric       | Value |
+---------------------+-------+
|         time        | 3.160 |
| ol_refactoring_time | 1.192 |
|       gcr_time      | 0.491 |
|       mut_time      | 0.000 |
|     vn_map_time     | 0.061 |
|    spec_syn_time    | 1.401 |
|       syn_time      | 0.612 |
|         rps         | 0.600 |
+---------------------+-------+


wrong_1_058.py
success_wo_mut
+---------------------+-------+
|        Metric       | Value |
+---------------------+-------+
|         time        | 1.434 |
| ol_refactoring_time | 1.138 |
|       gcr_time      | 0.078 |
|       mut_time      | 0.000 |
|     vn_map_time     | 0.046 |
|    spec_syn_time    | 0.157 |
|       syn_time      | 0.033 |
|         rps         | 0.053 |
+---------------------+-------+


wrong_1_289.py
success_wo_mut
+---------------------+-------+
|        Metric       | Value |
+---------------------+-------+
|         time        | 1.499 |
| ol_refactoring_time | 1.163 |
|       gcr_time      | 0.226 |
|       mut_time      | 0.000 |
|     vn_map_time     | 0.042 |
|    spec_syn_time    | 0.050 |
|       syn_time      | 0.000 |
|         rps         | 0.036 |
+---------------------+-------+


wrong_1_118.py
success_wo_mut
+---------------------+-------+
|        Metric       | Value |
+---------------------+-------+
|         time        | 1.908 |
| ol_refactoring_time | 1.123 |
|       gcr_time      | 0.423 |
|       mut_time      | 0.000 |
|     vn_map_time     | 0.054 |
|    spec_syn_time    | 0.296 |
|       syn_time      | 0.065 |
|         rps         | 0.233 |
+---------------------+-------+


wrong_1_108.py
success_wo_mut
+---------------------+-------+
|        Metric       | Value |
+---------------------+-------+
|         time        | 2.116 |
| ol_refactoring_time | 1.123 |
|       gcr_time      | 0.490 |
|       mut_time      | 0.000 |
|     vn_map_time     | 0.037 |
|    spec_syn_time    | 0.450 |
|       syn_time      | 0.160 |
|         rps         | 0.038 |
+---------------------+-------+


wrong_1_299.py
success_wo_mut
+---------------------+-------+
|        Metric       | Value |
+---------------------+-------+
|         time        | 2.267 |
| ol_refactoring_time | 1.128 |
|       gcr_time      | 0.355 |
|       mut_time      | 0.000 |
|     vn_map_time     | 0.096 |
|    spec_syn_time    | 0.676 |
|       syn_time      | 0.360 |
|         rps         | 0.317 |
+---------------------+-------+


wrong_1_048.py
success_wo_mut
+---------------------+-------+
|        Metric       | Value |
+---------------------+-------+
|         time        | 2.760 |
| ol_refactoring_time | 1.130 |
|       gcr_time      | 0.543 |
|       mut_time      | 0.000 |
|     vn_map_time     | 0.038 |
|    spec_syn_time    | 1.035 |
|       syn_time      | 0.409 |
|         rps         | 0.523 |
+---------------------+-------+


wrong_1_159.py
structure mutation
success_w_mut
+---------------------+-------+
|        Metric       | Value |
+---------------------+-------+
|         time        | 9.207 |
| ol_refactoring_time | 7.296 |
|       gcr_time      | 1.674 |
|       mut_time      | 0.000 |
|     vn_map_time     | 0.063 |
|    spec_syn_time    | 0.152 |
|       syn_time      | 0.033 |
|         rps         | 0.589 |
+---------------------+-------+


wrong_1_019.py
success_wo_mut
+---------------------+-------+
|        Metric       | Value |
+---------------------+-------+
|         time        | 2.501 |
| ol_refactoring_time | 1.704 |
|       gcr_time      | 0.143 |
|       mut_time      | 0.000 |
|     vn_map_time     | 0.046 |
|    spec_syn_time    | 0.594 |
|       syn_time      | 0.125 |
|         rps         | 0.400 |
+---------------------+-------+


wrong_1_388.py
structure mutation
success_w_mut
+---------------------+--------+
|        Metric       | Value  |
+---------------------+--------+
|         time        | 23.591 |
| ol_refactoring_time | 16.976 |
|       gcr_time      | 3.879  |
|       mut_time      | 0.000  |
|     vn_map_time     | 0.227  |
|    spec_syn_time    | 2.474  |
|       syn_time      | 1.341  |
|         rps         | 0.840  |
+---------------------+--------+


wrong_1_524.py
success_wo_mut
+---------------------+-------+
|        Metric       | Value |
+---------------------+-------+
|         time        | 3.129 |
| ol_refactoring_time | 1.806 |
|       gcr_time      | 1.156 |
|       mut_time      | 0.000 |
|     vn_map_time     | 0.054 |
|    spec_syn_time    | 0.102 |
|       syn_time      | 0.007 |
|         rps         | 0.167 |
+---------------------+-------+


wrong_1_464.py
structure mutation
success_w_mut
+---------------------+--------+
|        Metric       | Value  |
+---------------------+--------+
|         time        | 22.772 |
| ol_refactoring_time | 16.264 |
|       gcr_time      | 3.742  |
|       mut_time      | 0.000  |
|     vn_map_time     | 0.095  |
|    spec_syn_time    | 2.640  |
|       syn_time      | 1.793  |
|         rps         | 0.989  |
+---------------------+--------+


wrong_1_575.py
success_wo_mut
+---------------------+-------+
|        Metric       | Value |
+---------------------+-------+
|         time        | 2.052 |
| ol_refactoring_time | 1.780 |
|       gcr_time      | 0.146 |
|       mut_time      | 0.000 |
|     vn_map_time     | 0.046 |
|    spec_syn_time    | 0.058 |
|       syn_time      | 0.000 |
|         rps         | 0.033 |
+---------------------+-------+


wrong_1_435.py
success_wo_mut
+---------------------+-------+
|        Metric       | Value |
+---------------------+-------+
|         time        | 3.473 |
| ol_refactoring_time | 1.120 |
|       gcr_time      | 0.621 |
|       mut_time      | 0.000 |
|     vn_map_time     | 0.153 |
|    spec_syn_time    | 1.567 |
|       syn_time      | 1.232 |
|         rps         | 0.267 |
+---------------------+-------+


wrong_1_497.py
structure mutation
success_w_mut
+---------------------+-------+
|        Metric       | Value |
+---------------------+-------+
|         time        | 6.992 |
| ol_refactoring_time | 5.775 |
|       gcr_time      | 0.035 |
|       mut_time      | 0.000 |
|     vn_map_time     | 0.079 |
|    spec_syn_time    | 1.082 |
|       syn_time      | 0.731 |
|         rps         | 0.641 |
+---------------------+-------+


wrong_1_401.py
success_wo_mut
+---------------------+-------+
|        Metric       | Value |
+---------------------+-------+
|         time        | 2.513 |
| ol_refactoring_time | 1.983 |
|       gcr_time      | 0.438 |
|       mut_time      | 0.000 |
|     vn_map_time     | 0.068 |
|    spec_syn_time    | 0.014 |
|       syn_time      | 0.000 |
|         rps         | 0.200 |
+---------------------+-------+


wrong_1_541.py
success_wo_mut
+---------------------+-------+
|        Metric       | Value |
+---------------------+-------+
|         time        | 3.125 |
| ol_refactoring_time | 1.148 |
|       gcr_time      | 0.561 |
|       mut_time      | 0.000 |
|     vn_map_time     | 0.057 |
|    spec_syn_time    | 1.343 |
|       syn_time      | 0.598 |
|         rps         | 0.509 |
+---------------------+-------+


wrong_1_450.py
success_wo_mut
+---------------------+-------+
|        Metric       | Value |
+---------------------+-------+
|         time        | 2.831 |
| ol_refactoring_time | 1.245 |
|       gcr_time      | 0.955 |
|       mut_time      | 0.000 |
|     vn_map_time     | 0.053 |
|    spec_syn_time    | 0.568 |
|       syn_time      | 0.397 |
|         rps         | 0.043 |
+---------------------+-------+


wrong_1_510.py
success_wo_mut
+---------------------+-------+
|        Metric       | Value |
+---------------------+-------+
|         time        | 2.194 |
| ol_refactoring_time | 1.275 |
|       gcr_time      | 0.350 |
|       mut_time      | 0.000 |
|     vn_map_time     | 0.040 |
|    spec_syn_time    | 0.516 |
|       syn_time      | 0.164 |
|         rps         | 0.400 |
+---------------------+-------+


wrong_1_501.py
success_wo_mut
+---------------------+-------+
|        Metric       | Value |
+---------------------+-------+
|         time        | 2.267 |
| ol_refactoring_time | 1.169 |
|       gcr_time      | 0.958 |
|       mut_time      | 0.000 |
|     vn_map_time     | 0.034 |
|    spec_syn_time    | 0.094 |
|       syn_time      | 0.002 |
|         rps         | 0.071 |
+---------------------+-------+


wrong_1_441.py
success_wo_mut
+---------------------+-------+
|        Metric       | Value |
+---------------------+-------+
|         time        | 2.525 |
| ol_refactoring_time | 1.160 |
|       gcr_time      | 1.198 |
|       mut_time      | 0.000 |
|     vn_map_time     | 0.041 |
|    spec_syn_time    | 0.111 |
|       syn_time      | 0.008 |
|         rps         | 0.148 |
+---------------------+-------+


wrong_1_550.py
success_wo_mut
+---------------------+-------+
|        Metric       | Value |
+---------------------+-------+
|         time        | 1.845 |
| ol_refactoring_time | 1.282 |
|       gcr_time      | 0.190 |
|       mut_time      | 0.000 |
|     vn_map_time     | 0.062 |
|    spec_syn_time    | 0.297 |
|       syn_time      | 0.052 |
|         rps         | 0.161 |
+---------------------+-------+


wrong_1_410.py
success_wo_mut
+---------------------+-------+
|        Metric       | Value |
+---------------------+-------+
|         time        | 1.845 |
| ol_refactoring_time | 1.233 |
|       gcr_time      | 0.516 |
|       mut_time      | 0.000 |
|     vn_map_time     | 0.073 |
|    spec_syn_time    | 0.014 |
|       syn_time      | 0.000 |
|         rps         | 0.200 |
+---------------------+-------+


wrong_1_486.py
success_wo_mut
+---------------------+-------+
|        Metric       | Value |
+---------------------+-------+
|         time        | 5.630 |
| ol_refactoring_time | 1.236 |
|       gcr_time      | 1.378 |
|       mut_time      | 0.000 |
|     vn_map_time     | 0.083 |
|    spec_syn_time    | 2.923 |
|       syn_time      | 1.961 |
|         rps         | 0.172 |
+---------------------+-------+


wrong_1_424.py
success_wo_mut
+---------------------+-------+
|        Metric       | Value |
+---------------------+-------+
|         time        | 1.665 |
| ol_refactoring_time | 1.263 |
|       gcr_time      | 0.165 |
|       mut_time      | 0.000 |
|     vn_map_time     | 0.055 |
|    spec_syn_time    | 0.168 |
|       syn_time      | 0.035 |
|         rps         | 0.163 |
+---------------------+-------+


wrong_1_564.py
success_wo_mut
+---------------------+-------+
|        Metric       | Value |
+---------------------+-------+
|         time        | 2.102 |
| ol_refactoring_time | 1.224 |
|       gcr_time      | 0.076 |
|       mut_time      | 0.000 |
|     vn_map_time     | 0.092 |
|    spec_syn_time    | 0.696 |
|       syn_time      | 0.402 |
|         rps         | 0.657 |
+---------------------+-------+


wrong_1_475.py
success_wo_mut
+---------------------+-------+
|        Metric       | Value |
+---------------------+-------+
|         time        | 1.449 |
| ol_refactoring_time | 1.170 |
|       gcr_time      | 0.021 |
|       mut_time      | 0.000 |
|     vn_map_time     | 0.100 |
|    spec_syn_time    | 0.147 |
|       syn_time      | 0.035 |
|         rps         | 0.167 |
+---------------------+-------+


wrong_1_535.py
success_wo_mut
+---------------------+-------+
|        Metric       | Value |
+---------------------+-------+
|         time        | 1.938 |
| ol_refactoring_time | 1.231 |
|       gcr_time      | 0.057 |
|       mut_time      | 0.000 |
|     vn_map_time     | 0.101 |
|    spec_syn_time    | 0.536 |
|       syn_time      | 0.363 |
|         rps         | 0.029 |
+---------------------+-------+


wrong_1_008.py
success_wo_mut
+---------------------+-------+
|        Metric       | Value |
+---------------------+-------+
|         time        | 1.992 |
| ol_refactoring_time | 1.218 |
|       gcr_time      | 0.426 |
|       mut_time      | 0.000 |
|     vn_map_time     | 0.050 |
|    spec_syn_time    | 0.277 |
|       syn_time      | 0.038 |
|         rps         | 0.042 |
+---------------------+-------+


wrong_1_399.py
success_wo_mut
+---------------------+-------+
|        Metric       | Value |
+---------------------+-------+
|         time        | 1.934 |
| ol_refactoring_time | 1.214 |
|       gcr_time      | 0.291 |
|       mut_time      | 0.000 |
|     vn_map_time     | 0.046 |
|    spec_syn_time    | 0.370 |
|       syn_time      | 0.169 |
|         rps         | 0.317 |
+---------------------+-------+


wrong_1_148.py
success_wo_mut
+---------------------+-------+
|        Metric       | Value |
+---------------------+-------+
|         time        | 3.305 |
| ol_refactoring_time | 1.247 |
|       gcr_time      | 0.508 |
|       mut_time      | 0.000 |
|     vn_map_time     | 0.060 |
|    spec_syn_time    | 1.475 |
|       syn_time      | 0.630 |
|         rps         | 0.500 |
+---------------------+-------+


wrong_1_059.py
success_wo_mut
+---------------------+-------+
|        Metric       | Value |
+---------------------+-------+
|         time        | 2.932 |
| ol_refactoring_time | 1.229 |
|       gcr_time      | 0.078 |
|       mut_time      | 0.000 |
|     vn_map_time     | 0.071 |
|    spec_syn_time    | 1.542 |
|       syn_time      | 1.150 |
|         rps         | 0.780 |
+---------------------+-------+


wrong_1_119.py
success_wo_mut
+---------------------+-------+
|        Metric       | Value |
+---------------------+-------+
|         time        | 2.102 |
| ol_refactoring_time | 1.226 |
|       gcr_time      | 0.499 |
|       mut_time      | 0.000 |
|     vn_map_time     | 0.055 |
|    spec_syn_time    | 0.309 |
|       syn_time      | 0.068 |
|         rps         | 0.152 |
+---------------------+-------+


wrong_1_288.py
success_wo_mut
+---------------------+-------+
|        Metric       | Value |
+---------------------+-------+
|         time        | 2.193 |
| ol_refactoring_time | 1.251 |
|       gcr_time      | 0.233 |
|       mut_time      | 0.000 |
|     vn_map_time     | 0.045 |
|    spec_syn_time    | 0.644 |
|       syn_time      | 0.129 |
|         rps         | 0.253 |
+---------------------+-------+


wrong_1_298.py
success_wo_mut
+---------------------+-------+
|        Metric       | Value |
+---------------------+-------+
|         time        | 2.163 |
| ol_refactoring_time | 1.296 |
|       gcr_time      | 0.138 |
|       mut_time      | 0.000 |
|     vn_map_time     | 0.063 |
|    spec_syn_time    | 0.653 |
|       syn_time      | 0.382 |
|         rps         | 0.209 |
+---------------------+-------+


wrong_1_109.py
success_wo_mut
+---------------------+-------+
|        Metric       | Value |
+---------------------+-------+
|         time        | 1.891 |
| ol_refactoring_time | 1.176 |
|       gcr_time      | 0.505 |
|       mut_time      | 0.000 |
|     vn_map_time     | 0.038 |
|    spec_syn_time    | 0.159 |
|       syn_time      | 0.032 |
|         rps         | 0.019 |
+---------------------+-------+


wrong_1_049.py
success_wo_mut
+---------------------+-------+
|        Metric       | Value |
+---------------------+-------+
|         time        | 3.116 |
| ol_refactoring_time | 1.224 |
|       gcr_time      | 0.187 |
|       mut_time      | 0.000 |
|     vn_map_time     | 0.051 |
|    spec_syn_time    | 1.637 |
|       syn_time      | 1.124 |
|         rps         | 0.661 |
+---------------------+-------+


wrong_1_158.py
structure mutation
success_w_mut
+---------------------+-------+
|        Metric       | Value |
+---------------------+-------+
|         time        | 9.591 |
| ol_refactoring_time | 7.685 |
|       gcr_time      | 1.671 |
|       mut_time      | 0.000 |
|     vn_map_time     | 0.047 |
|    spec_syn_time    | 0.165 |
|       syn_time      | 0.037 |
|         rps         | 0.549 |
+---------------------+-------+


wrong_1_389.py
structure mutation
success_w_mut
+---------------------+--------+
|        Metric       | Value  |
+---------------------+--------+
|         time        | 24.760 |
| ol_refactoring_time | 18.019 |
|       gcr_time      | 4.381  |
|       mut_time      | 0.001  |
|     vn_map_time     | 0.447  |
|    spec_syn_time    | 1.873  |
|       syn_time      | 1.019  |
|         rps         | 0.808  |
+---------------------+--------+


wrong_1_018.py
success_wo_mut
+---------------------+-------+
|        Metric       | Value |
+---------------------+-------+
|         time        | 1.894 |
| ol_refactoring_time | 1.645 |
|       gcr_time      | 0.042 |
|       mut_time      | 0.000 |
|     vn_map_time     | 0.048 |
|    spec_syn_time    | 0.146 |
|       syn_time      | 0.033 |
|         rps         | 0.186 |
+---------------------+-------+


wrong_1_525.py
success_wo_mut
+---------------------+-------+
|        Metric       | Value |
+---------------------+-------+
|         time        | 3.080 |
| ol_refactoring_time | 1.221 |
|       gcr_time      | 0.069 |
|       mut_time      | 0.000 |
|     vn_map_time     | 0.108 |
|    spec_syn_time    | 1.666 |
|       syn_time      | 0.771 |
|         rps         | 0.770 |
+---------------------+-------+


wrong_1_465.py
structure mutation
success_w_mut
+---------------------+--------+
|        Metric       | Value  |
+---------------------+--------+
|         time        | 22.105 |
| ol_refactoring_time | 16.327 |
|       gcr_time      | 3.842  |
|       mut_time      | 0.000  |
|     vn_map_time     | 0.087  |
|    spec_syn_time    | 1.817  |
|       syn_time      | 0.937  |
|         rps         | 1.000  |
+---------------------+--------+


wrong_1_574.py
success_wo_mut
+---------------------+-------+
|        Metric       | Value |
+---------------------+-------+
|         time        | 2.026 |
| ol_refactoring_time | 1.740 |
|       gcr_time      | 0.146 |
|       mut_time      | 0.000 |
|     vn_map_time     | 0.046 |
|    spec_syn_time    | 0.071 |
|       syn_time      | 0.000 |
|         rps         | 0.033 |
+---------------------+-------+


wrong_1_434.py
fail_exception


wrong_1_496.py
structure mutation
fail_other
{'001': True, '002': True, '003': True, '004': True, '005': True, '006': True, '007': True, '008': True, '009': True, '010': False, '011': False}
{'search': {'x': 'x', 'seq': 'seq', 'i': 'i', 'elem': 'elem', 'length': 'buggy_length', 'ref_a': 'a'}}


wrong_1_400.py
success_wo_mut
+---------------------+-------+
|        Metric       | Value |
+---------------------+-------+
|         time        | 2.325 |
| ol_refactoring_time | 1.739 |
|       gcr_time      | 0.288 |
|       mut_time      | 0.000 |
|     vn_map_time     | 0.046 |
|    spec_syn_time    | 0.235 |
|       syn_time      | 0.117 |
|         rps         | 0.191 |
+---------------------+-------+


wrong_1_540.py
success_wo_mut
+---------------------+-------+
|        Metric       | Value |
+---------------------+-------+
|         time        | 1.515 |
| ol_refactoring_time | 1.137 |
|       gcr_time      | 0.182 |
|       mut_time      | 0.000 |
|     vn_map_time     | 0.042 |
|    spec_syn_time    | 0.142 |
|       syn_time      | 0.033 |
|         rps         | 0.068 |
+---------------------+-------+


wrong_1_451.py
success_wo_mut
+---------------------+-------+
|        Metric       | Value |
+---------------------+-------+
|         time        | 2.878 |
| ol_refactoring_time | 1.122 |
|       gcr_time      | 0.049 |
|       mut_time      | 0.000 |
|     vn_map_time     | 0.072 |
|    spec_syn_time    | 1.621 |
|       syn_time      | 1.083 |
|         rps         | 0.650 |
+---------------------+-------+


wrong_1_511.py
success_wo_mut
+---------------------+-------+
|        Metric       | Value |
+---------------------+-------+
|         time        | 3.057 |
| ol_refactoring_time | 1.128 |
|       gcr_time      | 0.176 |
|       mut_time      | 0.000 |
|     vn_map_time     | 0.055 |
|    spec_syn_time    | 1.683 |
|       syn_time      | 1.098 |
|         rps         | 0.765 |
+---------------------+-------+


wrong_1_482.py
success_wo_mut
+---------------------+-------+
|        Metric       | Value |
+---------------------+-------+
|         time        | 1.902 |
| ol_refactoring_time | 1.183 |
|       gcr_time      | 0.490 |
|       mut_time      | 0.000 |
|     vn_map_time     | 0.064 |
|    spec_syn_time    | 0.150 |
|       syn_time      | 0.034 |
|         rps         | 0.125 |
+---------------------+-------+


wrong_1_471.py
structure mutation
success_w_mut
+---------------------+-------+
|        Metric       | Value |
+---------------------+-------+
|         time        | 9.513 |
| ol_refactoring_time | 8.401 |
|       gcr_time      | 0.049 |
|       mut_time      | 0.000 |
|     vn_map_time     | 0.070 |
|    spec_syn_time    | 0.977 |
|       syn_time      | 0.370 |
|         rps         | 0.939 |
+---------------------+-------+


wrong_1_531.py
success_wo_mut
+---------------------+-------+
|        Metric       | Value |
+---------------------+-------+
|         time        | 2.966 |
| ol_refactoring_time | 1.718 |
|       gcr_time      | 0.058 |
|       mut_time      | 0.000 |
|     vn_map_time     | 0.082 |
|    spec_syn_time    | 1.096 |
|       syn_time      | 0.731 |
|         rps         | 0.143 |
+---------------------+-------+


wrong_1_420.py
success_wo_mut
+---------------------+-------+
|        Metric       | Value |
+---------------------+-------+
|         time        | 2.810 |
| ol_refactoring_time | 1.118 |
|       gcr_time      | 1.348 |
|       mut_time      | 0.000 |
|     vn_map_time     | 0.036 |
|    spec_syn_time    | 0.297 |
|       syn_time      | 0.125 |
|         rps         | 0.188 |
+---------------------+-------+


wrong_1_560.py
success_wo_mut
+---------------------+-------+
|        Metric       | Value |
+---------------------+-------+
|         time        | 1.605 |
| ol_refactoring_time | 1.319 |
|       gcr_time      | 0.065 |
|       mut_time      | 0.000 |
|     vn_map_time     | 0.046 |
|    spec_syn_time    | 0.152 |
|       syn_time      | 0.028 |
|         rps         | 0.400 |
+---------------------+-------+


wrong_1_554.py
success_wo_mut
+---------------------+-------+
|        Metric       | Value |
+---------------------+-------+
|         time        | 1.841 |
| ol_refactoring_time | 1.305 |
|       gcr_time      | 0.254 |
|       mut_time      | 0.000 |
|     vn_map_time     | 0.071 |
|    spec_syn_time    | 0.192 |
|       syn_time      | 0.016 |
|         rps         | 0.212 |
+---------------------+-------+


wrong_1_414.py
success_wo_mut
+---------------------+-------+
|        Metric       | Value |
+---------------------+-------+
|         time        | 2.643 |
| ol_refactoring_time | 1.304 |
|       gcr_time      | 1.171 |
|       mut_time      | 0.000 |
|     vn_map_time     | 0.054 |
|    spec_syn_time    | 0.103 |
|       syn_time      | 0.008 |
|         rps         | 0.167 |
+---------------------+-------+


wrong_1_505.py
structure mutation
success_w_mut
+---------------------+-------+
|        Metric       | Value |
+---------------------+-------+
|         time        | 6.191 |
| ol_refactoring_time | 5.341 |
|       gcr_time      | 0.087 |
|       mut_time      | 0.000 |
|     vn_map_time     | 0.124 |
|    spec_syn_time    | 0.625 |
|       syn_time      | 0.381 |
|         rps         | 0.500 |
+---------------------+-------+


wrong_1_445.py
success_wo_mut
+---------------------+-------+
|        Metric       | Value |
+---------------------+-------+
|         time        | 1.643 |
| ol_refactoring_time | 1.258 |
|       gcr_time      | 0.039 |
|       mut_time      | 0.000 |
|     vn_map_time     | 0.061 |
|    spec_syn_time    | 0.270 |
|       syn_time      | 0.126 |
|         rps         | 0.016 |
+---------------------+-------+


wrong_1_178.py
success_wo_mut
+---------------------+-------+
|        Metric       | Value |
+---------------------+-------+
|         time        | 2.807 |
| ol_refactoring_time | 1.126 |
|       gcr_time      | 0.070 |
|       mut_time      | 0.000 |
|     vn_map_time     | 0.082 |
|    spec_syn_time    | 1.518 |
|       syn_time      | 1.069 |
|         rps         | 0.794 |
+---------------------+-------+


wrong_1_038.py
success_wo_mut
+---------------------+-------+
|        Metric       | Value |
+---------------------+-------+
|         time        | 2.509 |
| ol_refactoring_time | 1.127 |
|       gcr_time      | 0.417 |
|       mut_time      | 0.000 |
|     vn_map_time     | 0.041 |
|    spec_syn_time    | 0.911 |
|       syn_time      | 0.380 |
|         rps         | 0.462 |
+---------------------+-------+


wrong_1_129.py
success_wo_mut
+---------------------+-------+
|        Metric       | Value |
+---------------------+-------+
|         time        | 1.986 |
| ol_refactoring_time | 1.131 |
|       gcr_time      | 0.241 |
|       mut_time      | 0.000 |
|     vn_map_time     | 0.042 |
|    spec_syn_time    | 0.558 |
|       syn_time      | 0.164 |
|         rps         | 0.473 |
+---------------------+-------+


wrong_1_069.py
success_wo_mut
+---------------------+-------+
|        Metric       | Value |
+---------------------+-------+
|         time        | 2.253 |
| ol_refactoring_time | 1.135 |
|       gcr_time      | 0.103 |
|       mut_time      | 0.000 |
|     vn_map_time     | 0.050 |
|    spec_syn_time    | 0.951 |
|       syn_time      | 0.475 |
|         rps         | 0.681 |
+---------------------+-------+


wrong_1_079.py
success_wo_mut
+---------------------+-------+
|        Metric       | Value |
+---------------------+-------+
|         time        | 1.415 |
| ol_refactoring_time | 1.126 |
|       gcr_time      | 0.077 |
|       mut_time      | 0.000 |
|     vn_map_time     | 0.061 |
|    spec_syn_time    | 0.138 |
|       syn_time      | 0.033 |
|         rps         | 0.158 |
+---------------------+-------+


wrong_1_139.py
success_wo_mut
+---------------------+-------+
|        Metric       | Value |
+---------------------+-------+
|         time        | 3.505 |
| ol_refactoring_time | 1.117 |
|       gcr_time      | 1.549 |
|       mut_time      | 0.000 |
|     vn_map_time     | 0.058 |
|    spec_syn_time    | 0.769 |
|       syn_time      | 0.380 |
|         rps         | 0.320 |
+---------------------+-------+


wrong_1_028.py
success_wo_mut
+---------------------+-------+
|        Metric       | Value |
+---------------------+-------+
|         time        | 2.510 |
| ol_refactoring_time | 1.150 |
|       gcr_time      | 0.074 |
|       mut_time      | 0.000 |
|     vn_map_time     | 0.067 |
|    spec_syn_time    | 1.208 |
|       syn_time      | 0.722 |
|         rps         | 0.825 |
+---------------------+-------+


wrong_1_168.py
success_wo_mut
+---------------------+-------+
|        Metric       | Value |
+---------------------+-------+
|         time        | 1.951 |
| ol_refactoring_time | 1.144 |
|       gcr_time      | 0.621 |
|       mut_time      | 0.000 |
|     vn_map_time     | 0.068 |
|    spec_syn_time    | 0.106 |
|       syn_time      | 0.002 |
|         rps         | 0.429 |
+---------------------+-------+


wrong_1_455.py
structure mutation
success_w_mut
+---------------------+--------+
|        Metric       | Value  |
+---------------------+--------+
|         time        | 22.073 |
| ol_refactoring_time | 16.172 |
|       gcr_time      | 3.947  |
|       mut_time      | 0.000  |
|     vn_map_time     | 0.087  |
|    spec_syn_time    | 1.836  |
|       syn_time      | 0.962  |
|         rps         | 0.968  |
+---------------------+--------+


wrong_1_515.py
success_wo_mut
+---------------------+-------+
|        Metric       | Value |
+---------------------+-------+
|         time        | 2.385 |
| ol_refactoring_time | 1.466 |
|       gcr_time      | 0.058 |
|       mut_time      | 0.000 |
|     vn_map_time     | 0.056 |
|    spec_syn_time    | 0.791 |
|       syn_time      | 0.403 |
|         rps         | 0.476 |
+---------------------+-------+


wrong_1_404.py
success_wo_mut
+---------------------+-------+
|        Metric       | Value |
+---------------------+-------+
|         time        | 2.103 |
| ol_refactoring_time | 1.182 |
|       gcr_time      | 0.314 |
|       mut_time      | 0.000 |
|     vn_map_time     | 0.075 |
|    spec_syn_time    | 0.521 |
|       syn_time      | 0.355 |
|         rps         | 0.043 |
+---------------------+-------+


wrong_1_544.py
success_wo_mut
+---------------------+-------+
|        Metric       | Value |
+---------------------+-------+
|         time        | 1.501 |
| ol_refactoring_time | 1.122 |
|       gcr_time      | 0.096 |
|       mut_time      | 0.000 |
|     vn_map_time     | 0.053 |
|    spec_syn_time    | 0.213 |
|       syn_time      | 0.041 |
|         rps         | 0.030 |
+---------------------+-------+


wrong_1_570.py
success_wo_mut
+---------------------+-------+
|        Metric       | Value |
+---------------------+-------+
|         time        | 2.126 |
| ol_refactoring_time | 1.153 |
|       gcr_time      | 0.893 |
|       mut_time      | 0.000 |
|     vn_map_time     | 0.056 |
|    spec_syn_time    | 0.015 |
|       syn_time      | 0.000 |
|         rps         | 0.150 |
+---------------------+-------+


wrong_1_430.py
structure mutation
success_w_mut
+---------------------+-------+
|        Metric       | Value |
+---------------------+-------+
|         time        | 9.517 |
| ol_refactoring_time | 7.549 |
|       gcr_time      | 0.582 |
|       mut_time      | 0.000 |
|     vn_map_time     | 0.065 |
|    spec_syn_time    | 1.301 |
|       syn_time      | 0.736 |
|         rps         | 0.682 |
+---------------------+-------+


wrong_1_521.py
success_wo_mut
+---------------------+-------+
|        Metric       | Value |
+---------------------+-------+
|         time        | 2.563 |
| ol_refactoring_time | 1.780 |
|       gcr_time      | 0.448 |
|       mut_time      | 0.000 |
|     vn_map_time     | 0.074 |
|    spec_syn_time    | 0.244 |
|       syn_time      | 0.019 |
|         rps         | 0.016 |
+---------------------+-------+


wrong_1_461.py
structure mutation
success_w_mut
+---------------------+--------+
|        Metric       | Value  |
+---------------------+--------+
|         time        | 22.601 |
| ol_refactoring_time | 16.162 |
|       gcr_time      | 3.685  |
|       mut_time      | 0.000  |
|     vn_map_time     | 0.092  |
|    spec_syn_time    | 2.631  |
|       syn_time      | 1.784  |
|         rps         | 0.989  |
+---------------------+--------+


wrong_1_492.py
success_wo_mut
+---------------------+-------+
|        Metric       | Value |
+---------------------+-------+
|         time        | 3.224 |
| ol_refactoring_time | 1.791 |
|       gcr_time      | 0.339 |
|       mut_time      | 0.000 |
|     vn_map_time     | 0.052 |
|    spec_syn_time    | 1.029 |
|       syn_time      | 0.709 |
|         rps         | 0.515 |
+---------------------+-------+


wrong_1_553.py
success_wo_mut
+---------------------+-------+
|        Metric       | Value |
+---------------------+-------+
|         time        | 1.603 |
| ol_refactoring_time | 1.124 |
|       gcr_time      | 0.203 |
|       mut_time      | 0.000 |
|     vn_map_time     | 0.055 |
|    spec_syn_time    | 0.208 |
|       syn_time      | 0.016 |
|         rps         | 0.161 |
+---------------------+-------+


wrong_1_413.py
structure mutation
success_w_mut
+---------------------+-------+
|        Metric       | Value |
+---------------------+-------+
|         time        | 5.780 |
| ol_refactoring_time | 5.160 |
|       gcr_time      | 0.455 |
|       mut_time      | 0.000 |
|     vn_map_time     | 0.049 |
|    spec_syn_time    | 0.102 |
|       syn_time      | 0.007 |
|         rps         | 0.765 |
+---------------------+-------+


wrong_1_502.py
structure mutation
success_w_mut
+---------------------+-------+
|        Metric       | Value |
+---------------------+-------+
|         time        | 8.959 |
| ol_refactoring_time | 7.400 |
|       gcr_time      | 0.141 |
|       mut_time      | 0.000 |
|     vn_map_time     | 0.079 |
|    spec_syn_time    | 1.320 |
|       syn_time      | 0.863 |
|         rps         | 0.800 |
+---------------------+-------+


wrong_1_442.py
success_wo_mut
+---------------------+-------+
|        Metric       | Value |
+---------------------+-------+
|         time        | 2.358 |
| ol_refactoring_time | 1.836 |
|       gcr_time      | 0.229 |
|       mut_time      | 0.000 |
|     vn_map_time     | 0.041 |
|    spec_syn_time    | 0.240 |
|       syn_time      | 0.070 |
|         rps         | 0.118 |
+---------------------+-------+


wrong_1_476.py
success_wo_mut
+---------------------+-------+
|        Metric       | Value |
+---------------------+-------+
|         time        | 1.541 |
| ol_refactoring_time | 1.234 |
|       gcr_time      | 0.042 |
|       mut_time      | 0.000 |
|     vn_map_time     | 0.105 |
|    spec_syn_time    | 0.148 |
|       syn_time      | 0.035 |
|         rps         | 0.167 |
+---------------------+-------+


wrong_1_536.py
success_wo_mut
+---------------------+-------+
|        Metric       | Value |
+---------------------+-------+
|         time        | 1.856 |
| ol_refactoring_time | 1.350 |
|       gcr_time      | 0.020 |
|       mut_time      | 0.000 |
|     vn_map_time     | 0.033 |
|    spec_syn_time    | 0.441 |
|       syn_time      | 0.094 |
|         rps         | 1.560 |
+---------------------+-------+


wrong_1_427.py
success_wo_mut
+---------------------+-------+
|        Metric       | Value |
+---------------------+-------+
|         time        | 1.841 |
| ol_refactoring_time | 1.244 |
|       gcr_time      | 0.429 |
|       mut_time      | 0.000 |
|     vn_map_time     | 0.057 |
|    spec_syn_time    | 0.099 |
|       syn_time      | 0.003 |
|         rps         | 0.217 |
+---------------------+-------+


wrong_1_567.py
structure mutation
success_w_mut
+---------------------+--------+
|        Metric       | Value  |
+---------------------+--------+
|         time        | 10.574 |
| ol_refactoring_time | 8.453  |
|       gcr_time      | 0.575  |
|       mut_time      | 0.000  |
|     vn_map_time     | 0.064  |
|    spec_syn_time    | 1.461  |
|       syn_time      | 0.838  |
|         rps         | 0.643  |
+---------------------+--------+


wrong_1_485.py
success_wo_mut
+---------------------+-------+
|        Metric       | Value |
+---------------------+-------+
|         time        | 6.462 |
| ol_refactoring_time | 2.143 |
|       gcr_time      | 1.456 |
|       mut_time      | 0.000 |
|     vn_map_time     | 0.084 |
|    spec_syn_time    | 2.768 |
|       syn_time      | 1.977 |
|         rps         | 0.172 |
+---------------------+-------+


wrong_1_369.py
structure mutation
success_w_mut
+---------------------+--------+
|        Metric       | Value  |
+---------------------+--------+
|         time        | 23.335 |
| ol_refactoring_time | 17.988 |
|       gcr_time      | 2.757  |
|       mut_time      | 0.000  |
|     vn_map_time     | 0.120  |
|    spec_syn_time    | 2.437  |
|       syn_time      | 1.238  |
|         rps         | 0.833  |
+---------------------+--------+


wrong_1_229.py
success_wo_mut
+---------------------+-------+
|        Metric       | Value |
+---------------------+-------+
|         time        | 3.061 |
| ol_refactoring_time | 1.804 |
|       gcr_time      | 0.494 |
|       mut_time      | 0.000 |
|     vn_map_time     | 0.037 |
|    spec_syn_time    | 0.711 |
|       syn_time      | 0.200 |
|         rps         | 0.386 |
+---------------------+-------+


wrong_1_338.py
success_wo_mut
+---------------------+-------+
|        Metric       | Value |
+---------------------+-------+
|         time        | 2.783 |
| ol_refactoring_time | 1.225 |
|       gcr_time      | 0.935 |
|       mut_time      | 0.000 |
|     vn_map_time     | 0.053 |
|    spec_syn_time    | 0.561 |
|       syn_time      | 0.384 |
|         rps         | 0.043 |
+---------------------+-------+


wrong_1_278.py
success_wo_mut
+---------------------+-------+
|        Metric       | Value |
+---------------------+-------+
|         time        | 1.805 |
| ol_refactoring_time | 1.250 |
|       gcr_time      | 0.072 |
|       mut_time      | 0.000 |
|     vn_map_time     | 0.061 |
|    spec_syn_time    | 0.410 |
|       syn_time      | 0.158 |
|         rps         | 0.706 |
+---------------------+-------+


wrong_1_268.py
success_wo_mut
+---------------------+-------+
|        Metric       | Value |
+---------------------+-------+
|         time        | 2.839 |
| ol_refactoring_time | 1.509 |
|       gcr_time      | 0.020 |
|       mut_time      | 0.000 |
|     vn_map_time     | 0.121 |
|    spec_syn_time    | 1.178 |
|       syn_time      | 0.809 |
|         rps         | 0.467 |
+---------------------+-------+


wrong_1_328.py
success_wo_mut
+---------------------+-------+
|        Metric       | Value |
+---------------------+-------+
|         time        | 1.786 |
| ol_refactoring_time | 1.280 |
|       gcr_time      | 0.066 |
|       mut_time      | 0.000 |
|     vn_map_time     | 0.057 |
|    spec_syn_time    | 0.370 |
|       syn_time      | 0.085 |
|         rps         | 0.042 |
+---------------------+-------+


wrong_1_239.py
success_wo_mut
+---------------------+-------+
|        Metric       | Value |
+---------------------+-------+
|         time        | 2.286 |
| ol_refactoring_time | 1.303 |
|       gcr_time      | 0.548 |
|       mut_time      | 0.000 |
|     vn_map_time     | 0.043 |
|    spec_syn_time    | 0.373 |
|       syn_time      | 0.150 |
|         rps         | 0.100 |
+---------------------+-------+


wrong_1_379.py
success_wo_mut
+---------------------+-------+
|        Metric       | Value |
+---------------------+-------+
|         time        | 3.214 |
| ol_refactoring_time | 1.285 |
|       gcr_time      | 0.090 |
|       mut_time      | 0.000 |
|     vn_map_time     | 0.079 |
|    spec_syn_time    | 1.746 |
|       syn_time      | 1.180 |
|         rps         | 0.822 |
+---------------------+-------+


wrong_1_495.py
success_wo_mut
+---------------------+-------+
|        Metric       | Value |
+---------------------+-------+
|         time        | 1.812 |
| ol_refactoring_time | 1.254 |
|       gcr_time      | 0.346 |
|       mut_time      | 0.000 |
|     vn_map_time     | 0.052 |
|    spec_syn_time    | 0.147 |
|       syn_time      | 0.034 |
|         rps         | 0.070 |
+---------------------+-------+


wrong_1_437.py
structure mutation
success_w_mut
+---------------------+--------+
|        Metric       | Value  |
+---------------------+--------+
|         time        | 19.179 |
| ol_refactoring_time | 16.906 |
|       gcr_time      | 0.377  |
|       mut_time      | 0.000  |
|     vn_map_time     | 0.112  |
|    spec_syn_time    | 1.756  |
|       syn_time      | 0.477  |
|         rps         | 0.741  |
+---------------------+--------+


wrong_1_526.py
success_wo_mut
+---------------------+-------+
|        Metric       | Value |
+---------------------+-------+
|         time        | 2.346 |
| ol_refactoring_time | 1.774 |
|       gcr_time      | 0.208 |
|       mut_time      | 0.000 |
|     vn_map_time     | 0.069 |
|    spec_syn_time    | 0.281 |
|       syn_time      | 0.053 |
|         rps         | 0.161 |
+---------------------+-------+


wrong_1_466.py
success_wo_mut
+---------------------+-------+
|        Metric       | Value |
+---------------------+-------+
|         time        | 1.711 |
| ol_refactoring_time | 1.224 |
|       gcr_time      | 0.211 |
|       mut_time      | 0.000 |
|     vn_map_time     | 0.068 |
|    spec_syn_time    | 0.188 |
|       syn_time      | 0.034 |
|         rps         | 0.062 |
+---------------------+-------+


wrong_1_452.py
success_wo_mut
+---------------------+-------+
|        Metric       | Value |
+---------------------+-------+
|         time        | 2.021 |
| ol_refactoring_time | 1.247 |
|       gcr_time      | 0.519 |
|       mut_time      | 0.000 |
|     vn_map_time     | 0.039 |
|    spec_syn_time    | 0.202 |
|       syn_time      | 0.005 |
|         rps         | 0.250 |
+---------------------+-------+


wrong_1_512.py
success_wo_mut
+---------------------+-------+
|        Metric       | Value |
+---------------------+-------+
|         time        | 4.283 |
| ol_refactoring_time | 1.241 |
|       gcr_time      | 0.214 |
|       mut_time      | 0.000 |
|     vn_map_time     | 0.063 |
|    spec_syn_time    | 2.748 |
|       syn_time      | 1.888 |
|         rps         | 0.742 |
+---------------------+-------+


wrong_1_403.py
success_wo_mut
+---------------------+-------+
|        Metric       | Value |
+---------------------+-------+
|         time        | 2.964 |
| ol_refactoring_time | 1.245 |
|       gcr_time      | 0.264 |
|       mut_time      | 0.000 |
|     vn_map_time     | 0.166 |
|    spec_syn_time    | 1.273 |
|       syn_time      | 0.547 |
|         rps         | 0.766 |
+---------------------+-------+


wrong_1_543.py
success_wo_mut
+---------------------+-------+
|        Metric       | Value |
+---------------------+-------+
|         time        | 1.580 |
| ol_refactoring_time | 1.235 |
|       gcr_time      | 0.058 |
|       mut_time      | 0.000 |
|     vn_map_time     | 0.061 |
|    spec_syn_time    | 0.210 |
|       syn_time      | 0.043 |
|         rps         | 0.030 |
+---------------------+-------+


wrong_1_423.py
success_wo_mut
+---------------------+-------+
|        Metric       | Value |
+---------------------+-------+
|         time        | 1.874 |
| ol_refactoring_time | 1.274 |
|       gcr_time      | 0.023 |
|       mut_time      | 0.000 |
|     vn_map_time     | 0.057 |
|    spec_syn_time    | 0.507 |
|       syn_time      | 0.362 |
|         rps         | 0.391 |
+---------------------+-------+


wrong_1_563.py
success_wo_mut
+---------------------+-------+
|        Metric       | Value |
+---------------------+-------+
|         time        | 1.844 |
| ol_refactoring_time | 1.375 |
|       gcr_time      | 0.001 |
|       mut_time      | 0.000 |
|     vn_map_time     | 0.028 |
|    spec_syn_time    | 0.426 |
|       syn_time      | 0.094 |
|         rps         | 1.560 |
+---------------------+-------+


wrong_1_472.py
structure mutation
success_w_mut
+---------------------+-------+
|        Metric       | Value |
+---------------------+-------+
|         time        | 8.434 |
| ol_refactoring_time | 6.487 |
|       gcr_time      | 1.832 |
|       mut_time      | 0.000 |
|     vn_map_time     | 0.074 |
|    spec_syn_time    | 0.023 |
|       syn_time      | 0.000 |
|         rps         | 0.636 |
+---------------------+-------+


wrong_1_532.py
success_wo_mut
+---------------------+-------+
|        Metric       | Value |
+---------------------+-------+
|         time        | 3.177 |
| ol_refactoring_time | 1.907 |
|       gcr_time      | 0.039 |
|       mut_time      | 0.000 |
|     vn_map_time     | 0.083 |
|    spec_syn_time    | 1.134 |
|       syn_time      | 0.753 |
|         rps         | 0.143 |
+---------------------+-------+


wrong_1_481.py
success_wo_mut
+---------------------+-------+
|        Metric       | Value |
+---------------------+-------+
|         time        | 2.608 |
| ol_refactoring_time | 1.229 |
|       gcr_time      | 0.109 |
|       mut_time      | 0.000 |
|     vn_map_time     | 0.054 |
|    spec_syn_time    | 1.202 |
|       syn_time      | 0.617 |
|         rps         | 0.917 |
+---------------------+-------+


wrong_1_506.py
structure mutation
success_w_mut
+---------------------+-------+
|        Metric       | Value |
+---------------------+-------+
|         time        | 8.191 |
| ol_refactoring_time | 5.735 |
|       gcr_time      | 0.097 |
|       mut_time      | 0.000 |
|     vn_map_time     | 0.072 |
|    spec_syn_time    | 2.274 |
|       syn_time      | 1.846 |
|         rps         | 0.588 |
+---------------------+-------+


wrong_1_446.py
success_wo_mut
+---------------------+-------+
|        Metric       | Value |
+---------------------+-------+
|         time        | 2.550 |
| ol_refactoring_time | 1.832 |
|       gcr_time      | 0.175 |
|       mut_time      | 0.000 |
|     vn_map_time     | 0.061 |
|    spec_syn_time    | 0.468 |
|       syn_time      | 0.248 |
|         rps         | 0.192 |
+---------------------+-------+


wrong_1_557.py
success_wo_mut
+---------------------+-------+
|        Metric       | Value |
+---------------------+-------+
|         time        | 3.428 |
| ol_refactoring_time | 1.200 |
|       gcr_time      | 0.338 |
|       mut_time      | 0.000 |
|     vn_map_time     | 0.111 |
|    spec_syn_time    | 1.768 |
|       syn_time      | 1.205 |
|         rps         | 0.333 |
+---------------------+-------+


wrong_1_417.py
success_wo_mut
+---------------------+-------+
|        Metric       | Value |
+---------------------+-------+
|         time        | 1.637 |
| ol_refactoring_time | 1.236 |
|       gcr_time      | 0.210 |
|       mut_time      | 0.000 |
|     vn_map_time     | 0.054 |
|    spec_syn_time    | 0.124 |
|       syn_time      | 0.008 |
|         rps         | 0.129 |
+---------------------+-------+


wrong_1_188.py
structure mutation
success_w_mut
+---------------------+--------+
|        Metric       | Value  |
+---------------------+--------+
|         time        | 16.308 |
| ol_refactoring_time | 14.287 |
|       gcr_time      | 0.289  |
|       mut_time      | 0.000  |
|     vn_map_time     | 0.054  |
|    spec_syn_time    | 1.653  |
|       syn_time      | 0.834  |
|         rps         | 0.694  |
+---------------------+--------+


wrong_1_219.py
success_wo_mut
+---------------------+-------+
|        Metric       | Value |
+---------------------+-------+
|         time        | 2.459 |
| ol_refactoring_time | 1.954 |
|       gcr_time      | 0.379 |
|       mut_time      | 0.000 |
|     vn_map_time     | 0.068 |
|    spec_syn_time    | 0.045 |
|       syn_time      | 0.000 |
|         rps         | 0.150 |
+---------------------+-------+


wrong_1_359.py
success_wo_mut
+---------------------+-------+
|        Metric       | Value |
+---------------------+-------+
|         time        | 2.487 |
| ol_refactoring_time | 1.202 |
|       gcr_time      | 0.561 |
|       mut_time      | 0.000 |
|     vn_map_time     | 0.038 |
|    spec_syn_time    | 0.667 |
|       syn_time      | 0.134 |
|         rps         | 0.250 |
+---------------------+-------+


wrong_1_248.py
success_wo_mut
+---------------------+-------+
|        Metric       | Value |
+---------------------+-------+
|         time        | 2.792 |
| ol_refactoring_time | 1.189 |
|       gcr_time      | 0.339 |
|       mut_time      | 0.000 |
|     vn_map_time     | 0.051 |
|    spec_syn_time    | 1.200 |
|       syn_time      | 0.479 |
|         rps         | 0.542 |
+---------------------+-------+


wrong_1_099.py
success_wo_mut
+---------------------+-------+
|        Metric       | Value |
+---------------------+-------+
|         time        | 3.214 |
| ol_refactoring_time | 1.247 |
|       gcr_time      | 0.062 |
|       mut_time      | 0.000 |
|     vn_map_time     | 0.075 |
|    spec_syn_time    | 1.815 |
|       syn_time      | 1.172 |
|         rps         | 0.658 |
+---------------------+-------+


wrong_1_308.py
success_wo_mut
+---------------------+-------+
|        Metric       | Value |
+---------------------+-------+
|         time        | 5.540 |
| ol_refactoring_time | 4.908 |
|       gcr_time      | 0.017 |
|       mut_time      | 0.000 |
|     vn_map_time     | 0.034 |
|    spec_syn_time    | 0.568 |
|       syn_time      | 0.251 |
|         rps         | 0.714 |
+---------------------+-------+


wrong_1_318.py
success_wo_mut
+---------------------+-------+
|        Metric       | Value |
+---------------------+-------+
|         time        | 3.249 |
| ol_refactoring_time | 1.915 |
|       gcr_time      | 0.630 |
|       mut_time      | 0.000 |
|     vn_map_time     | 0.068 |
|    spec_syn_time    | 0.623 |
|       syn_time      | 0.370 |
|         rps         | 0.375 |
+---------------------+-------+


wrong_1_089.py
success_wo_mut
+---------------------+-------+
|        Metric       | Value |
+---------------------+-------+
|         time        | 2.199 |
| ol_refactoring_time | 1.138 |
|       gcr_time      | 0.291 |
|       mut_time      | 0.000 |
|     vn_map_time     | 0.071 |
|    spec_syn_time    | 0.682 |
|       syn_time      | 0.174 |
|         rps         | 0.286 |
+---------------------+-------+


wrong_1_258.py
success_wo_mut
+---------------------+-------+
|        Metric       | Value |
+---------------------+-------+
|         time        | 1.951 |
| ol_refactoring_time | 1.188 |
|       gcr_time      | 0.096 |
|       mut_time      | 0.000 |
|     vn_map_time     | 0.436 |
|    spec_syn_time    | 0.213 |
|       syn_time      | 0.018 |
|         rps         | 0.059 |
+---------------------+-------+


wrong_1_349.py
success_wo_mut
+---------------------+-------+
|        Metric       | Value |
+---------------------+-------+
|         time        | 3.107 |
| ol_refactoring_time | 1.200 |
|       gcr_time      | 1.291 |
|       mut_time      | 0.000 |
|     vn_map_time     | 0.048 |
|    spec_syn_time    | 0.556 |
|       syn_time      | 0.374 |
|         rps         | 0.231 |
+---------------------+-------+


wrong_1_209.py
success_wo_mut
+---------------------+-------+
|        Metric       | Value |
+---------------------+-------+
|         time        | 2.740 |
| ol_refactoring_time | 1.190 |
|       gcr_time      | 0.262 |
|       mut_time      | 0.000 |
|     vn_map_time     | 0.055 |
|    spec_syn_time    | 1.214 |
|       syn_time      | 0.515 |
|         rps         | 0.434 |
+---------------------+-------+


wrong_1_198.py
success_wo_mut
+---------------------+-------+
|        Metric       | Value |
+---------------------+-------+
|         time        | 3.347 |
| ol_refactoring_time | 1.230 |
|       gcr_time      | 1.766 |
|       mut_time      | 0.000 |
|     vn_map_time     | 0.029 |
|    spec_syn_time    | 0.313 |
|       syn_time      | 0.128 |
|         rps         | 0.318 |
+---------------------+-------+


wrong_1_407.py
success_wo_mut
+---------------------+-------+
|        Metric       | Value |
+---------------------+-------+
|         time        | 2.052 |
| ol_refactoring_time | 1.154 |
|       gcr_time      | 0.381 |
|       mut_time      | 0.000 |
|     vn_map_time     | 0.035 |
|    spec_syn_time    | 0.467 |
|       syn_time      | 0.133 |
|         rps         | 0.293 |
+---------------------+-------+


wrong_1_547.py
success_wo_mut
+---------------------+-------+
|        Metric       | Value |
+---------------------+-------+
|         time        | 1.701 |
| ol_refactoring_time | 1.150 |
|       gcr_time      | 0.204 |
|       mut_time      | 0.000 |
|     vn_map_time     | 0.056 |
|    spec_syn_time    | 0.279 |
|       syn_time      | 0.050 |
|         rps         | 0.161 |
+---------------------+-------+


wrong_1_456.py
structure mutation
success_w_mut
+---------------------+--------+
|        Metric       | Value  |
+---------------------+--------+
|         time        | 12.128 |
| ol_refactoring_time | 11.400 |
|       gcr_time      | 0.069  |
|       mut_time      | 0.000  |
|     vn_map_time     | 0.044  |
|    spec_syn_time    | 0.589  |
|       syn_time      | 0.104  |
|         rps         | 0.487  |
+---------------------+--------+


wrong_1_516.py
success_wo_mut
+---------------------+-------+
|        Metric       | Value |
+---------------------+-------+
|         time        | 2.984 |
| ol_refactoring_time | 1.999 |
|       gcr_time      | 0.066 |
|       mut_time      | 0.000 |
|     vn_map_time     | 0.049 |
|    spec_syn_time    | 0.857 |
|       syn_time      | 0.308 |
|         rps         | 0.525 |
+---------------------+-------+


wrong_1_491.py
fail_other
{'001': False, '002': False, '003': False, '004': False, '005': False, '006': True, '007': False, '008': True, '009': False, '010': True, '011': True}
{'search': {'x': 'x', 'seq': 'seq', 'i': 'i', 'l': 'buggy_l', 'ref_position': 'position'}}


wrong_1_522.py
success_wo_mut
+---------------------+-------+
|        Metric       | Value |
+---------------------+-------+
|         time        | 3.802 |
| ol_refactoring_time | 1.182 |
|       gcr_time      | 0.112 |
|       mut_time      | 0.000 |
|     vn_map_time     | 0.096 |
|    spec_syn_time    | 2.397 |
|       syn_time      | 0.822 |
|         rps         | 0.865 |
+---------------------+-------+


wrong_1_462.py
structure mutation
success_w_mut
+---------------------+--------+
|        Metric       | Value  |
+---------------------+--------+
|         time        | 23.153 |
| ol_refactoring_time | 17.114 |
|       gcr_time      | 3.994  |
|       mut_time      | 0.000  |
|     vn_map_time     | 0.088  |
|    spec_syn_time    | 1.925  |
|       syn_time      | 0.985  |
|         rps         | 0.968  |
+---------------------+--------+


wrong_1_573.py
success_wo_mut
+---------------------+-------+
|        Metric       | Value |
+---------------------+-------+
|         time        | 2.261 |
| ol_refactoring_time | 1.840 |
|       gcr_time      | 0.148 |
|       mut_time      | 0.000 |
|     vn_map_time     | 0.050 |
|    spec_syn_time    | 0.202 |
|       syn_time      | 0.036 |
|         rps         | 0.105 |
+---------------------+-------+


wrong_1_433.py
success_wo_mut
+---------------------+-------+
|        Metric       | Value |
+---------------------+-------+
|         time        | 1.784 |
| ol_refactoring_time | 1.191 |
|       gcr_time      | 0.431 |
|       mut_time      | 0.000 |
|     vn_map_time     | 0.043 |
|    spec_syn_time    | 0.106 |
|       syn_time      | 0.003 |
|         rps         | 0.276 |
+---------------------+-------+


wrong_1_422.py
success_wo_mut
+---------------------+-------+
|        Metric       | Value |
+---------------------+-------+
|         time        | 1.845 |
| ol_refactoring_time | 1.233 |
|       gcr_time      | 0.022 |
|       mut_time      | 0.000 |
|     vn_map_time     | 0.057 |
|    spec_syn_time    | 0.521 |
|       syn_time      | 0.371 |
|         rps         | 0.400 |
+---------------------+-------+


wrong_1_562.py
success_wo_mut
+---------------------+-------+
|        Metric       | Value |
+---------------------+-------+
|         time        | 1.911 |
| ol_refactoring_time | 1.358 |
|       gcr_time      | 0.001 |
|       mut_time      | 0.000 |
|     vn_map_time     | 0.027 |
|    spec_syn_time    | 0.512 |
|       syn_time      | 0.100 |
|         rps         | 1.560 |
+---------------------+-------+


wrong_1_473.py
success_wo_mut
+---------------------+-------+
|        Metric       | Value |
+---------------------+-------+
|         time        | 1.550 |
| ol_refactoring_time | 1.249 |
|       gcr_time      | 0.042 |
|       mut_time      | 0.000 |
|     vn_map_time     | 0.099 |
|    spec_syn_time    | 0.147 |
|       syn_time      | 0.035 |
|         rps         | 0.091 |
+---------------------+-------+


wrong_1_533.py
success_wo_mut
+---------------------+-------+
|        Metric       | Value |
+---------------------+-------+
|         time        | 2.513 |
| ol_refactoring_time | 1.239 |
|       gcr_time      | 0.040 |
|       mut_time      | 0.000 |
|     vn_map_time     | 0.089 |
|    spec_syn_time    | 1.133 |
|       syn_time      | 0.777 |
|         rps         | 0.143 |
+---------------------+-------+


wrong_1_480.py
success_wo_mut
+---------------------+-------+
|        Metric       | Value |
+---------------------+-------+
|         time        | 2.593 |
| ol_refactoring_time | 1.165 |
|       gcr_time      | 0.162 |
|       mut_time      | 0.000 |
|     vn_map_time     | 0.065 |
|    spec_syn_time    | 1.188 |
|       syn_time      | 0.745 |
|         rps         | 0.463 |
+---------------------+-------+


wrong_1_507.py
success_wo_mut
+---------------------+-------+
|        Metric       | Value |
+---------------------+-------+
|         time        | 3.031 |
| ol_refactoring_time | 1.142 |
|       gcr_time      | 1.542 |
|       mut_time      | 0.000 |
|     vn_map_time     | 0.037 |
|    spec_syn_time    | 0.300 |
|       syn_time      | 0.126 |
|         rps         | 0.227 |
+---------------------+-------+


wrong_1_447.py
success_wo_mut
+---------------------+-------+
|        Metric       | Value |
+---------------------+-------+
|         time        | 3.033 |
| ol_refactoring_time | 1.135 |
|       gcr_time      | 1.310 |
|       mut_time      | 0.000 |
|     vn_map_time     | 0.045 |
|    spec_syn_time    | 0.532 |
|       syn_time      | 0.363 |
|         rps         | 0.316 |
+---------------------+-------+


wrong_1_556.py
success_wo_mut
+---------------------+-------+
|        Metric       | Value |
+---------------------+-------+
|         time        | 3.324 |
| ol_refactoring_time | 1.144 |
|       gcr_time      | 1.463 |
|       mut_time      | 0.000 |
|     vn_map_time     | 0.342 |
|    spec_syn_time    | 0.341 |
|       syn_time      | 0.039 |
|         rps         | 0.033 |
+---------------------+-------+


wrong_1_416.py
success_wo_mut
+---------------------+-------+
|        Metric       | Value |
+---------------------+-------+
|         time        | 2.438 |
| ol_refactoring_time | 1.131 |
|       gcr_time      | 1.139 |
|       mut_time      | 0.000 |
|     vn_map_time     | 0.053 |
|    spec_syn_time    | 0.104 |
|       syn_time      | 0.007 |
|         rps         | 0.167 |
+---------------------+-------+


wrong_1_218.py
success_wo_mut
+---------------------+-------+
|        Metric       | Value |
+---------------------+-------+
|         time        | 1.449 |
| ol_refactoring_time | 1.127 |
|       gcr_time      | 0.091 |
|       mut_time      | 0.000 |
|     vn_map_time     | 0.073 |
|    spec_syn_time    | 0.147 |
|       syn_time      | 0.034 |
|         rps         | 0.071 |
+---------------------+-------+


wrong_1_189.py
structure mutation
success_w_mut
+---------------------+--------+
|        Metric       | Value  |
+---------------------+--------+
|         time        | 11.543 |
| ol_refactoring_time | 10.262 |
|       gcr_time      | 0.906  |
|       mut_time      | 0.000  |
|     vn_map_time     | 0.042  |
|    spec_syn_time    | 0.308  |
|       syn_time      | 0.062  |
|         rps         | 0.516  |
+---------------------+--------+


wrong_1_358.py
success_wo_mut
+---------------------+-------+
|        Metric       | Value |
+---------------------+-------+
|         time        | 2.629 |
| ol_refactoring_time | 1.789 |
|       gcr_time      | 0.436 |
|       mut_time      | 0.000 |
|     vn_map_time     | 0.036 |
|    spec_syn_time    | 0.353 |
|       syn_time      | 0.066 |
|         rps         | 0.295 |
+---------------------+-------+


wrong_1_249.py
success_wo_mut
+---------------------+-------+
|        Metric       | Value |
+---------------------+-------+
|         time        | 2.670 |
| ol_refactoring_time | 1.180 |
|       gcr_time      | 0.304 |
|       mut_time      | 0.000 |
|     vn_map_time     | 0.052 |
|    spec_syn_time    | 1.122 |
|       syn_time      | 0.448 |
|         rps         | 0.542 |
+---------------------+-------+


wrong_1_309.py
success_wo_mut
+---------------------+-------+
|        Metric       | Value |
+---------------------+-------+
|         time        | 1.545 |
| ol_refactoring_time | 1.123 |
|       gcr_time      | 0.023 |
|       mut_time      | 0.000 |
|     vn_map_time     | 0.121 |
|    spec_syn_time    | 0.264 |
|       syn_time      | 0.127 |
|         rps         | 0.029 |
+---------------------+-------+


wrong_1_098.py
success_wo_mut
+---------------------+-------+
|        Metric       | Value |
+---------------------+-------+
|         time        | 1.726 |
| ol_refactoring_time | 1.139 |
|       gcr_time      | 0.373 |
|       mut_time      | 0.000 |
|     vn_map_time     | 0.047 |
|    spec_syn_time    | 0.151 |
|       syn_time      | 0.033 |
|         rps         | 0.061 |
+---------------------+-------+


wrong_1_088.py
success_wo_mut
+---------------------+-------+
|        Metric       | Value |
+---------------------+-------+
|         time        | 4.023 |
| ol_refactoring_time | 1.120 |
|       gcr_time      | 2.678 |
|       mut_time      | 0.000 |
|     vn_map_time     | 0.093 |
|    spec_syn_time    | 0.119 |
|       syn_time      | 0.006 |
|         rps         | 0.326 |
+---------------------+-------+


wrong_1_319.py
success_wo_mut
+---------------------+-------+
|        Metric       | Value |
+---------------------+-------+
|         time        | 1.694 |
| ol_refactoring_time | 1.150 |
|       gcr_time      | 0.361 |
|       mut_time      | 0.000 |
|     vn_map_time     | 0.074 |
|    spec_syn_time    | 0.097 |
|       syn_time      | 0.002 |
|         rps         | 0.182 |
+---------------------+-------+


wrong_1_259.py
success_wo_mut
+---------------------+-------+
|        Metric       | Value |
+---------------------+-------+
|         time        | 2.727 |
| ol_refactoring_time | 1.119 |
|       gcr_time      | 0.950 |
|       mut_time      | 0.000 |
|     vn_map_time     | 0.037 |
|    spec_syn_time    | 0.609 |
|       syn_time      | 0.250 |
|         rps         | 0.071 |
+---------------------+-------+


wrong_1_348.py
success_wo_mut
+---------------------+-------+
|        Metric       | Value |
+---------------------+-------+
|         time        | 2.963 |
| ol_refactoring_time | 1.137 |
|       gcr_time      | 1.495 |
|       mut_time      | 0.000 |
|     vn_map_time     | 0.029 |
|    spec_syn_time    | 0.291 |
|       syn_time      | 0.125 |
|         rps         | 0.250 |
+---------------------+-------+


wrong_1_199.py
success_wo_mut
+---------------------+-------+
|        Metric       | Value |
+---------------------+-------+
|         time        | 2.173 |
| ol_refactoring_time | 1.124 |
|       gcr_time      | 0.190 |
|       mut_time      | 0.000 |
|     vn_map_time     | 0.050 |
|    spec_syn_time    | 0.792 |
|       syn_time      | 0.197 |
|         rps         | 0.507 |
+---------------------+-------+


wrong_1_208.py
success_wo_mut
+---------------------+-------+
|        Metric       | Value |
+---------------------+-------+
|         time        | 2.579 |
| ol_refactoring_time | 1.132 |
|       gcr_time      | 0.242 |
|       mut_time      | 0.000 |
|     vn_map_time     | 0.055 |
|    spec_syn_time    | 1.132 |
|       syn_time      | 0.483 |
|         rps         | 0.390 |
+---------------------+-------+


wrong_1_406.py
success_wo_mut
+---------------------+-------+
|        Metric       | Value |
+---------------------+-------+
|         time        | 3.070 |
| ol_refactoring_time | 1.119 |
|       gcr_time      | 0.703 |
|       mut_time      | 0.000 |
|     vn_map_time     | 0.057 |
|    spec_syn_time    | 1.179 |
|       syn_time      | 0.733 |
|         rps         | 0.767 |
+---------------------+-------+


wrong_1_546.py
success_wo_mut
+---------------------+-------+
|        Metric       | Value |
+---------------------+-------+
|         time        | 1.699 |
| ol_refactoring_time | 1.186 |
|       gcr_time      | 0.001 |
|       mut_time      | 0.000 |
|     vn_map_time     | 0.030 |
|    spec_syn_time    | 0.471 |
|       syn_time      | 0.091 |
|         rps         | 1.560 |
+---------------------+-------+


wrong_1_457.py
success_wo_mut
+---------------------+-------+
|        Metric       | Value |
+---------------------+-------+
|         time        | 2.240 |
| ol_refactoring_time | 1.127 |
|       gcr_time      | 0.971 |
|       mut_time      | 0.000 |
|     vn_map_time     | 0.034 |
|    spec_syn_time    | 0.097 |
|       syn_time      | 0.002 |
|         rps         | 0.071 |
+---------------------+-------+


wrong_1_517.py
success_wo_mut
+---------------------+-------+
|        Metric       | Value |
+---------------------+-------+
|         time        | 2.689 |
| ol_refactoring_time | 1.140 |
|       gcr_time      | 0.058 |
|       mut_time      | 0.000 |
|     vn_map_time     | 0.050 |
|    spec_syn_time    | 1.427 |
|       syn_time      | 0.801 |
|         rps         | 0.426 |
+---------------------+-------+


wrong_1_490.py
fail_other
{'001': False, '002': False, '003': False, '004': False, '005': False, '006': True, '007': False, '008': True, '009': False, '010': True, '011': True}
{'search': {'x': 'x', 'seq': 'seq', 'i': 'i', 'l': 'buggy_l', 'ref_position': 'position'}}


wrong_1_523.py
success_wo_mut
+---------------------+-------+
|        Metric       | Value |
+---------------------+-------+
|         time        | 3.065 |
| ol_refactoring_time | 1.218 |
|       gcr_time      | 0.068 |
|       mut_time      | 0.000 |
|     vn_map_time     | 0.106 |
|    spec_syn_time    | 1.656 |
|       syn_time      | 0.771 |
|         rps         | 0.770 |
+---------------------+-------+


wrong_1_463.py
success_wo_mut
+---------------------+-------+
|        Metric       | Value |
+---------------------+-------+
|         time        | 1.638 |
| ol_refactoring_time | 1.140 |
|       gcr_time      | 0.194 |
|       mut_time      | 0.000 |
|     vn_map_time     | 0.069 |
|    spec_syn_time    | 0.216 |
|       syn_time      | 0.032 |
|         rps         | 0.032 |
+---------------------+-------+


wrong_1_572.py
success_wo_mut
+---------------------+-------+
|        Metric       | Value |
+---------------------+-------+
|         time        | 1.789 |
| ol_refactoring_time | 1.225 |
|       gcr_time      | 0.162 |
|       mut_time      | 0.000 |
|     vn_map_time     | 0.048 |
|    spec_syn_time    | 0.334 |
|       syn_time      | 0.044 |
|         rps         | 0.135 |
+---------------------+-------+


wrong_1_432.py
structure mutation
success_w_mut
+---------------------+--------+
|        Metric       | Value  |
+---------------------+--------+
|         time        | 36.993 |
| ol_refactoring_time | 35.712 |
|       gcr_time      | 0.213  |
|       mut_time      | 0.000  |
|     vn_map_time     | 0.063  |
|    spec_syn_time    | 0.971  |
|       syn_time      | 0.293  |
|         rps         | 0.683  |
+---------------------+--------+


wrong_1_552.py
success_wo_mut
+---------------------+-------+
|        Metric       | Value |
+---------------------+-------+
|         time        | 2.247 |
| ol_refactoring_time | 1.702 |
|       gcr_time      | 0.197 |
|       mut_time      | 0.000 |
|     vn_map_time     | 0.057 |
|    spec_syn_time    | 0.277 |
|       syn_time      | 0.049 |
|         rps         | 0.161 |
+---------------------+-------+


wrong_1_412.py
success_wo_mut
+---------------------+-------+
|        Metric       | Value |
+---------------------+-------+
|         time        | 2.528 |
| ol_refactoring_time | 1.146 |
|       gcr_time      | 0.612 |
|       mut_time      | 0.000 |
|     vn_map_time     | 0.045 |
|    spec_syn_time    | 0.712 |
|       syn_time      | 0.255 |
|         rps         | 0.385 |
+---------------------+-------+


wrong_1_503.py
structure mutation
success_w_mut
+---------------------+-------+
|        Metric       | Value |
+---------------------+-------+
|         time        | 9.420 |
| ol_refactoring_time | 7.374 |
|       gcr_time      | 0.129 |
|       mut_time      | 0.000 |
|     vn_map_time     | 0.082 |
|    spec_syn_time    | 1.817 |
|       syn_time      | 1.171 |
|         rps         | 0.750 |
+---------------------+-------+


wrong_1_443.py
success_wo_mut
+---------------------+-------+
|        Metric       | Value |
+---------------------+-------+
|         time        | 1.931 |
| ol_refactoring_time | 1.663 |
|       gcr_time      | 0.198 |
|       mut_time      | 0.000 |
|     vn_map_time     | 0.041 |
|    spec_syn_time    | 0.017 |
|       syn_time      | 0.000 |
|         rps         | 0.057 |
+---------------------+-------+


wrong_1_477.py
success_wo_mut
+---------------------+-------+
|        Metric       | Value |
+---------------------+-------+
|         time        | 1.410 |
| ol_refactoring_time | 1.135 |
|       gcr_time      | 0.021 |
|       mut_time      | 0.000 |
|     vn_map_time     | 0.099 |
|    spec_syn_time    | 0.143 |
|       syn_time      | 0.038 |
|         rps         | 0.167 |
+---------------------+-------+


wrong_1_537.py
success_wo_mut
+---------------------+-------+
|        Metric       | Value |
+---------------------+-------+
|         time        | 3.330 |
| ol_refactoring_time | 1.147 |
|       gcr_time      | 1.399 |
|       mut_time      | 0.000 |
|     vn_map_time     | 0.038 |
|    spec_syn_time    | 0.735 |
|       syn_time      | 0.269 |
|         rps         | 0.261 |
+---------------------+-------+


wrong_1_426.py
success_wo_mut
+---------------------+-------+
|        Metric       | Value |
+---------------------+-------+
|         time        | 1.812 |
| ol_refactoring_time | 1.247 |
|       gcr_time      | 0.399 |
|       mut_time      | 0.000 |
|     vn_map_time     | 0.056 |
|    spec_syn_time    | 0.098 |
|       syn_time      | 0.003 |
|         rps         | 0.217 |
+---------------------+-------+


wrong_1_566.py
structure mutation
success_w_mut
+---------------------+-------+
|        Metric       | Value |
+---------------------+-------+
|         time        | 9.973 |
| ol_refactoring_time | 7.966 |
|       gcr_time      | 0.554 |
|       mut_time      | 0.000 |
|     vn_map_time     | 0.069 |
|    spec_syn_time    | 1.364 |
|       syn_time      | 0.771 |
|         rps         | 0.619 |
+---------------------+-------+


wrong_1_484.py
success_wo_mut
+---------------------+-------+
|        Metric       | Value |
+---------------------+-------+
|         time        | 4.384 |
| ol_refactoring_time | 1.932 |
|       gcr_time      | 1.174 |
|       mut_time      | 0.000 |
|     vn_map_time     | 0.100 |
|    spec_syn_time    | 1.167 |
|       syn_time      | 0.795 |
|         rps         | 0.143 |
+---------------------+-------+


wrong_1_368.py
structure mutation
success_w_mut
+---------------------+--------+
|        Metric       | Value  |
+---------------------+--------+
|         time        | 21.738 |
| ol_refactoring_time | 18.482 |
|       gcr_time      | 0.063  |
|       mut_time      | 0.000  |
|     vn_map_time     | 0.225  |
|    spec_syn_time    | 2.941  |
|       syn_time      | 2.221  |
|         rps         | 0.931  |
+---------------------+--------+


wrong_1_228.py
success_wo_mut
+---------------------+-------+
|        Metric       | Value |
+---------------------+-------+
|         time        | 2.402 |
| ol_refactoring_time | 1.818 |
|       gcr_time      | 0.058 |
|       mut_time      | 0.000 |
|     vn_map_time     | 0.164 |
|    spec_syn_time    | 0.348 |
|       syn_time      | 0.087 |
|         rps         | 0.022 |
+---------------------+-------+


wrong_1_339.py
success_wo_mut
+---------------------+-------+
|        Metric       | Value |
+---------------------+-------+
|         time        | 2.728 |
| ol_refactoring_time | 1.239 |
|       gcr_time      | 0.890 |
|       mut_time      | 0.000 |
|     vn_map_time     | 0.053 |
|    spec_syn_time    | 0.536 |
|       syn_time      | 0.363 |
|         rps         | 0.043 |
+---------------------+-------+


wrong_1_279.py
success_wo_mut
+---------------------+-------+
|        Metric       | Value |
+---------------------+-------+
|         time        | 3.186 |
| ol_refactoring_time | 1.157 |
|       gcr_time      | 0.203 |
|       mut_time      | 0.000 |
|     vn_map_time     | 0.055 |
|    spec_syn_time    | 1.756 |
|       syn_time      | 1.149 |
|         rps         | 0.750 |
+---------------------+-------+


wrong_1_269.py
success_wo_mut
+---------------------+-------+
|        Metric       | Value |
+---------------------+-------+
|         time        | 2.014 |
| ol_refactoring_time | 1.204 |
|       gcr_time      | 0.065 |
|       mut_time      | 0.000 |
|     vn_map_time     | 0.141 |
|    spec_syn_time    | 0.589 |
|       syn_time      | 0.381 |
|         rps         | 0.075 |
+---------------------+-------+


wrong_1_329.py
success_wo_mut
+---------------------+-------+
|        Metric       | Value |
+---------------------+-------+
|         time        | 2.275 |
| ol_refactoring_time | 1.132 |
|       gcr_time      | 0.380 |
|       mut_time      | 0.000 |
|     vn_map_time     | 0.038 |
|    spec_syn_time    | 0.712 |
|       syn_time      | 0.257 |
|         rps         | 0.395 |
+---------------------+-------+


wrong_1_238.py
success_wo_mut
+---------------------+-------+
|        Metric       | Value |
+---------------------+-------+
|         time        | 2.079 |
| ol_refactoring_time | 1.135 |
|       gcr_time      | 0.546 |
|       mut_time      | 0.000 |
|     vn_map_time     | 0.042 |
|    spec_syn_time    | 0.338 |
|       syn_time      | 0.126 |
|         rps         | 0.143 |
+---------------------+-------+


wrong_1_378.py
success_wo_mut
+---------------------+-------+
|        Metric       | Value |
+---------------------+-------+
|         time        | 2.960 |
| ol_refactoring_time | 1.141 |
|       gcr_time      | 0.074 |
|       mut_time      | 0.000 |
|     vn_map_time     | 0.073 |
|    spec_syn_time    | 1.658 |
|       syn_time      | 1.103 |
|         rps         | 0.810 |
+---------------------+-------+


wrong_1_494.py
success_wo_mut
+---------------------+-------+
|        Metric       | Value |
+---------------------+-------+
|         time        | 1.875 |
| ol_refactoring_time | 1.166 |
|       gcr_time      | 0.329 |
|       mut_time      | 0.000 |
|     vn_map_time     | 0.054 |
|    spec_syn_time    | 0.313 |
|       syn_time      | 0.076 |
|         rps         | 0.093 |
+---------------------+-------+


wrong_1_436.py
success_wo_mut
+---------------------+-------+
|        Metric       | Value |
+---------------------+-------+
|         time        | 2.736 |
| ol_refactoring_time | 1.946 |
|       gcr_time      | 0.022 |
|       mut_time      | 0.000 |
|     vn_map_time     | 0.071 |
|    spec_syn_time    | 0.685 |
|       syn_time      | 0.163 |
|         rps         | 0.800 |
+---------------------+-------+


wrong_1_527.py
success_wo_mut
+---------------------+-------+
|        Metric       | Value |
+---------------------+-------+
|         time        | 1.610 |
| ol_refactoring_time | 1.145 |
|       gcr_time      | 0.190 |
|       mut_time      | 0.000 |
|     vn_map_time     | 0.056 |
|    spec_syn_time    | 0.207 |
|       syn_time      | 0.016 |
|         rps         | 0.161 |
+---------------------+-------+


wrong_1_467.py
structure mutation
success_w_mut
+---------------------+--------+
|        Metric       | Value  |
+---------------------+--------+
|         time        | 22.753 |
| ol_refactoring_time | 16.854 |
|       gcr_time      | 3.916  |
|       mut_time      | 0.000  |
|     vn_map_time     | 0.087  |
|    spec_syn_time    | 1.864  |
|       syn_time      | 0.979  |
|         rps         | 0.968  |
+---------------------+--------+


wrong_1_453.py
success_wo_mut
+---------------------+-------+
|        Metric       | Value |
+---------------------+-------+
|         time        | 2.880 |
| ol_refactoring_time | 1.853 |
|       gcr_time      | 0.615 |
|       mut_time      | 0.000 |
|     vn_map_time     | 0.040 |
|    spec_syn_time    | 0.358 |
|       syn_time      | 0.013 |
|         rps         | 0.323 |
+---------------------+-------+


wrong_1_513.py
success_wo_mut
+---------------------+-------+
|        Metric       | Value |
+---------------------+-------+
|         time        | 4.136 |
| ol_refactoring_time | 1.160 |
|       gcr_time      | 0.206 |
|       mut_time      | 0.000 |
|     vn_map_time     | 0.090 |
|    spec_syn_time    | 2.664 |
|       syn_time      | 1.823 |
|         rps         | 0.727 |
+---------------------+-------+


wrong_1_402.py
success_wo_mut
+---------------------+-------+
|        Metric       | Value |
+---------------------+-------+
|         time        | 1.432 |
| ol_refactoring_time | 1.189 |
|       gcr_time      | 0.082 |
|       mut_time      | 0.000 |
|     vn_map_time     | 0.103 |
|    spec_syn_time    | 0.047 |
|       syn_time      | 0.000 |
|         rps         | 0.125 |
+---------------------+-------+


wrong_1_542.py
success_wo_mut
+---------------------+-------+
|        Metric       | Value |
+---------------------+-------+
|         time        | 1.634 |
| ol_refactoring_time | 1.142 |
|       gcr_time      | 0.098 |
|       mut_time      | 0.000 |
|     vn_map_time     | 0.053 |
|    spec_syn_time    | 0.327 |
|       syn_time      | 0.076 |
|         rps         | 0.118 |
+---------------------+-------+


wrong_1_363.py
success_wo_mut
+---------------------+-------+
|        Metric       | Value |
+---------------------+-------+
|         time        | 1.737 |
| ol_refactoring_time | 1.185 |
|       gcr_time      | 0.344 |
|       mut_time      | 0.000 |
|     vn_map_time     | 0.037 |
|    spec_syn_time    | 0.154 |
|       syn_time      | 0.032 |
|         rps         | 0.014 |
+---------------------+-------+


wrong_1_223.py
success_wo_mut
+---------------------+-------+
|        Metric       | Value |
+---------------------+-------+
|         time        | 1.759 |
| ol_refactoring_time | 1.190 |
|       gcr_time      | 0.393 |
|       mut_time      | 0.000 |
|     vn_map_time     | 0.058 |
|    spec_syn_time    | 0.107 |
|       syn_time      | 0.003 |
|         rps         | 0.200 |
+---------------------+-------+


wrong_1_332.py
success_wo_mut
+---------------------+-------+
|        Metric       | Value |
+---------------------+-------+
|         time        | 2.899 |
| ol_refactoring_time | 1.252 |
|       gcr_time      | 1.589 |
|       mut_time      | 0.000 |
|     vn_map_time     | 0.037 |
|    spec_syn_time    | 0.012 |
|       syn_time      | 0.000 |
|         rps         | 0.182 |
+---------------------+-------+


wrong_1_272.py
success_wo_mut
+---------------------+-------+
|        Metric       | Value |
+---------------------+-------+
|         time        | 1.852 |
| ol_refactoring_time | 1.220 |
|       gcr_time      | 0.293 |
|       mut_time      | 0.000 |
|     vn_map_time     | 0.054 |
|    spec_syn_time    | 0.270 |
|       syn_time      | 0.120 |
|         rps         | 0.308 |
+---------------------+-------+


wrong_1_050.py
success_wo_mut
+---------------------+-------+
|        Metric       | Value |
+---------------------+-------+
|         time        | 3.247 |
| ol_refactoring_time | 1.239 |
|       gcr_time      | 0.192 |
|       mut_time      | 0.000 |
|     vn_map_time     | 0.059 |
|    spec_syn_time    | 1.740 |
|       syn_time      | 1.193 |
|         rps         | 0.700 |
+---------------------+-------+


wrong_1_110.py
structure mutation
success_w_mut
+---------------------+-------+
|        Metric       | Value |
+---------------------+-------+
|         time        | 9.837 |
| ol_refactoring_time | 8.048 |
|       gcr_time      | 0.788 |
|       mut_time      | 0.000 |
|     vn_map_time     | 0.052 |
|    spec_syn_time    | 0.921 |
|       syn_time      | 0.281 |
|         rps         | 0.500 |
+---------------------+-------+


wrong_1_281.py
success_wo_mut
+---------------------+-------+
|        Metric       | Value |
+---------------------+-------+
|         time        | 4.601 |
| ol_refactoring_time | 2.045 |
|       gcr_time      | 0.231 |
|       mut_time      | 0.000 |
|     vn_map_time     | 0.056 |
|    spec_syn_time    | 2.250 |
|       syn_time      | 1.616 |
|         rps         | 0.729 |
+---------------------+-------+


wrong_1_001.py
success_wo_mut
+---------------------+-------+
|        Metric       | Value |
+---------------------+-------+
|         time        | 2.906 |
| ol_refactoring_time | 1.262 |
|       gcr_time      | 0.923 |
|       mut_time      | 0.000 |
|     vn_map_time     | 0.065 |
|    spec_syn_time    | 0.644 |
|       syn_time      | 0.463 |
|         rps         | 0.043 |
+---------------------+-------+


wrong_1_390.py
structure mutation
success_w_mut
+---------------------+--------+
|        Metric       | Value  |
+---------------------+--------+
|         time        | 25.754 |
| ol_refactoring_time | 19.169 |
|       gcr_time      | 4.151  |
|       mut_time      | 0.000  |
|     vn_map_time     | 0.426  |
|    spec_syn_time    | 1.968  |
|       syn_time      | 1.093  |
|         rps         | 0.818  |
+---------------------+--------+


wrong_1_141.py
success_wo_mut
+---------------------+-------+
|        Metric       | Value |
+---------------------+-------+
|         time        | 3.301 |
| ol_refactoring_time | 2.142 |
|       gcr_time      | 1.098 |
|       mut_time      | 0.000 |
|     vn_map_time     | 0.036 |
|    spec_syn_time    | 0.015 |
|       syn_time      | 0.000 |
|         rps         | 0.103 |
+---------------------+-------+


wrong_1_246.py
success_wo_mut
+---------------------+-------+
|        Metric       | Value |
+---------------------+-------+
|         time        | 1.829 |
| ol_refactoring_time | 1.299 |
|       gcr_time      | 0.388 |
|       mut_time      | 0.000 |
|     vn_map_time     | 0.037 |
|    spec_syn_time    | 0.093 |
|       syn_time      | 0.003 |
|         rps         | 0.192 |
+---------------------+-------+


wrong_1_097.py
success_wo_mut
+---------------------+-------+
|        Metric       | Value |
+---------------------+-------+
|         time        | 1.863 |
| ol_refactoring_time | 1.288 |
|       gcr_time      | 0.361 |
|       mut_time      | 0.000 |
|     vn_map_time     | 0.049 |
|    spec_syn_time    | 0.149 |
|       syn_time      | 0.036 |
|         rps         | 0.061 |
+---------------------+-------+


wrong_1_306.py
success_wo_mut
+---------------------+-------+
|        Metric       | Value |
+---------------------+-------+
|         time        | 3.117 |
| ol_refactoring_time | 2.133 |
|       gcr_time      | 0.041 |
|       mut_time      | 0.000 |
|     vn_map_time     | 0.080 |
|    spec_syn_time    | 0.841 |
|       syn_time      | 0.438 |
|         rps         | 0.365 |
+---------------------+-------+


wrong_1_186.py
success_wo_mut
+---------------------+--------+
|        Metric       | Value  |
+---------------------+--------+
|         time        | 28.284 |
| ol_refactoring_time | 1.344  |
|       gcr_time      | 0.080  |
|       mut_time      | 0.000  |
|     vn_map_time     | 0.040  |
|    spec_syn_time    | 26.808 |
|       syn_time      | 26.171 |
|         rps         | 0.516  |
+---------------------+--------+


wrong_1_217.py
success_wo_mut
+---------------------+-------+
|        Metric       | Value |
+---------------------+-------+
|         time        | 1.701 |
| ol_refactoring_time | 1.372 |
|       gcr_time      | 0.102 |
|       mut_time      | 0.000 |
|     vn_map_time     | 0.076 |
|    spec_syn_time    | 0.139 |
|       syn_time      | 0.036 |
|         rps         | 0.071 |
+---------------------+-------+


wrong_1_357.py
structure mutation
success_w_mut
+---------------------+--------+
|        Metric       | Value  |
+---------------------+--------+
|         time        | 19.136 |
| ol_refactoring_time | 14.650 |
|       gcr_time      | 0.151  |
|       mut_time      | 0.000  |
|     vn_map_time     | 0.176  |
|    spec_syn_time    | 4.127  |
|       syn_time      | 1.086  |
|         rps         | 0.883  |
+---------------------+--------+


wrong_1_175.py
success_wo_mut
+---------------------+-------+
|        Metric       | Value |
+---------------------+-------+
|         time        | 3.196 |
| ol_refactoring_time | 2.026 |
|       gcr_time      | 0.088 |
|       mut_time      | 0.000 |
|     vn_map_time     | 0.045 |
|    spec_syn_time    | 1.018 |
|       syn_time      | 0.372 |
|         rps         | 0.927 |
+---------------------+-------+


wrong_1_035.py
success_wo_mut
+---------------------+-------+
|        Metric       | Value |
+---------------------+-------+
|         time        | 3.213 |
| ol_refactoring_time | 1.332 |
|       gcr_time      | 0.101 |
|       mut_time      | 0.000 |
|     vn_map_time     | 0.070 |
|    spec_syn_time    | 1.696 |
|       syn_time      | 1.210 |
|         rps         | 0.818 |
+---------------------+-------+


wrong_1_124.py
success_wo_mut
+---------------------+-------+
|        Metric       | Value |
+---------------------+-------+
|         time        | 2.457 |
| ol_refactoring_time | 1.470 |
|       gcr_time      | 0.539 |
|       mut_time      | 0.000 |
|     vn_map_time     | 0.055 |
|    spec_syn_time    | 0.376 |
|       syn_time      | 0.049 |
|         rps         | 0.277 |
+---------------------+-------+


wrong_1_064.py
success_wo_mut
+---------------------+-------+
|        Metric       | Value |
+---------------------+-------+
|         time        | 2.287 |
| ol_refactoring_time | 1.317 |
|       gcr_time      | 0.059 |
|       mut_time      | 0.000 |
|     vn_map_time     | 0.037 |
|    spec_syn_time    | 0.859 |
|       syn_time      | 0.038 |
|         rps         | 0.115 |
+---------------------+-------+


wrong_1_559.py
success_wo_mut
+---------------------+-------+
|        Metric       | Value |
+---------------------+-------+
|         time        | 3.514 |
| ol_refactoring_time | 1.322 |
|       gcr_time      | 0.347 |
|       mut_time      | 0.000 |
|     vn_map_time     | 0.117 |
|    spec_syn_time    | 1.717 |
|       syn_time      | 1.211 |
|         rps         | 0.333 |
+---------------------+-------+


wrong_1_419.py
success_wo_mut
+---------------------+-------+
|        Metric       | Value |
+---------------------+-------+
|         time        | 3.962 |
| ol_refactoring_time | 1.278 |
|       gcr_time      | 1.969 |
|       mut_time      | 0.000 |
|     vn_map_time     | 0.038 |
|    spec_syn_time    | 0.667 |
|       syn_time      | 0.265 |
|         rps         | 0.379 |
+---------------------+-------+


wrong_1_508.py
success_wo_mut
+---------------------+-------+
|        Metric       | Value |
+---------------------+-------+
|         time        | 3.002 |
| ol_refactoring_time | 1.292 |
|       gcr_time      | 1.650 |
|       mut_time      | 0.000 |
|     vn_map_time     | 0.037 |
|    spec_syn_time    | 0.013 |
|       syn_time      | 0.000 |
|         rps         | 0.182 |
+---------------------+-------+


wrong_1_448.py
success_wo_mut
+---------------------+-------+
|        Metric       | Value |
+---------------------+-------+
|         time        | 2.948 |
| ol_refactoring_time | 1.297 |
|       gcr_time      | 1.000 |
|       mut_time      | 0.000 |
|     vn_map_time     | 0.085 |
|    spec_syn_time    | 0.556 |
|       syn_time      | 0.403 |
|         rps         | 0.038 |
+---------------------+-------+


wrong_1_458.py
success_wo_mut
+---------------------+-------+
|        Metric       | Value |
+---------------------+-------+
|         time        | 2.504 |
| ol_refactoring_time | 1.296 |
|       gcr_time      | 1.075 |
|       mut_time      | 0.000 |
|     vn_map_time     | 0.032 |
|    spec_syn_time    | 0.089 |
|       syn_time      | 0.002 |
|         rps         | 0.069 |
+---------------------+-------+


wrong_1_518.py
structure mutation
success_w_mut
+---------------------+--------+
|        Metric       | Value  |
+---------------------+--------+
|         time        | 12.718 |
| ol_refactoring_time | 10.587 |
|       gcr_time      | 1.873  |
|       mut_time      | 0.000  |
|     vn_map_time     | 0.090  |
|    spec_syn_time    | 0.149  |
|       syn_time      | 0.033  |
|         rps         | 0.382  |
+---------------------+--------+


wrong_1_409.py
success_wo_mut
+---------------------+-------+
|        Metric       | Value |
+---------------------+-------+
|         time        | 3.885 |
| ol_refactoring_time | 2.115 |
|       gcr_time      | 1.148 |
|       mut_time      | 0.000 |
|     vn_map_time     | 0.059 |
|    spec_syn_time    | 0.553 |
|       syn_time      | 0.404 |
|         rps         | 0.043 |
+---------------------+-------+


wrong_1_549.py
success_wo_mut
+---------------------+-------+
|        Metric       | Value |
+---------------------+-------+
|         time        | 1.887 |
| ol_refactoring_time | 1.305 |
|       gcr_time      | 0.238 |
|       mut_time      | 0.000 |
|     vn_map_time     | 0.058 |
|    spec_syn_time    | 0.274 |
|       syn_time      | 0.076 |
|         rps         | 0.281 |
+---------------------+-------+


wrong_1_074.py
success_wo_mut
+---------------------+-------+
|        Metric       | Value |
+---------------------+-------+
|         time        | 3.285 |
| ol_refactoring_time | 1.301 |
|       gcr_time      | 0.170 |
|       mut_time      | 0.000 |
|     vn_map_time     | 0.060 |
|    spec_syn_time    | 1.741 |
|       syn_time      | 1.218 |
|         rps         | 0.765 |
+---------------------+-------+


wrong_1_134.py
success_wo_mut
+---------------------+-------+
|        Metric       | Value |
+---------------------+-------+
|         time        | 2.446 |
| ol_refactoring_time | 1.311 |
|       gcr_time      | 0.124 |
|       mut_time      | 0.000 |
|     vn_map_time     | 0.057 |
|    spec_syn_time    | 0.940 |
|       syn_time      | 0.495 |
|         rps         | 0.717 |
+---------------------+-------+


wrong_1_025.py
success_wo_mut
+---------------------+-------+
|        Metric       | Value |
+---------------------+-------+
|         time        | 2.760 |
| ol_refactoring_time | 1.317 |
|       gcr_time      | 0.083 |
|       mut_time      | 0.000 |
|     vn_map_time     | 0.062 |
|    spec_syn_time    | 1.283 |
|       syn_time      | 0.503 |
|         rps         | 0.544 |
+---------------------+-------+


wrong_1_165.py
success_wo_mut
+---------------------+-------+
|        Metric       | Value |
+---------------------+-------+
|         time        | 2.556 |
| ol_refactoring_time | 1.611 |
|       gcr_time      | 0.025 |
|       mut_time      | 0.000 |
|     vn_map_time     | 0.051 |
|    spec_syn_time    | 0.857 |
|       syn_time      | 0.392 |
|         rps         | 0.622 |
+---------------------+-------+


wrong_1_347.py
success_wo_mut
+---------------------+-------+
|        Metric       | Value |
+---------------------+-------+
|         time        | 3.307 |
| ol_refactoring_time | 1.321 |
|       gcr_time      | 1.327 |
|       mut_time      | 0.000 |
|     vn_map_time     | 0.080 |
|    spec_syn_time    | 0.568 |
|       syn_time      | 0.410 |
|         rps         | 0.207 |
+---------------------+-------+


wrong_1_207.py
success_wo_mut
+---------------------+-------+
|        Metric       | Value |
+---------------------+-------+
|         time        | 2.210 |
| ol_refactoring_time | 1.299 |
|       gcr_time      | 0.093 |
|       mut_time      | 0.000 |
|     vn_map_time     | 0.043 |
|    spec_syn_time    | 0.758 |
|       syn_time      | 0.300 |
|         rps         | 0.543 |
+---------------------+-------+


wrong_1_196.py
success_wo_mut
+---------------------+-------+
|        Metric       | Value |
+---------------------+-------+
|         time        | 2.804 |
| ol_refactoring_time | 1.299 |
|       gcr_time      | 0.084 |
|       mut_time      | 0.000 |
|     vn_map_time     | 0.054 |
|    spec_syn_time    | 1.351 |
|       syn_time      | 0.676 |
|         rps         | 0.692 |
+---------------------+-------+


wrong_1_316.py
success_wo_mut
+---------------------+-------+
|        Metric       | Value |
+---------------------+-------+
|         time        | 1.861 |
| ol_refactoring_time | 1.314 |
|       gcr_time      | 0.433 |
|       mut_time      | 0.000 |
|     vn_map_time     | 0.085 |
|    spec_syn_time    | 0.019 |
|       syn_time      | 0.000 |
|         rps         | 0.120 |
+---------------------+-------+


wrong_1_087.py
success_wo_mut
+---------------------+-------+
|        Metric       | Value |
+---------------------+-------+
|         time        | 2.255 |
| ol_refactoring_time | 1.284 |
|       gcr_time      | 0.277 |
|       mut_time      | 0.000 |
|     vn_map_time     | 0.082 |
|    spec_syn_time    | 0.590 |
|       syn_time      | 0.156 |
|         rps         | 0.268 |
+---------------------+-------+


wrong_1_256.py
structure mutation
success_w_mut
+---------------------+--------+
|        Metric       | Value  |
+---------------------+--------+
|         time        | 38.814 |
| ol_refactoring_time | 17.464 |
|       gcr_time      | 0.074  |
|       mut_time      | 0.000  |
|     vn_map_time     | 10.012 |
|    spec_syn_time    | 11.234 |
|       syn_time      | 9.646  |
|         rps         | 0.795  |
+---------------------+--------+


wrong_1_151.py
success_wo_mut
+---------------------+-------+
|        Metric       | Value |
+---------------------+-------+
|         time        | 2.634 |
| ol_refactoring_time | 2.155 |
|       gcr_time      | 0.400 |
|       mut_time      | 0.000 |
|     vn_map_time     | 0.036 |
|    spec_syn_time    | 0.027 |
|       syn_time      | 0.000 |
|         rps         | 0.039 |
+---------------------+-------+


wrong_1_380.py
success_wo_mut
+---------------------+-------+
|        Metric       | Value |
+---------------------+-------+
|         time        | 3.367 |
| ol_refactoring_time | 1.373 |
|       gcr_time      | 0.077 |
|       mut_time      | 0.000 |
|     vn_map_time     | 0.077 |
|    spec_syn_time    | 1.826 |
|       syn_time      | 1.245 |
|         rps         | 0.795 |
+---------------------+-------+


wrong_1_011.py
success_wo_mut
+---------------------+-------+
|        Metric       | Value |
+---------------------+-------+
|         time        | 4.225 |
| ol_refactoring_time | 1.327 |
|       gcr_time      | 2.102 |
|       mut_time      | 0.000 |
|     vn_map_time     | 0.056 |
|    spec_syn_time    | 0.729 |
|       syn_time      | 0.407 |
|         rps         | 0.481 |
+---------------------+-------+


wrong_1_291.py
success_wo_mut
+---------------------+-------+
|        Metric       | Value |
+---------------------+-------+
|         time        | 3.458 |
| ol_refactoring_time | 1.334 |
|       gcr_time      | 1.650 |
|       mut_time      | 0.000 |
|     vn_map_time     | 0.033 |
|    spec_syn_time    | 0.427 |
|       syn_time      | 0.139 |
|         rps         | 0.348 |
+---------------------+-------+


wrong_1_100.py
success_wo_mut
+---------------------+-------+
|        Metric       | Value |
+---------------------+-------+
|         time        | 1.949 |
| ol_refactoring_time | 1.342 |
|       gcr_time      | 0.255 |
|       mut_time      | 0.000 |
|     vn_map_time     | 0.067 |
|    spec_syn_time    | 0.268 |
|       syn_time      | 0.053 |
|         rps         | 0.200 |
+---------------------+-------+


wrong_1_040.py
success_wo_mut
+---------------------+-------+
|        Metric       | Value |
+---------------------+-------+
|         time        | 2.824 |
| ol_refactoring_time | 1.404 |
|       gcr_time      | 0.439 |
|       mut_time      | 0.000 |
|     vn_map_time     | 0.041 |
|    spec_syn_time    | 0.925 |
|       syn_time      | 0.426 |
|         rps         | 0.462 |
+---------------------+-------+


wrong_1_262.py
success_wo_mut
+---------------------+-------+
|        Metric       | Value |
+---------------------+-------+
|         time        | 2.795 |
| ol_refactoring_time | 1.286 |
|       gcr_time      | 1.181 |
|       mut_time      | 0.000 |
|     vn_map_time     | 0.028 |
|    spec_syn_time    | 0.289 |
|       syn_time      | 0.137 |
|         rps         | 0.217 |
+---------------------+-------+


wrong_1_322.py
success_wo_mut
+---------------------+-------+
|        Metric       | Value |
+---------------------+-------+
|         time        | 1.927 |
| ol_refactoring_time | 1.321 |
|       gcr_time      | 0.359 |
|       mut_time      | 0.000 |
|     vn_map_time     | 0.069 |
|    spec_syn_time    | 0.164 |
|       syn_time      | 0.014 |
|         rps         | 0.188 |
+---------------------+-------+


wrong_1_233.py
success_wo_mut
+---------------------+-------+
|        Metric       | Value |
+---------------------+-------+
|         time        | 2.300 |
| ol_refactoring_time | 1.360 |
|       gcr_time      | 0.373 |
|       mut_time      | 0.000 |
|     vn_map_time     | 0.054 |
|    spec_syn_time    | 0.498 |
|       syn_time      | 0.399 |
|         rps         | 0.020 |
+---------------------+-------+


wrong_1_373.py
success_wo_mut
+---------------------+-------+
|        Metric       | Value |
+---------------------+-------+
|         time        | 3.809 |
| ol_refactoring_time | 1.304 |
|       gcr_time      | 0.687 |
|       mut_time      | 0.000 |
|     vn_map_time     | 0.064 |
|    spec_syn_time    | 1.743 |
|       syn_time      | 1.231 |
|         rps         | 0.444 |
+---------------------+-------+


wrong_1_213.py
fail_other
{'001': False, '002': False, '003': False, '004': False, '005': False, '006': False, '007': False, '008': False, '009': False, '010': False, '011': False}
{'search': {'x': 'x', 'seq': 'seq', 'index': 'index'}}


wrong_1_182.py
success_wo_mut
+---------------------+-------+
|        Metric       | Value |
+---------------------+-------+
|         time        | 2.035 |
| ol_refactoring_time | 1.320 |
|       gcr_time      | 0.341 |
|       mut_time      | 0.000 |
|     vn_map_time     | 0.042 |
|    spec_syn_time    | 0.315 |
|       syn_time      | 0.131 |
|         rps         | 0.089 |
+---------------------+-------+


wrong_1_353.py
success_wo_mut
+---------------------+-------+
|        Metric       | Value |
+---------------------+-------+
|         time        | 2.010 |
| ol_refactoring_time | 1.367 |
|       gcr_time      | 0.029 |
|       mut_time      | 0.000 |
|     vn_map_time     | 0.072 |
|    spec_syn_time    | 0.528 |
|       syn_time      | 0.391 |
|         rps         | 0.433 |
+---------------------+-------+


wrong_1_242.py
success_wo_mut
+---------------------+-------+
|        Metric       | Value |
+---------------------+-------+
|         time        | 4.545 |
| ol_refactoring_time | 1.307 |
|       gcr_time      | 1.938 |
|       mut_time      | 0.000 |
|     vn_map_time     | 0.063 |
|    spec_syn_time    | 1.228 |
|       syn_time      | 0.821 |
|         rps         | 0.650 |
+---------------------+-------+


wrong_1_302.py
success_wo_mut
+---------------------+-------+
|        Metric       | Value |
+---------------------+-------+
|         time        | 2.351 |
| ol_refactoring_time | 1.326 |
|       gcr_time      | 0.077 |
|       mut_time      | 0.000 |
|     vn_map_time     | 0.053 |
|    spec_syn_time    | 0.877 |
|       syn_time      | 0.389 |
|         rps         | 0.827 |
+---------------------+-------+


wrong_1_093.py
success_wo_mut
+---------------------+-------+
|        Metric       | Value |
+---------------------+-------+
|         time        | 2.573 |
| ol_refactoring_time | 1.320 |
|       gcr_time      | 0.042 |
|       mut_time      | 0.000 |
|     vn_map_time     | 0.057 |
|    spec_syn_time    | 1.139 |
|       syn_time      | 0.662 |
|         rps         | 0.500 |
+---------------------+-------+


wrong_1_120.py
success_wo_mut
+---------------------+-------+
|        Metric       | Value |
+---------------------+-------+
|         time        | 2.085 |
| ol_refactoring_time | 1.291 |
|       gcr_time      | 0.495 |
|       mut_time      | 0.000 |
|     vn_map_time     | 0.063 |
|    spec_syn_time    | 0.221 |
|       syn_time      | 0.034 |
|         rps         | 0.133 |
+---------------------+-------+


wrong_1_060.py
success_wo_mut
+---------------------+-------+
|        Metric       | Value |
+---------------------+-------+
|         time        | 2.583 |
| ol_refactoring_time | 1.369 |
|       gcr_time      | 0.399 |
|       mut_time      | 0.000 |
|     vn_map_time     | 0.063 |
|    spec_syn_time    | 0.740 |
|       syn_time      | 0.413 |
|         rps         | 0.483 |
+---------------------+-------+


wrong_1_171.py
success_wo_mut
+---------------------+-------+
|        Metric       | Value |
+---------------------+-------+
|         time        | 2.187 |
| ol_refactoring_time | 1.318 |
|       gcr_time      | 0.374 |
|       mut_time      | 0.000 |
|     vn_map_time     | 0.049 |
|    spec_syn_time    | 0.431 |
|       syn_time      | 0.172 |
|         rps         | 0.109 |
+---------------------+-------+


wrong_1_031.py
structure mutation
success_w_mut
+---------------------+--------+
|        Metric       | Value  |
+---------------------+--------+
|         time        | 11.134 |
| ol_refactoring_time | 8.955  |
|       gcr_time      | 0.661  |
|       mut_time      | 0.000  |
|     vn_map_time     | 0.062  |
|    spec_syn_time    | 1.433  |
|       syn_time      | 0.857  |
|         rps         | 0.735  |
+---------------------+--------+


wrong_1_336.py
success_wo_mut
+---------------------+-------+
|        Metric       | Value |
+---------------------+-------+
|         time        | 2.268 |
| ol_refactoring_time | 1.939 |
|       gcr_time      | 0.146 |
|       mut_time      | 0.000 |
|     vn_map_time     | 0.038 |
|    spec_syn_time    | 0.130 |
|       syn_time      | 0.028 |
|         rps         | 0.049 |
+---------------------+-------+


wrong_1_276.py
success_wo_mut
+---------------------+-------+
|        Metric       | Value |
+---------------------+-------+
|         time        | 3.310 |
| ol_refactoring_time | 1.182 |
|       gcr_time      | 1.388 |
|       mut_time      | 0.000 |
|     vn_map_time     | 0.070 |
|    spec_syn_time    | 0.658 |
|       syn_time      | 0.399 |
|         rps         | 0.138 |
+---------------------+-------+


wrong_1_367.py
success_wo_mut
+---------------------+-------+
|        Metric       | Value |
+---------------------+-------+
|         time        | 1.916 |
| ol_refactoring_time | 1.250 |
|       gcr_time      | 0.443 |
|       mut_time      | 0.000 |
|     vn_map_time     | 0.049 |
|    spec_syn_time    | 0.156 |
|       syn_time      | 0.035 |
|         rps         | 0.044 |
+---------------------+-------+


wrong_1_227.py
success_wo_mut
+---------------------+-------+
|        Metric       | Value |
+---------------------+-------+
|         time        | 2.382 |
| ol_refactoring_time | 1.205 |
|       gcr_time      | 0.632 |
|       mut_time      | 0.000 |
|     vn_map_time     | 0.161 |
|    spec_syn_time    | 0.371 |
|       syn_time      | 0.086 |
|         rps         | 0.091 |
+---------------------+-------+


wrong_1_394.py
success_wo_mut
+---------------------+-------+
|        Metric       | Value |
+---------------------+-------+
|         time        | 3.964 |
| ol_refactoring_time | 1.176 |
|       gcr_time      | 0.195 |
|       mut_time      | 0.000 |
|     vn_map_time     | 0.064 |
|    spec_syn_time    | 2.514 |
|       syn_time      | 1.829 |
|         rps         | 0.645 |
+---------------------+-------+


wrong_1_005.py
success_wo_mut
+---------------------+-------+
|        Metric       | Value |
+---------------------+-------+
|         time        | 1.995 |
| ol_refactoring_time | 1.218 |
|       gcr_time      | 0.532 |
|       mut_time      | 0.000 |
|     vn_map_time     | 0.056 |
|    spec_syn_time    | 0.167 |
|       syn_time      | 0.035 |
|         rps         | 0.070 |
+---------------------+-------+


wrong_1_145.py
structure mutation
success_w_mut
+---------------------+--------+
|        Metric       | Value  |
+---------------------+--------+
|         time        | 48.316 |
| ol_refactoring_time | 36.735 |
|       gcr_time      | 0.564  |
|       mut_time      | 0.000  |
|     vn_map_time     | 0.043  |
|    spec_syn_time    | 10.941 |
|       syn_time      | 9.128  |
|         rps         | 0.886  |
+---------------------+--------+


wrong_1_054.py
fail_other
{'001': False, '002': False, '003': False, '004': False, '005': False, '006': True, '007': False, '008': True, '009': False, '010': True, '011': True}
{'search': {'x': 'x', 'seq': 'seq', 'a': 'buggy_a', 'item': 'buggy_item', 'ref_i': 'i', 'ref_position': 'position'}}


wrong_1_285.py
success_wo_mut
+---------------------+-------+
|        Metric       | Value |
+---------------------+-------+
|         time        | 1.846 |
| ol_refactoring_time | 1.236 |
|       gcr_time      | 0.150 |
|       mut_time      | 0.000 |
|     vn_map_time     | 0.043 |
|    spec_syn_time    | 0.399 |
|       syn_time      | 0.154 |
|         rps         | 0.014 |
+---------------------+-------+


wrong_1_114.py
success_wo_mut
+---------------------+-------+
|        Metric       | Value |
+---------------------+-------+
|         time        | 1.837 |
| ol_refactoring_time | 1.194 |
|       gcr_time      | 0.406 |
|       mut_time      | 0.000 |
|     vn_map_time     | 0.047 |
|    spec_syn_time    | 0.172 |
|       syn_time      | 0.037 |
|         rps         | 0.103 |
+---------------------+-------+


wrong_1_429.py
success_wo_mut
+---------------------+-------+
|        Metric       | Value |
+---------------------+-------+
|         time        | 2.049 |
| ol_refactoring_time | 1.192 |
|       gcr_time      | 0.073 |
|       mut_time      | 0.000 |
|     vn_map_time     | 0.088 |
|    spec_syn_time    | 0.683 |
|       syn_time      | 0.385 |
|         rps         | 0.676 |
+---------------------+-------+


wrong_1_569.py
success_wo_mut
+---------------------+-------+
|        Metric       | Value |
+---------------------+-------+
|         time        | 2.148 |
| ol_refactoring_time | 1.156 |
|       gcr_time      | 0.910 |
|       mut_time      | 0.000 |
|     vn_map_time     | 0.055 |
|    spec_syn_time    | 0.016 |
|       syn_time      | 0.000 |
|         rps         | 0.150 |
+---------------------+-------+


wrong_1_478.py
fail_other
{'001': False, '002': False, '003': False, '004': False, '005': False, '006': True, '007': False, '008': True, '009': False, '010': True, '011': True}
{'search': {'x': 'x', 'seq': 'seq', 'i': 'i', 'ref_position': 'position'}}


wrong_1_538.py
success_wo_mut
+---------------------+-------+
|        Metric       | Value |
+---------------------+-------+
|         time        | 2.945 |
| ol_refactoring_time | 1.200 |
|       gcr_time      | 1.265 |
|       mut_time      | 0.000 |
|     vn_map_time     | 0.039 |
|    spec_syn_time    | 0.431 |
|       syn_time      | 0.131 |
|         rps         | 0.217 |
+---------------------+-------+


wrong_1_528.py
success_wo_mut
+---------------------+-------+
|        Metric       | Value |
+---------------------+-------+
|         time        | 4.135 |
| ol_refactoring_time | 1.251 |
|       gcr_time      | 0.031 |
|       mut_time      | 0.000 |
|     vn_map_time     | 0.101 |
|    spec_syn_time    | 2.737 |
|       syn_time      | 1.592 |
|         rps         | 0.904 |
+---------------------+-------+


wrong_1_468.py
structure mutation
success_w_mut
+---------------------+-------+
|        Metric       | Value |
+---------------------+-------+
|         time        | 6.263 |
| ol_refactoring_time | 5.470 |
|       gcr_time      | 0.253 |
|       mut_time      | 0.000 |
|     vn_map_time     | 0.072 |
|    spec_syn_time    | 0.449 |
|       syn_time      | 0.171 |
|         rps         | 0.393 |
+---------------------+-------+


wrong_1_439.py
success_wo_mut
+---------------------+-------+
|        Metric       | Value |
+---------------------+-------+
|         time        | 3.122 |
| ol_refactoring_time | 1.291 |
|       gcr_time      | 1.185 |
|       mut_time      | 0.000 |
|     vn_map_time     | 0.091 |
|    spec_syn_time    | 0.544 |
|       syn_time      | 0.363 |
|         rps         | 0.038 |
+---------------------+-------+


wrong_1_104.py
success_wo_mut
+---------------------+-------+
|        Metric       | Value |
+---------------------+-------+
|         time        | 1.598 |
| ol_refactoring_time | 1.169 |
|       gcr_time      | 0.207 |
|       mut_time      | 0.000 |
|     vn_map_time     | 0.057 |
|    spec_syn_time    | 0.151 |
|       syn_time      | 0.034 |
|         rps         | 0.133 |
+---------------------+-------+


wrong_1_295.py
success_wo_mut
+---------------------+-------+
|        Metric       | Value |
+---------------------+-------+
|         time        | 2.311 |
| ol_refactoring_time | 1.217 |
|       gcr_time      | 0.308 |
|       mut_time      | 0.000 |
|     vn_map_time     | 0.068 |
|    spec_syn_time    | 0.707 |
|       syn_time      | 0.400 |
|         rps         | 0.281 |
+---------------------+-------+


wrong_1_044.py
success_wo_mut
+---------------------+-------+
|        Metric       | Value |
+---------------------+-------+
|         time        | 2.501 |
| ol_refactoring_time | 1.226 |
|       gcr_time      | 0.418 |
|       mut_time      | 0.000 |
|     vn_map_time     | 0.043 |
|    spec_syn_time    | 0.798 |
|       syn_time      | 0.269 |
|         rps         | 0.404 |
+---------------------+-------+


wrong_1_155.py
success_wo_mut
+---------------------+-------+
|        Metric       | Value |
+---------------------+-------+
|         time        | 1.410 |
| ol_refactoring_time | 1.157 |
|       gcr_time      | 0.040 |
|       mut_time      | 0.000 |
|     vn_map_time     | 0.065 |
|    spec_syn_time    | 0.135 |
|       syn_time      | 0.029 |
|         rps         | 0.154 |
+---------------------+-------+


wrong_1_015.py
success_wo_mut
+---------------------+-------+
|        Metric       | Value |
+---------------------+-------+
|         time        | 1.912 |
| ol_refactoring_time | 1.134 |
|       gcr_time      | 0.046 |
|       mut_time      | 0.000 |
|     vn_map_time     | 0.048 |
|    spec_syn_time    | 0.672 |
|       syn_time      | 0.394 |
|         rps         | 0.292 |
+---------------------+-------+


wrong_1_384.py
success_wo_mut
+---------------------+-------+
|        Metric       | Value |
+---------------------+-------+
|         time        | 2.651 |
| ol_refactoring_time | 1.211 |
|       gcr_time      | 0.062 |
|       mut_time      | 0.000 |
|     vn_map_time     | 0.073 |
|    spec_syn_time    | 1.290 |
|       syn_time      | 0.796 |
|         rps         | 0.489 |
+---------------------+-------+


wrong_1_237.py
success_wo_mut
+---------------------+-------+
|        Metric       | Value |
+---------------------+-------+
|         time        | 2.956 |
| ol_refactoring_time | 1.291 |
|       gcr_time      | 0.021 |
|       mut_time      | 0.000 |
|     vn_map_time     | 0.112 |
|    spec_syn_time    | 1.520 |
|       syn_time      | 1.059 |
|         rps         | 0.730 |
+---------------------+-------+


wrong_1_377.py
structure mutation
success_w_mut
+---------------------+--------+
|        Metric       | Value  |
+---------------------+--------+
|         time        | 23.474 |
| ol_refactoring_time | 18.125 |
|       gcr_time      | 2.818  |
|       mut_time      | 0.000  |
|     vn_map_time     | 0.119  |
|    spec_syn_time    | 2.375  |
|       syn_time      | 1.211  |
|         rps         | 0.833  |
+---------------------+--------+


wrong_1_266.py
success_wo_mut
+---------------------+-------+
|        Metric       | Value |
+---------------------+-------+
|         time        | 2.945 |
| ol_refactoring_time | 1.946 |
|       gcr_time      | 0.720 |
|       mut_time      | 0.000 |
|     vn_map_time     | 0.049 |
|    spec_syn_time    | 0.212 |
|       syn_time      | 0.036 |
|         rps         | 0.256 |
+---------------------+-------+


wrong_1_326.py
success_wo_mut
+---------------------+-------+
|        Metric       | Value |
+---------------------+-------+
|         time        | 1.916 |
| ol_refactoring_time | 1.217 |
|       gcr_time      | 0.021 |
|       mut_time      | 0.000 |
|     vn_map_time     | 0.067 |
|    spec_syn_time    | 0.599 |
|       syn_time      | 0.365 |
|         rps         | 0.205 |
+---------------------+-------+


wrong_1_021.py
success_wo_mut
+---------------------+-------+
|        Metric       | Value |
+---------------------+-------+
|         time        | 2.007 |
| ol_refactoring_time | 1.146 |
|       gcr_time      | 0.156 |
|       mut_time      | 0.000 |
|     vn_map_time     | 0.048 |
|    spec_syn_time    | 0.642 |
|       syn_time      | 0.127 |
|         rps         | 0.464 |
+---------------------+-------+


wrong_1_161.py
success_wo_mut
+---------------------+-------+
|        Metric       | Value |
+---------------------+-------+
|         time        | 1.459 |
| ol_refactoring_time | 1.173 |
|       gcr_time      | 0.062 |
|       mut_time      | 0.000 |
|     vn_map_time     | 0.063 |
|    spec_syn_time    | 0.149 |
|       syn_time      | 0.034 |
|         rps         | 0.154 |
+---------------------+-------+


wrong_1_070.py
success_wo_mut
+---------------------+-------+
|        Metric       | Value |
+---------------------+-------+
|         time        | 2.184 |
| ol_refactoring_time | 1.137 |
|       gcr_time      | 0.119 |
|       mut_time      | 0.000 |
|     vn_map_time     | 0.044 |
|    spec_syn_time    | 0.868 |
|       syn_time      | 0.389 |
|         rps         | 0.288 |
+---------------------+-------+


wrong_1_130.py
success_wo_mut
+---------------------+-------+
|        Metric       | Value |
+---------------------+-------+
|         time        | 2.063 |
| ol_refactoring_time | 1.138 |
|       gcr_time      | 0.274 |
|       mut_time      | 0.000 |
|     vn_map_time     | 0.041 |
|    spec_syn_time    | 0.594 |
|       syn_time      | 0.166 |
|         rps         | 0.446 |
+---------------------+-------+


wrong_1_083.py
success_wo_mut
+---------------------+-------+
|        Metric       | Value |
+---------------------+-------+
|         time        | 1.460 |
| ol_refactoring_time | 1.126 |
|       gcr_time      | 0.159 |
|       mut_time      | 0.000 |
|     vn_map_time     | 0.043 |
|    spec_syn_time    | 0.119 |
|       syn_time      | 0.007 |
|         rps         | 0.167 |
+---------------------+-------+


wrong_1_312.py
success_wo_mut
+---------------------+-------+
|        Metric       | Value |
+---------------------+-------+
|         time        | 2.432 |
| ol_refactoring_time | 1.119 |
|       gcr_time      | 1.161 |
|       mut_time      | 0.000 |
|     vn_map_time     | 0.038 |
|    spec_syn_time    | 0.103 |
|       syn_time      | 0.007 |
|         rps         | 0.148 |
+---------------------+-------+


wrong_1_252.py
success_wo_mut
+---------------------+-------+
|        Metric       | Value |
+---------------------+-------+
|         time        | 2.348 |
| ol_refactoring_time | 1.155 |
|       gcr_time      | 0.212 |
|       mut_time      | 0.000 |
|     vn_map_time     | 0.059 |
|    spec_syn_time    | 0.907 |
|       syn_time      | 0.245 |
|         rps         | 0.500 |
+---------------------+-------+


wrong_1_343.py
success_wo_mut
+---------------------+-------+
|        Metric       | Value |
+---------------------+-------+
|         time        | 2.907 |
| ol_refactoring_time | 1.224 |
|       gcr_time      | 0.119 |
|       mut_time      | 0.000 |
|     vn_map_time     | 0.046 |
|    spec_syn_time    | 1.502 |
|       syn_time      | 0.728 |
|         rps         | 0.714 |
+---------------------+-------+


wrong_1_192.py
success_wo_mut
+---------------------+-------+
|        Metric       | Value |
+---------------------+-------+
|         time        | 1.559 |
| ol_refactoring_time | 1.165 |
|       gcr_time      | 0.131 |
|       mut_time      | 0.000 |
|     vn_map_time     | 0.064 |
|    spec_syn_time    | 0.185 |
|       syn_time      | 0.008 |
|         rps         | 0.105 |
+---------------------+-------+


wrong_1_203.py
success_wo_mut
+---------------------+-------+
|        Metric       | Value |
+---------------------+-------+
|         time        | 2.386 |
| ol_refactoring_time | 1.123 |
|       gcr_time      | 0.068 |
|       mut_time      | 0.000 |
|     vn_map_time     | 0.055 |
|    spec_syn_time    | 1.124 |
|       syn_time      | 0.461 |
|         rps         | 0.641 |
+---------------------+-------+


wrong_1_183.py
success_wo_mut
+---------------------+-------+
|        Metric       | Value |
+---------------------+-------+
|         time        | 2.031 |
| ol_refactoring_time | 1.118 |
|       gcr_time      | 0.573 |
|       mut_time      | 0.000 |
|     vn_map_time     | 0.064 |
|    spec_syn_time    | 0.265 |
|       syn_time      | 0.007 |
|         rps         | 0.682 |
+---------------------+-------+


wrong_1_212.py
success_wo_mut
+---------------------+-------+
|        Metric       | Value |
+---------------------+-------+
|         time        | 2.006 |
| ol_refactoring_time | 1.133 |
|       gcr_time      | 0.238 |
|       mut_time      | 0.000 |
|     vn_map_time     | 0.054 |
|    spec_syn_time    | 0.562 |
|       syn_time      | 0.358 |
|         rps         | 0.158 |
+---------------------+-------+


wrong_1_352.py
success_wo_mut
+---------------------+-------+
|        Metric       | Value |
+---------------------+-------+
|         time        | 2.496 |
| ol_refactoring_time | 1.131 |
|       gcr_time      | 0.448 |
|       mut_time      | 0.000 |
|     vn_map_time     | 0.054 |
|    spec_syn_time    | 0.849 |
|       syn_time      | 0.278 |
|         rps         | 0.511 |
+---------------------+-------+


wrong_1_243.py
success_wo_mut
+---------------------+-------+
|        Metric       | Value |
+---------------------+-------+
|         time        | 2.929 |
| ol_refactoring_time | 1.121 |
|       gcr_time      | 1.747 |
|       mut_time      | 0.000 |
|     vn_map_time     | 0.037 |
|    spec_syn_time    | 0.015 |
|       syn_time      | 0.000 |
|         rps         | 0.400 |
+---------------------+-------+


wrong_1_092.py
success_wo_mut
+---------------------+-------+
|        Metric       | Value |
+---------------------+-------+
|         time        | 2.110 |
| ol_refactoring_time | 1.200 |
|       gcr_time      | 0.284 |
|       mut_time      | 0.000 |
|     vn_map_time     | 0.060 |
|    spec_syn_time    | 0.551 |
|       syn_time      | 0.359 |
|         rps         | 0.019 |
+---------------------+-------+


wrong_1_303.py
success_wo_mut
+---------------------+-------+
|        Metric       | Value |
+---------------------+-------+
|         time        | 2.175 |
| ol_refactoring_time | 1.122 |
|       gcr_time      | 0.071 |
|       mut_time      | 0.000 |
|     vn_map_time     | 0.047 |
|    spec_syn_time    | 0.918 |
|       syn_time      | 0.364 |
|         rps         | 0.769 |
+---------------------+-------+


wrong_1_121.py
success_wo_mut
+---------------------+-------+
|        Metric       | Value |
+---------------------+-------+
|         time        | 1.816 |
| ol_refactoring_time | 1.131 |
|       gcr_time      | 0.420 |
|       mut_time      | 0.000 |
|     vn_map_time     | 0.054 |
|    spec_syn_time    | 0.198 |
|       syn_time      | 0.031 |
|         rps         | 0.136 |
+---------------------+-------+


wrong_1_061.py
success_wo_mut
+---------------------+-------+
|        Metric       | Value |
+---------------------+-------+
|         time        | 3.523 |
| ol_refactoring_time | 1.124 |
|       gcr_time      | 0.140 |
|       mut_time      | 0.000 |
|     vn_map_time     | 0.059 |
|    spec_syn_time    | 2.188 |
|       syn_time      | 1.481 |
|         rps         | 0.711 |
+---------------------+-------+


wrong_1_170.py
success_wo_mut
+---------------------+-------+
|        Metric       | Value |
+---------------------+-------+
|         time        | 2.736 |
| ol_refactoring_time | 1.124 |
|       gcr_time      | 0.172 |
|       mut_time      | 0.000 |
|     vn_map_time     | 0.058 |
|    spec_syn_time    | 1.367 |
|       syn_time      | 0.749 |
|         rps         | 0.739 |
+---------------------+-------+


wrong_1_030.py
structure mutation
success_w_mut
+---------------------+-------+
|        Metric       | Value |
+---------------------+-------+
|         time        | 8.294 |
| ol_refactoring_time | 7.583 |
|       gcr_time      | 0.595 |
|       mut_time      | 0.000 |
|     vn_map_time     | 0.063 |
|    spec_syn_time    | 0.034 |
|       syn_time      | 0.000 |
|         rps         | 0.739 |
+---------------------+-------+


wrong_1_337.py
success_wo_mut
+---------------------+-------+
|        Metric       | Value |
+---------------------+-------+
|         time        | 3.283 |
| ol_refactoring_time | 1.807 |
|       gcr_time      | 0.885 |
|       mut_time      | 0.000 |
|     vn_map_time     | 0.055 |
|    spec_syn_time    | 0.525 |
|       syn_time      | 0.361 |
|         rps         | 0.043 |
+---------------------+-------+


wrong_1_277.py
success_wo_mut
+---------------------+-------+
|        Metric       | Value |
+---------------------+-------+
|         time        | 2.576 |
| ol_refactoring_time | 1.130 |
|       gcr_time      | 0.813 |
|       mut_time      | 0.000 |
|     vn_map_time     | 0.091 |
|    spec_syn_time    | 0.532 |
|       syn_time      | 0.359 |
|         rps         | 0.045 |
+---------------------+-------+


wrong_1_366.py
success_wo_mut
+---------------------+-------+
|        Metric       | Value |
+---------------------+-------+
|         time        | 1.670 |
| ol_refactoring_time | 1.134 |
|       gcr_time      | 0.330 |
|       mut_time      | 0.000 |
|     vn_map_time     | 0.037 |
|    spec_syn_time    | 0.153 |
|       syn_time      | 0.031 |
|         rps         | 0.014 |
+---------------------+-------+


wrong_1_226.py
success_wo_mut
+---------------------+-------+
|        Metric       | Value |
+---------------------+-------+
|         time        | 1.599 |
| ol_refactoring_time | 1.123 |
|       gcr_time      | 0.197 |
|       mut_time      | 0.000 |
|     vn_map_time     | 0.056 |
|    spec_syn_time    | 0.211 |
|       syn_time      | 0.016 |
|         rps         | 0.212 |
+---------------------+-------+


wrong_1_004.py
success_wo_mut
+---------------------+-------+
|        Metric       | Value |
+---------------------+-------+
|         time        | 2.613 |
| ol_refactoring_time | 1.211 |
|       gcr_time      | 0.661 |
|       mut_time      | 0.000 |
|     vn_map_time     | 0.049 |
|    spec_syn_time    | 0.674 |
|       syn_time      | 0.392 |
|         rps         | 0.506 |
+---------------------+-------+


wrong_1_395.py
structure mutation
success_w_mut
+---------------------+--------+
|        Metric       | Value  |
+---------------------+--------+
|         time        | 23.303 |
| ol_refactoring_time | 17.028 |
|       gcr_time      | 3.895  |
|       mut_time      | 0.000  |
|     vn_map_time     | 0.381  |
|    spec_syn_time    | 1.963  |
|       syn_time      | 1.006  |
|         rps         | 0.820  |
+---------------------+--------+


wrong_1_144.py
success_wo_mut
+---------------------+-------+
|        Metric       | Value |
+---------------------+-------+
|         time        | 3.359 |
| ol_refactoring_time | 1.448 |
|       gcr_time      | 0.244 |
|       mut_time      | 0.000 |
|     vn_map_time     | 0.609 |
|    spec_syn_time    | 1.034 |
|       syn_time      | 0.854 |
|         rps         | 0.034 |
+---------------------+-------+


wrong_1_055.py
success_wo_mut
+---------------------+-------+
|        Metric       | Value |
+---------------------+-------+
|         time        | 2.644 |
| ol_refactoring_time | 1.327 |
|       gcr_time      | 0.060 |
|       mut_time      | 0.000 |
|     vn_map_time     | 0.054 |
|    spec_syn_time    | 1.188 |
|       syn_time      | 0.444 |
|         rps         | 0.877 |
+---------------------+-------+


wrong_1_115.py
success_wo_mut
+---------------------+-------+
|        Metric       | Value |
+---------------------+-------+
|         time        | 1.743 |
| ol_refactoring_time | 1.180 |
|       gcr_time      | 0.336 |
|       mut_time      | 0.000 |
|     vn_map_time     | 0.049 |
|    spec_syn_time    | 0.162 |
|       syn_time      | 0.034 |
|         rps         | 0.103 |
+---------------------+-------+


wrong_1_284.py
success_wo_mut
+---------------------+-------+
|        Metric       | Value |
+---------------------+-------+
|         time        | 1.653 |
| ol_refactoring_time | 1.121 |
|       gcr_time      | 0.139 |
|       mut_time      | 0.000 |
|     vn_map_time     | 0.046 |
|    spec_syn_time    | 0.333 |
|       syn_time      | 0.133 |
|         rps         | 0.042 |
+---------------------+-------+


wrong_1_428.py
success_wo_mut
+---------------------+-------+
|        Metric       | Value |
+---------------------+-------+
|         time        | 3.614 |
| ol_refactoring_time | 1.160 |
|       gcr_time      | 0.187 |
|       mut_time      | 0.000 |
|     vn_map_time     | 0.061 |
|    spec_syn_time    | 2.192 |
|       syn_time      | 1.468 |
|         rps         | 0.796 |
+---------------------+-------+


wrong_1_568.py
success_wo_mut
+---------------------+-------+
|        Metric       | Value |
+---------------------+-------+
|         time        | 2.772 |
| ol_refactoring_time | 1.187 |
|       gcr_time      | 0.988 |
|       mut_time      | 0.000 |
|     vn_map_time     | 0.054 |
|    spec_syn_time    | 0.532 |
|       syn_time      | 0.358 |
|         rps         | 0.250 |
+---------------------+-------+


wrong_1_479.py
success_wo_mut
+---------------------+-------+
|        Metric       | Value |
+---------------------+-------+
|         time        | 1.438 |
| ol_refactoring_time | 1.131 |
|       gcr_time      | 0.101 |
|       mut_time      | 0.000 |
|     vn_map_time     | 0.045 |
|    spec_syn_time    | 0.149 |
|       syn_time      | 0.034 |
|         rps         | 0.067 |
+---------------------+-------+


wrong_1_539.py
success_wo_mut
+---------------------+-------+
|        Metric       | Value |
+---------------------+-------+
|         time        | 2.627 |
| ol_refactoring_time | 1.133 |
|       gcr_time      | 0.373 |
|       mut_time      | 0.000 |
|     vn_map_time     | 0.070 |
|    spec_syn_time    | 1.039 |
|       syn_time      | 0.716 |
|         rps         | 0.459 |
+---------------------+-------+


wrong_1_529.py
success_wo_mut
+---------------------+-------+
|        Metric       | Value |
+---------------------+-------+
|         time        | 3.934 |
| ol_refactoring_time | 1.134 |
|       gcr_time      | 0.112 |
|       mut_time      | 0.000 |
|     vn_map_time     | 0.093 |
|    spec_syn_time    | 2.581 |
|       syn_time      | 1.486 |
|         rps         | 0.904 |
+---------------------+-------+


wrong_1_469.py
structure mutation
success_w_mut
+---------------------+-------+
|        Metric       | Value |
+---------------------+-------+
|         time        | 8.178 |
| ol_refactoring_time | 7.823 |
|       gcr_time      | 0.030 |
|       mut_time      | 0.000 |
|     vn_map_time     | 0.082 |
|    spec_syn_time    | 0.229 |
|       syn_time      | 0.005 |
|         rps         | 0.538 |
+---------------------+-------+


wrong_1_438.py
structure mutation
success_w_mut
+---------------------+--------+
|        Metric       | Value  |
+---------------------+--------+
|         time        | 18.255 |
| ol_refactoring_time | 16.056 |
|       gcr_time      | 0.357  |
|       mut_time      | 0.000  |
|     vn_map_time     | 0.110  |
|    spec_syn_time    | 1.703  |
|       syn_time      | 0.449  |
|         rps         | 0.741  |
+---------------------+--------+


wrong_1_294.py
success_wo_mut
+---------------------+-------+
|        Metric       | Value |
+---------------------+-------+
|         time        | 2.982 |
| ol_refactoring_time | 1.846 |
|       gcr_time      | 0.385 |
|       mut_time      | 0.000 |
|     vn_map_time     | 0.044 |
|    spec_syn_time    | 0.697 |
|       syn_time      | 0.254 |
|         rps         | 0.250 |
+---------------------+-------+


wrong_1_105.py
success_wo_mut
+---------------------+-------+
|        Metric       | Value |
+---------------------+-------+
|         time        | 4.245 |
| ol_refactoring_time | 1.143 |
|       gcr_time      | 2.333 |
|       mut_time      | 0.000 |
|     vn_map_time     | 0.042 |
|    spec_syn_time    | 0.714 |
|       syn_time      | 0.254 |
|         rps         | 0.357 |
+---------------------+-------+


wrong_1_045.py
success_wo_mut
+---------------------+-------+
|        Metric       | Value |
+---------------------+-------+
|         time        | 3.299 |
| ol_refactoring_time | 1.400 |
|       gcr_time      | 0.221 |
|       mut_time      | 0.000 |
|     vn_map_time     | 0.059 |
|    spec_syn_time    | 1.601 |
|       syn_time      | 1.088 |
|         rps         | 0.608 |
+---------------------+-------+


wrong_1_154.py
structure mutation
success_w_mut
+---------------------+--------+
|        Metric       | Value  |
+---------------------+--------+
|         time        | 13.112 |
| ol_refactoring_time | 11.164 |
|       gcr_time      | 1.732  |
|       mut_time      | 0.000  |
|     vn_map_time     | 0.047  |
|    spec_syn_time    | 0.152  |
|       syn_time      | 0.028  |
|         rps         | 0.656  |
+---------------------+--------+


wrong_1_385.py
success_wo_mut
+---------------------+-------+
|        Metric       | Value |
+---------------------+-------+
|         time        | 3.493 |
| ol_refactoring_time | 1.533 |
|       gcr_time      | 0.057 |
|       mut_time      | 0.000 |
|     vn_map_time     | 0.102 |
|    spec_syn_time    | 1.777 |
|       syn_time      | 1.245 |
|         rps         | 0.795 |
+---------------------+-------+


wrong_1_014.py
success_wo_mut
+---------------------+-------+
|        Metric       | Value |
+---------------------+-------+
|         time        | 1.779 |
| ol_refactoring_time | 1.230 |
|       gcr_time      | 0.032 |
|       mut_time      | 0.000 |
|     vn_map_time     | 0.030 |
|    spec_syn_time    | 0.473 |
|       syn_time      | 0.091 |
|         rps         | 1.552 |
+---------------------+-------+


wrong_1_236.py
success_wo_mut
+---------------------+-------+
|        Metric       | Value |
+---------------------+-------+
|         time        | 2.204 |
| ol_refactoring_time | 1.153 |
|       gcr_time      | 0.054 |
|       mut_time      | 0.000 |
|     vn_map_time     | 0.051 |
|    spec_syn_time    | 0.932 |
|       syn_time      | 0.414 |
|         rps         | 0.395 |
+---------------------+-------+


wrong_1_376.py
success_wo_mut
+---------------------+-------+
|        Metric       | Value |
+---------------------+-------+
|         time        | 2.496 |
| ol_refactoring_time | 1.124 |
|       gcr_time      | 0.508 |
|       mut_time      | 0.000 |
|     vn_map_time     | 0.048 |
|    spec_syn_time    | 0.805 |
|       syn_time      | 0.263 |
|         rps         | 0.400 |
+---------------------+-------+


wrong_1_267.py
success_wo_mut
+---------------------+-------+
|        Metric       | Value |
+---------------------+-------+
|         time        | 2.018 |
| ol_refactoring_time | 1.130 |
|       gcr_time      | 0.635 |
|       mut_time      | 0.000 |
|     vn_map_time     | 0.044 |
|    spec_syn_time    | 0.193 |
|       syn_time      | 0.034 |
|         rps         | 0.256 |
+---------------------+-------+


wrong_1_327.py
success_wo_mut
+---------------------+-------+
|        Metric       | Value |
+---------------------+-------+
|         time        | 1.651 |
| ol_refactoring_time | 1.123 |
|       gcr_time      | 0.311 |
|       mut_time      | 0.000 |
|     vn_map_time     | 0.063 |
|    spec_syn_time    | 0.142 |
|       syn_time      | 0.013 |
|         rps         | 0.188 |
+---------------------+-------+


wrong_1_020.py
success_wo_mut
+---------------------+-------+
|        Metric       | Value |
+---------------------+-------+
|         time        | 1.953 |
| ol_refactoring_time | 1.125 |
|       gcr_time      | 0.142 |
|       mut_time      | 0.000 |
|     vn_map_time     | 0.047 |
|    spec_syn_time    | 0.625 |
|       syn_time      | 0.125 |
|         rps         | 0.400 |
+---------------------+-------+


wrong_1_160.py
structure mutation
success_w_mut
+---------------------+-------+
|        Metric       | Value |
+---------------------+-------+
|         time        | 9.524 |
| ol_refactoring_time | 7.244 |
|       gcr_time      | 1.721 |
|       mut_time      | 0.000 |
|     vn_map_time     | 0.076 |
|    spec_syn_time    | 0.458 |
|       syn_time      | 0.161 |
|         rps         | 0.623 |
+---------------------+-------+


wrong_1_071.py
success_wo_mut
+---------------------+-------+
|        Metric       | Value |
+---------------------+-------+
|         time        | 2.424 |
| ol_refactoring_time | 1.619 |
|       gcr_time      | 0.107 |
|       mut_time      | 0.000 |
|     vn_map_time     | 0.050 |
|    spec_syn_time    | 0.634 |
|       syn_time      | 0.272 |
|         rps         | 0.383 |
+---------------------+-------+


wrong_1_131.py
success_wo_mut
+---------------------+-------+
|        Metric       | Value |
+---------------------+-------+
|         time        | 1.554 |
| ol_refactoring_time | 1.153 |
|       gcr_time      | 0.195 |
|       mut_time      | 0.000 |
|     vn_map_time     | 0.040 |
|    spec_syn_time    | 0.151 |
|       syn_time      | 0.034 |
|         rps         | 0.070 |
+---------------------+-------+


wrong_1_313.py
success_wo_mut
+---------------------+-------+
|        Metric       | Value |
+---------------------+-------+
|         time        | 2.267 |
| ol_refactoring_time | 1.160 |
|       gcr_time      | 0.321 |
|       mut_time      | 0.000 |
|     vn_map_time     | 0.046 |
|    spec_syn_time    | 0.727 |
|       syn_time      | 0.266 |
|         rps         | 0.333 |
+---------------------+-------+


wrong_1_082.py
success_wo_mut
+---------------------+-------+
|        Metric       | Value |
+---------------------+-------+
|         time        | 2.478 |
| ol_refactoring_time | 1.126 |
|       gcr_time      | 1.193 |
|       mut_time      | 0.000 |
|     vn_map_time     | 0.040 |
|    spec_syn_time    | 0.107 |
|       syn_time      | 0.007 |
|         rps         | 0.138 |
+---------------------+-------+


wrong_1_253.py
success_wo_mut
+---------------------+-------+
|        Metric       | Value |
+---------------------+-------+
|         time        | 1.575 |
| ol_refactoring_time | 1.161 |
|       gcr_time      | 0.107 |
|       mut_time      | 0.000 |
|     vn_map_time     | 0.080 |
|    spec_syn_time    | 0.208 |
|       syn_time      | 0.042 |
|         rps         | 0.025 |
+---------------------+-------+


wrong_1_342.py
success_wo_mut
+---------------------+-------+
|        Metric       | Value |
+---------------------+-------+
|         time        | 3.177 |
| ol_refactoring_time | 1.181 |
|       gcr_time      | 0.113 |
|       mut_time      | 0.000 |
|     vn_map_time     | 0.043 |
|    spec_syn_time    | 1.824 |
|       syn_time      | 0.870 |
|         rps         | 0.786 |
+---------------------+-------+


wrong_1_202.py
success_wo_mut
+---------------------+-------+
|        Metric       | Value |
+---------------------+-------+
|         time        | 2.348 |
| ol_refactoring_time | 1.171 |
|       gcr_time      | 0.070 |
|       mut_time      | 0.000 |
|     vn_map_time     | 0.056 |
|    spec_syn_time    | 1.034 |
|       syn_time      | 0.431 |
|         rps         | 0.627 |
+---------------------+-------+


wrong_1_193.py
success_wo_mut
+---------------------+-------+
|        Metric       | Value |
+---------------------+-------+
|         time        | 1.592 |
| ol_refactoring_time | 1.122 |
|       gcr_time      | 0.350 |
|       mut_time      | 0.000 |
|     vn_map_time     | 0.063 |
|    spec_syn_time    | 0.046 |
|       syn_time      | 0.000 |
|         rps         | 0.167 |
+---------------------+-------+


wrong_1_362.py
success_wo_mut
+---------------------+-------+
|        Metric       | Value |
+---------------------+-------+
|         time        | 1.667 |
| ol_refactoring_time | 1.131 |
|       gcr_time      | 0.329 |
|       mut_time      | 0.000 |
|     vn_map_time     | 0.037 |
|    spec_syn_time    | 0.152 |
|       syn_time      | 0.028 |
|         rps         | 0.014 |
+---------------------+-------+


wrong_1_222.py
success_wo_mut
+---------------------+-------+
|        Metric       | Value |
+---------------------+-------+
|         time        | 2.644 |
| ol_refactoring_time | 1.139 |
|       gcr_time      | 1.361 |
|       mut_time      | 0.000 |
|     vn_map_time     | 0.030 |
|    spec_syn_time    | 0.103 |
|       syn_time      | 0.002 |
|         rps         | 0.185 |
+---------------------+-------+


wrong_1_333.py
success_wo_mut
+---------------------+-------+
|        Metric       | Value |
+---------------------+-------+
|         time        | 1.671 |
| ol_refactoring_time | 1.163 |
|       gcr_time      | 0.357 |
|       mut_time      | 0.000 |
|     vn_map_time     | 0.039 |
|    spec_syn_time    | 0.100 |
|       syn_time      | 0.003 |
|         rps         | 0.192 |
+---------------------+-------+


wrong_1_273.py
success_wo_mut
+---------------------+-------+
|        Metric       | Value |
+---------------------+-------+
|         time        | 1.962 |
| ol_refactoring_time | 1.191 |
|       gcr_time      | 0.433 |
|       mut_time      | 0.000 |
|     vn_map_time     | 0.062 |
|    spec_syn_time    | 0.258 |
|       syn_time      | 0.124 |
|         rps         | 0.220 |
+---------------------+-------+


wrong_1_051.py
structure mutation
fail_other
{'001': False, '002': False, '003': False, '004': False, '005': False, '006': False, '007': False, '008': False, '009': False, '010': True, '011': True}
{'search': {'x': 'x', 'seq': 'seq', 'newseq': 'seq', 'b': 'b', 'elem': 'i', 'a': 'a', 'sortlist': 'buggy_sortlist', 'start': 'buggy_start', 'pos': 'buggy_pos'}}


wrong_1_280.py
success_wo_mut
+---------------------+-------+
|        Metric       | Value |
+---------------------+-------+
|         time        | 4.454 |
| ol_refactoring_time | 1.998 |
|       gcr_time      | 0.195 |
|       mut_time      | 0.000 |
|     vn_map_time     | 0.054 |
|    spec_syn_time    | 2.188 |
|       syn_time      | 1.487 |
|         rps         | 0.729 |
+---------------------+-------+


wrong_1_111.py
structure mutation
success_w_mut
+---------------------+-------+
|        Metric       | Value |
+---------------------+-------+
|         time        | 9.774 |
| ol_refactoring_time | 8.701 |
|       gcr_time      | 0.036 |
|       mut_time      | 0.000 |
|     vn_map_time     | 0.063 |
|    spec_syn_time    | 0.951 |
|       syn_time      | 0.401 |
|         rps         | 0.848 |
+---------------------+-------+


wrong_1_391.py
structure mutation
success_w_mut
+---------------------+--------+
|        Metric       | Value  |
+---------------------+--------+
|         time        | 23.015 |
| ol_refactoring_time | 17.046 |
|       gcr_time      | 3.792  |
|       mut_time      | 0.000  |
|     vn_map_time     | 0.431  |
|    spec_syn_time    | 1.708  |
|       syn_time      | 0.855  |
|         rps         | 0.847  |
+---------------------+--------+


wrong_1_140.py
success_wo_mut
+---------------------+-------+
|        Metric       | Value |
+---------------------+-------+
|         time        | 3.229 |
| ol_refactoring_time | 1.825 |
|       gcr_time      | 1.062 |
|       mut_time      | 0.000 |
|     vn_map_time     | 0.034 |
|    spec_syn_time    | 0.296 |
|       syn_time      | 0.124 |
|         rps         | 0.138 |
+---------------------+-------+


wrong_1_247.py
success_wo_mut
+---------------------+-------+
|        Metric       | Value |
+---------------------+-------+
|         time        | 4.103 |
| ol_refactoring_time | 1.131 |
|       gcr_time      | 2.015 |
|       mut_time      | 0.000 |
|     vn_map_time     | 0.050 |
|    spec_syn_time    | 0.894 |
|       syn_time      | 0.379 |
|         rps         | 0.297 |
+---------------------+-------+


wrong_1_307.py
success_wo_mut
+---------------------+-------+
|        Metric       | Value |
+---------------------+-------+
|         time        | 5.347 |
| ol_refactoring_time | 4.689 |
|       gcr_time      | 0.014 |
|       mut_time      | 0.000 |
|     vn_map_time     | 0.080 |
|    spec_syn_time    | 0.552 |
|       syn_time      | 0.243 |
|         rps         | 0.688 |
+---------------------+-------+


wrong_1_096.py
success_wo_mut
+---------------------+-------+
|        Metric       | Value |
+---------------------+-------+
|         time        | 2.360 |
| ol_refactoring_time | 1.769 |
|       gcr_time      | 0.378 |
|       mut_time      | 0.000 |
|     vn_map_time     | 0.047 |
|    spec_syn_time    | 0.151 |
|       syn_time      | 0.034 |
|         rps         | 0.061 |
+---------------------+-------+


wrong_1_216.py
success_wo_mut
+---------------------+-------+
|        Metric       | Value |
+---------------------+-------+
|         time        | 1.984 |
| ol_refactoring_time | 1.303 |
|       gcr_time      | 0.020 |
|       mut_time      | 0.000 |
|     vn_map_time     | 0.056 |
|    spec_syn_time    | 0.593 |
|       syn_time      | 0.242 |
|         rps         | 1.000 |
+---------------------+-------+


wrong_1_187.py
structure mutation
success_w_mut
+---------------------+--------+
|        Metric       | Value  |
+---------------------+--------+
|         time        | 10.032 |
| ol_refactoring_time | 8.958  |
|       gcr_time      | 0.119  |
|       mut_time      | 0.000  |
|     vn_map_time     | 0.051  |
|    spec_syn_time    | 0.881  |
|       syn_time      | 0.406  |
|         rps         | 0.818  |
+---------------------+--------+


wrong_1_356.py
success_wo_mut
+---------------------+--------+
|        Metric       | Value  |
+---------------------+--------+
|         time        | 14.529 |
| ol_refactoring_time | 1.775  |
|       gcr_time      | 0.094  |
|       mut_time      | 0.000  |
|     vn_map_time     | 0.116  |
|    spec_syn_time    | 12.531 |
|       syn_time      | 12.342 |
|         rps         | 0.024  |
+---------------------+--------+


wrong_1_174.py
success_wo_mut
+---------------------+-------+
|        Metric       | Value |
+---------------------+-------+
|         time        | 1.865 |
| ol_refactoring_time | 1.136 |
|       gcr_time      | 0.320 |
|       mut_time      | 0.000 |
|     vn_map_time     | 0.041 |
|    spec_syn_time    | 0.354 |
|       syn_time      | 0.158 |
|         rps         | 0.042 |
+---------------------+-------+


wrong_1_034.py
success_wo_mut
+---------------------+-------+
|        Metric       | Value |
+---------------------+-------+
|         time        | 2.545 |
| ol_refactoring_time | 1.123 |
|       gcr_time      | 0.094 |
|       mut_time      | 0.000 |
|     vn_map_time     | 0.065 |
|    spec_syn_time    | 1.248 |
|       syn_time      | 0.728 |
|         rps         | 0.776 |
+---------------------+-------+


wrong_1_125.py
success_wo_mut
+---------------------+-------+
|        Metric       | Value |
+---------------------+-------+
|         time        | 1.807 |
| ol_refactoring_time | 1.125 |
|       gcr_time      | 0.418 |
|       mut_time      | 0.000 |
|     vn_map_time     | 0.053 |
|    spec_syn_time    | 0.198 |
|       syn_time      | 0.031 |
|         rps         | 0.136 |
+---------------------+-------+


wrong_1_065.py
success_wo_mut
+---------------------+-------+
|        Metric       | Value |
+---------------------+-------+
|         time        | 2.298 |
| ol_refactoring_time | 1.132 |
|       gcr_time      | 0.556 |
|       mut_time      | 0.000 |
|     vn_map_time     | 0.040 |
|    spec_syn_time    | 0.557 |
|       syn_time      | 0.133 |
|         rps         | 0.355 |
+---------------------+-------+


wrong_1_558.py
success_wo_mut
+---------------------+-------+
|        Metric       | Value |
+---------------------+-------+
|         time        | 3.271 |
| ol_refactoring_time | 1.126 |
|       gcr_time      | 0.312 |
|       mut_time      | 0.000 |
|     vn_map_time     | 0.108 |
|    spec_syn_time    | 1.713 |
|       syn_time      | 1.117 |
|         rps         | 0.333 |
+---------------------+-------+


wrong_1_418.py
success_wo_mut
+---------------------+-------+
|        Metric       | Value |
+---------------------+-------+
|         time        | 4.083 |
| ol_refactoring_time | 1.121 |
|       gcr_time      | 2.166 |
|       mut_time      | 0.000 |
|     vn_map_time     | 0.041 |
|    spec_syn_time    | 0.741 |
|       syn_time      | 0.259 |
|         rps         | 0.447 |
+---------------------+-------+


wrong_1_509.py
success_wo_mut
+---------------------+-------+
|        Metric       | Value |
+---------------------+-------+
|         time        | 2.087 |
| ol_refactoring_time | 1.149 |
|       gcr_time      | 0.293 |
|       mut_time      | 0.000 |
|     vn_map_time     | 0.040 |
|    spec_syn_time    | 0.591 |
|       syn_time      | 0.160 |
|         rps         | 0.400 |
+---------------------+-------+


wrong_1_449.py
structure mutation
success_w_mut
+---------------------+-------+
|        Metric       | Value |
+---------------------+-------+
|         time        | 8.467 |
| ol_refactoring_time | 7.510 |
|       gcr_time      | 0.538 |
|       mut_time      | 0.000 |
|     vn_map_time     | 0.059 |
|    spec_syn_time    | 0.339 |
|       syn_time      | 0.012 |
|         rps         | 0.424 |
+---------------------+-------+


wrong_1_459.py
success_wo_mut
+---------------------+-------+
|        Metric       | Value |
+---------------------+-------+
|         time        | 2.638 |
| ol_refactoring_time | 1.836 |
|       gcr_time      | 0.550 |
|       mut_time      | 0.000 |
|     vn_map_time     | 0.040 |
|    spec_syn_time    | 0.201 |
|       syn_time      | 0.005 |
|         rps         | 0.241 |
+---------------------+-------+


wrong_1_519.py
success_wo_mut
+---------------------+-------+
|        Metric       | Value |
+---------------------+-------+
|         time        | 3.205 |
| ol_refactoring_time | 1.121 |
|       gcr_time      | 0.314 |
|       mut_time      | 0.000 |
|     vn_map_time     | 0.107 |
|    spec_syn_time    | 1.650 |
|       syn_time      | 1.082 |
|         rps         | 0.333 |
+---------------------+-------+


wrong_1_408.py
success_wo_mut
+---------------------+-------+
|        Metric       | Value |
+---------------------+-------+
|         time        | 3.557 |
| ol_refactoring_time | 1.138 |
|       gcr_time      | 0.181 |
|       mut_time      | 0.000 |
|     vn_map_time     | 0.053 |
|    spec_syn_time    | 2.168 |
|       syn_time      | 1.446 |
|         rps         | 0.815 |
+---------------------+-------+


wrong_1_548.py
success_wo_mut
+---------------------+-------+
|        Metric       | Value |
+---------------------+-------+
|         time        | 1.736 |
| ol_refactoring_time | 1.151 |
|       gcr_time      | 0.217 |
|       mut_time      | 0.000 |
|     vn_map_time     | 0.056 |
|    spec_syn_time    | 0.300 |
|       syn_time      | 0.074 |
|         rps         | 0.281 |
+---------------------+-------+


wrong_1_075.py
success_wo_mut
+---------------------+-------+
|        Metric       | Value |
+---------------------+-------+
|         time        | 4.561 |
| ol_refactoring_time | 1.127 |
|       gcr_time      | 1.836 |
|       mut_time      | 0.000 |
|     vn_map_time     | 0.061 |
|    spec_syn_time    | 1.525 |
|       syn_time      | 0.632 |
|         rps         | 0.355 |
+---------------------+-------+


wrong_1_135.py
success_wo_mut
+---------------------+-------+
|        Metric       | Value |
+---------------------+-------+
|         time        | 3.244 |
| ol_refactoring_time | 1.118 |
|       gcr_time      | 1.547 |
|       mut_time      | 0.000 |
|     vn_map_time     | 0.037 |
|    spec_syn_time    | 0.531 |
|       syn_time      | 0.362 |
|         rps         | 0.316 |
+---------------------+-------+


wrong_1_024.py
success_wo_mut
+---------------------+-------+
|        Metric       | Value |
+---------------------+-------+
|         time        | 1.586 |
| ol_refactoring_time | 1.126 |
|       gcr_time      | 0.242 |
|       mut_time      | 0.000 |
|     vn_map_time     | 0.039 |
|    spec_syn_time    | 0.162 |
|       syn_time      | 0.034 |
|         rps         | 0.040 |
+---------------------+-------+


wrong_1_164.py
success_wo_mut
+---------------------+-------+
|        Metric       | Value |
+---------------------+-------+
|         time        | 3.959 |
| ol_refactoring_time | 1.734 |
|       gcr_time      | 0.039 |
|       mut_time      | 0.000 |
|     vn_map_time     | 0.093 |
|    spec_syn_time    | 2.077 |
|       syn_time      | 1.741 |
|         rps         | 0.667 |
+---------------------+-------+


wrong_1_346.py
success_wo_mut
+---------------------+-------+
|        Metric       | Value |
+---------------------+-------+
|         time        | 1.425 |
| ol_refactoring_time | 1.131 |
|       gcr_time      | 0.082 |
|       mut_time      | 0.000 |
|     vn_map_time     | 0.042 |
|    spec_syn_time    | 0.156 |
|       syn_time      | 0.035 |
|         rps         | 0.054 |
+---------------------+-------+


wrong_1_197.py
success_wo_mut
+---------------------+--------+
|        Metric       | Value  |
+---------------------+--------+
|         time        | 13.446 |
| ol_refactoring_time | 2.463  |
|       gcr_time      | 0.022  |
|       mut_time      | 0.000  |
|     vn_map_time     | 0.068  |
|    spec_syn_time    | 10.880 |
|       syn_time      | 10.352 |
|         rps         | 0.477  |
+---------------------+--------+


wrong_1_206.py
success_wo_mut
+---------------------+-------+
|        Metric       | Value |
+---------------------+-------+
|         time        | 2.237 |
| ol_refactoring_time | 1.124 |
|       gcr_time      | 0.429 |
|       mut_time      | 0.000 |
|     vn_map_time     | 0.038 |
|    spec_syn_time    | 0.632 |
|       syn_time      | 0.185 |
|         rps         | 0.300 |
+---------------------+-------+


wrong_1_086.py
success_wo_mut
+---------------------+-------+
|        Metric       | Value |
+---------------------+-------+
|         time        | 4.096 |
| ol_refactoring_time | 1.172 |
|       gcr_time      | 2.701 |
|       mut_time      | 0.000 |
|     vn_map_time     | 0.094 |
|    spec_syn_time    | 0.117 |
|       syn_time      | 0.006 |
|         rps         | 0.326 |
+---------------------+-------+


wrong_1_317.py
success_wo_mut
+---------------------+-------+
|        Metric       | Value |
+---------------------+-------+
|         time        | 1.675 |
| ol_refactoring_time | 1.129 |
|       gcr_time      | 0.400 |
|       mut_time      | 0.000 |
|     vn_map_time     | 0.035 |
|    spec_syn_time    | 0.098 |
|       syn_time      | 0.002 |
|         rps         | 0.261 |
+---------------------+-------+


wrong_1_257.py
structure mutation
success_w_mut
+---------------------+--------+
|        Metric       | Value  |
+---------------------+--------+
|         time        | 12.748 |
| ol_refactoring_time | 9.863  |
|       gcr_time      | 0.124  |
|       mut_time      | 0.000  |
|     vn_map_time     | 0.224  |
|    spec_syn_time    | 2.518  |
|       syn_time      | 1.867  |
|         rps         | 0.958  |
+---------------------+--------+


wrong_1_150.py
success_wo_mut
+---------------------+-------+
|        Metric       | Value |
+---------------------+-------+
|         time        | 3.676 |
| ol_refactoring_time | 1.807 |
|       gcr_time      | 0.708 |
|       mut_time      | 0.000 |
|     vn_map_time     | 0.084 |
|    spec_syn_time    | 1.065 |
|       syn_time      | 0.887 |
|         rps         | 0.036 |
+---------------------+-------+


wrong_1_010.py
success_wo_mut
+---------------------+-------+
|        Metric       | Value |
+---------------------+-------+
|         time        | 3.570 |
| ol_refactoring_time | 1.127 |
|       gcr_time      | 1.844 |
|       mut_time      | 0.000 |
|     vn_map_time     | 0.058 |
|    spec_syn_time    | 0.532 |
|       syn_time      | 0.362 |
|         rps         | 0.417 |
+---------------------+-------+


wrong_1_381.py
structure mutation
success_w_mut
+---------------------+--------+
|        Metric       | Value  |
+---------------------+--------+
|         time        | 22.296 |
| ol_refactoring_time | 17.241 |
|       gcr_time      | 2.809  |
|       mut_time      | 0.000  |
|     vn_map_time     | 0.130  |
|    spec_syn_time    | 2.081  |
|       syn_time      | 1.030  |
|         rps         | 0.794  |
+---------------------+--------+


wrong_1_101.py
success_wo_mut
+---------------------+-------+
|        Metric       | Value |
+---------------------+-------+
|         time        | 2.423 |
| ol_refactoring_time | 1.899 |
|       gcr_time      | 0.188 |
|       mut_time      | 0.000 |
|     vn_map_time     | 0.056 |
|    spec_syn_time    | 0.262 |
|       syn_time      | 0.045 |
|         rps         | 0.200 |
+---------------------+-------+


wrong_1_290.py
success_wo_mut
+---------------------+-------+
|        Metric       | Value |
+---------------------+-------+
|         time        | 2.583 |
| ol_refactoring_time | 1.205 |
|       gcr_time      | 0.600 |
|       mut_time      | 0.000 |
|     vn_map_time     | 0.037 |
|    spec_syn_time    | 0.729 |
|       syn_time      | 0.260 |
|         rps         | 0.348 |
+---------------------+-------+


wrong_1_041.py
success_wo_mut
+---------------------+-------+
|        Metric       | Value |
+---------------------+-------+
|         time        | 2.664 |
| ol_refactoring_time | 1.170 |
|       gcr_time      | 0.439 |
|       mut_time      | 0.000 |
|     vn_map_time     | 0.041 |
|    spec_syn_time    | 1.000 |
|       syn_time      | 0.416 |
|         rps         | 0.442 |
+---------------------+-------+


wrong_1_263.py
success_wo_mut
+---------------------+-------+
|        Metric       | Value |
+---------------------+-------+
|         time        | 7.241 |
| ol_refactoring_time | 1.236 |
|       gcr_time      | 0.197 |
|       mut_time      | 0.000 |
|     vn_map_time     | 0.062 |
|    spec_syn_time    | 5.729 |
|       syn_time      | 3.948 |
|         rps         | 0.684 |
+---------------------+-------+


wrong_1_323.py
success_wo_mut
+---------------------+-------+
|        Metric       | Value |
+---------------------+-------+
|         time        | 1.967 |
| ol_refactoring_time | 1.276 |
|       gcr_time      | 0.002 |
|       mut_time      | 0.000 |
|     vn_map_time     | 0.065 |
|    spec_syn_time    | 0.610 |
|       syn_time      | 0.367 |
|         rps         | 0.205 |
+---------------------+-------+


wrong_1_232.py
success_wo_mut
+---------------------+-------+
|        Metric       | Value |
+---------------------+-------+
|         time        | 2.025 |
| ol_refactoring_time | 1.242 |
|       gcr_time      | 0.551 |
|       mut_time      | 0.000 |
|     vn_map_time     | 0.042 |
|    spec_syn_time    | 0.173 |
|       syn_time      | 0.035 |
|         rps         | 0.014 |
+---------------------+-------+


wrong_1_372.py
structure mutation
success_w_mut
+---------------------+--------+
|        Metric       | Value  |
+---------------------+--------+
|         time        | 22.043 |
| ol_refactoring_time | 17.040 |
|       gcr_time      | 2.576  |
|       mut_time      | 0.000  |
|     vn_map_time     | 0.114  |
|    spec_syn_time    | 2.278  |
|       syn_time      | 1.140  |
|         rps         | 0.832  |
+---------------------+--------+



Summary for question_1 (sampling_rate = 100%, exp_idx = 0)
+-----------------+-------+
|      Metric     | Value |
+-----------------+-------+
|     rep_rate    | 0.984 |
| rep_rate_wo_mut | 0.849 |
|    time_cost    | 4.862 |
|       rps       | 0.390 |
+-----------------+-------+

fail_list
wrong_1_405.py
wrong_1_434.py
wrong_1_496.py
wrong_1_491.py
wrong_1_490.py
wrong_1_213.py
wrong_1_054.py
wrong_1_478.py
wrong_1_051.py
